<html>
<body>
<pre>
<h1>µVision Build Log</h1>
<h2>Tool Versions:</h2>
IDE-Version: µVision V5.20.0.0
Copyright (C) 2016 ARM Ltd and ARM Germany GmbH. All rights reserved.
License Information: Andrea Vivani, **, LIC=UJWSB-2ZS0J-UH08H-WGXFG-QR67R-4QXXJ
 
Tool Versions:
Toolchain:       MDK-ARM Plus  Version: 5.20
Toolchain Path:  C:\Keil_v5\ARM\ARMCC\Bin
C Compiler:      Armcc.exe V5.06 update 2 (build 183)
Assembler:       Armasm.exe V5.06 update 2 (build 183)
Linker/Locator:  ArmLink.exe V5.06 update 2 (build 183)
Library Manager: ArmAr.exe V5.06 update 2 (build 183)
Hex Converter:   FromElf.exe V5.06 update 2 (build 183)
CPU DLL:         SARMCM3.DLL V5.20
Dialog DLL:      DARMSTM.DLL V1.66.0.0
Target DLL:      STLink\ST-LINKIII-KEIL_SWO.dll V2.0.18.0
Dialog DLL:      TARMSTM.DLL V1.65.0.0
 
<h2>Project:</h2>
\\psf\Home\GitHub\Crazepony-Remote-Enhanced\Remote Enhanced.uvprojx
Project File Date:  07/09/2016

<h2>Output:</h2>
*** Using Compiler 'V5.06 update 2 (build 183)', folder: 'C:\Keil_v5\ARM\ARMCC\Bin'
Rebuild target 'Remote Enhanced'
compiling core_cm3.c...
compiling system_stm32f10x.c...
assembling startup_stm32f10x_md.s...
compiling Init_Config.c...
compiling delay.c...
compiling stmflash.c...
compiling UART1.c...
compiling ADC.c...
compiling NRF24.c...
compiling Interrupt_Config.c...
compiling main.c...
compiling stm32f10x_it.c...
compiling ConfigTable.c...
compiling misc.c...
compiling stm32f10x_gpio.c...
compiling stm32f10x_rcc.c...
compiling stm32f10x_tim.c...
compiling stm32f10x_usart.c...
compiling stm32f10x_spi.c...
compiling stm32f10x_pwr.c...
compiling stm32f10x_exti.c...
compiling stm32f10x_adc.c...
compiling stm32f10x_flash.c...
compiling Control.c...
compiling CommUAV.c...
compiling Filt.c...
linking...
Program Size: Code=24474 RO-data=486 RW-data=140 ZI-data=2748  
FromELF: creating hex file...
".\Output\remote.axf" - 0 Error(s), 0 Warning(s).

<h2>Collection of Component include folders:</h2>
  \\psf\Home\GitHub\Crazepony-Remote-Enhanced\RTE
  C:\Keil_v5\ARM\PACK\Keil\STM32F1xx_DFP\2.1.0\Device\Include

<h2>Collection of Component Files used:</h2>
Build Time Elapsed:  00:00:25
</pre>
</body>
</html>
