<html>
<body>
<pre>
<h1>µVision Build Log</h1>
<h2>Project:</h2>
C:\Users\Andre\Downloads\Crazepony Remote Enhanced\Remote.uvproj
Project File Date:  06/15/2016

<h2>Output:</h2>
Build target 'Remote Enhanced'
compiling core_cm3.c...
compiling system_stm32f10x.c...
assembling startup_stm32f10x_md.s...
compiling delay.c...
compiling Led.c...
compiling Tim.c...
compiling stmflash.c...
compiling UART1.c...
compiling adc.c...
compiling Key.c...
compiling SPI.c...
compiling NRF24.c...
compiling main.c...
compiling stm32f10x_it.c...
compiling Sys_Fun.c...
compiling ConfigTable.c...
compiling misc.c...
compiling stm32f10x_gpio.c...
compiling stm32f10x_rcc.c...
compiling stm32f10x_tim.c...
compiling stm32f10x_usart.c...
compiling stm32f10x_i2c.c...
compiling stm32f10x_spi.c...
compiling stm32f10x_pwr.c...
compiling stm32f10x_exti.c...
compiling Control.c...
compiling CommUAV.c...
compiling Filt.c...
linking...
Program Size: Code=19878 RO-data=310 RW-data=148 ZI-data=3036  
FromELF: creating hex file...
".\Output\remote.axf" - 0 Error(s), 0 Warning(s).
</pre>
</body>
</html>
