Component: ARM Compiler 5.06 update 2 (build 183) Tool: armlink [4d35b7]

==============================================================================

Section Cross References

    system_stm32f10x.o(.text) refers to system_stm32f10x.o(.data) for .data
    startup_stm32f10x_md.o(STACK) refers (Special) to heapauxi.o(.text) for __use_two_region_memory
    startup_stm32f10x_md.o(HEAP) refers (Special) to heapauxi.o(.text) for __use_two_region_memory
    startup_stm32f10x_md.o(RESET) refers (Special) to heapauxi.o(.text) for __use_two_region_memory
    startup_stm32f10x_md.o(RESET) refers to startup_stm32f10x_md.o(STACK) for __initial_sp
    startup_stm32f10x_md.o(RESET) refers to startup_stm32f10x_md.o(.text) for Reset_Handler
    startup_stm32f10x_md.o(RESET) refers to stm32f10x_it.o(.text) for NMI_Handler
    startup_stm32f10x_md.o(RESET) refers to interrupt_config.o(.text) for EXTI1_IRQHandler
    startup_stm32f10x_md.o(.text) refers (Special) to heapauxi.o(.text) for __use_two_region_memory
    startup_stm32f10x_md.o(.text) refers to system_stm32f10x.o(.text) for SystemInit
    startup_stm32f10x_md.o(.text) refers to __main.o(!!!main) for __main
    startup_stm32f10x_md.o(.text) refers to startup_stm32f10x_md.o(HEAP) for Heap_Mem
    startup_stm32f10x_md.o(.text) refers to startup_stm32f10x_md.o(STACK) for Stack_Mem
    init_config.o(.text) refers to stm32f10x_gpio.o(.text) for GPIO_Init
    init_config.o(.text) refers to stm32f10x_flash.o(.text) for FLASH_PrefetchBufferCmd
    init_config.o(.text) refers to stm32f10x_rcc.o(.text) for RCC_HSEConfig
    init_config.o(.text) refers to stm32f10x_adc.o(.text) for ADC_Init
    init_config.o(.text) refers to stm32f10x_tim.o(.text) for TIM_DeInit
    init_config.o(.text) refers to stm32f10x_spi.o(.text) for SPI_Init
    init_config.o(.text) refers to stm32f10x_exti.o(.text) for EXTI_Init
    init_config.o(.text) refers to stm32f10x_usart.o(.text) for USART_Init
    init_config.o(.text) refers to misc.o(.text) for NVIC_PriorityGroupConfig
    init_config.o(.text) refers to init_config.o(.data) for .data
    init_config.o(.text) refers to stm32f10x_it.o(.text) for cycleCounterInit
    init_config.o(.text) refers to system_stm32f10x.o(.data) for SystemCoreClock
    delay.o(.text) refers to stm32f10x_it.o(.text) for micros
    stmflash.o(.text) refers to noretval__2printf.o(.text) for __2printf
    stmflash.o(.text) refers to delay.o(.text) for delay_us
    stmflash.o(.text) refers to stmflash.o(.bss) for .bss
    uart1.o(.text) refers (Special) to use_no_semi_2.o(.text) for __use_no_semihosting
    uart1.o(.data) refers (Special) to use_no_semi_2.o(.text) for __use_no_semihosting
    uart1.o(.data) refers (Special) to use_no_semi_2.o(.text) for __use_no_semihosting
    adc.o(.text) refers to stm32f10x_adc.o(.text) for ADC_SoftwareStartConvCmd
    adc.o(.text) refers to dflt_clz.o(x$fpl$dfltu) for __aeabi_ui2d
    adc.o(.text) refers to dmul.o(x$fpl$dmul) for __aeabi_dmul
    adc.o(.text) refers to d2f.o(x$fpl$d2f) for __aeabi_d2f
    adc.o(.text) refers to f2d.o(x$fpl$f2d) for __aeabi_f2d
    adc.o(.text) refers to daddsub_clz.o(x$fpl$drsb) for __aeabi_drsub
    adc.o(.text) refers to ddiv.o(x$fpl$ddiv) for __aeabi_ddiv
    adc.o(.text) refers to daddsub_clz.o(x$fpl$dadd) for __aeabi_dadd
    adc.o(.text) refers to fmul.o(x$fpl$fmul) for __aeabi_fmul
    adc.o(.text) refers to ffix.o(x$fpl$ffix) for __aeabi_f2iz
    nrf24.o(.text) refers to stm32f10x_spi.o(.text) for SPI_I2S_GetFlagStatus
    nrf24.o(.text) refers to stm32f10x_gpio.o(.text) for GPIO_ResetBits
    nrf24.o(.text) refers to stm32f10x_it.o(.text) for micros
    nrf24.o(.text) refers to configtable.o(.text) for SaveParamsToEEPROM
    nrf24.o(.text) refers to delay.o(.text) for delay_ms
    nrf24.o(.text) refers to nrf24.o(.data) for .data
    nrf24.o(.text) refers to rt_memcpy_w.o(.text) for __aeabi_memcpy4
    nrf24.o(.text) refers to rt_memcpy_v6.o(.text) for __aeabi_memcpy
    nrf24.o(.text) refers to llshl.o(.text) for __aeabi_llsl
    interrupt_config.o(.text) refers to _printf_percent.o(.ARM.Collect$$_printf_percent$$00000000) for _printf_percent
    interrupt_config.o(.text) refers to _printf_d.o(.ARM.Collect$$_printf_percent$$00000009) for _printf_d
    interrupt_config.o(.text) refers to _printf_dec.o(.text) for _printf_int_dec
    interrupt_config.o(.text) refers to _printf_f.o(.ARM.Collect$$_printf_percent$$00000003) for _printf_f
    interrupt_config.o(.text) refers to printf1.o(x$fpl$printf1) for _printf_fp_dec
    interrupt_config.o(.text) refers to _printf_x.o(.ARM.Collect$$_printf_percent$$0000000C) for _printf_x
    interrupt_config.o(.text) refers to _printf_hex_int.o(.text) for _printf_longlong_hex
    interrupt_config.o(.text) refers to stm32f10x_tim.o(.text) for TIM_GetITStatus
    interrupt_config.o(.text) refers to noretval__2printf.o(.text) for __2printf
[...]
    __lcnum_c_name                           0x08006188   Data           2  lc_numeric_c.o(locale$$data)
    __lcnum_c_start                          0x08006190   Data           0  lc_numeric_c.o(locale$$data)
    __lcnum_c_point                          0x0800619c   Data           0  lc_numeric_c.o(locale$$data)
    __lcnum_c_thousands                      0x0800619e   Data           0  lc_numeric_c.o(locale$$data)
    __lcnum_c_grouping                       0x0800619f   Data           0  lc_numeric_c.o(locale$$data)
    __lcnum_c_end                            0x080061a0   Data           0  lc_numeric_c.o(locale$$data)
    .data                                    0x20000000   Section       20  system_stm32f10x.o(.data)
    .data                                    0x20000014   Section        1  init_config.o(.data)
    .data                                    0x20000018   Section        4  uart1.o(.data)
    .data                                    0x2000001c   Section       18  nrf24.o(.data)
    .data                                    0x2000002e   Section       16  interrupt_config.o(.data)
    .data                                    0x2000003e   Section        1  main.o(.data)
    datasent                                 0x2000003e   Data           1  main.o(.data)
    .data                                    0x20000040   Section        8  stm32f10x_it.o(.data)
    usTicks                                  0x20000040   Data           4  stm32f10x_it.o(.data)
    .data                                    0x20000048   Section       20  stm32f10x_rcc.o(.data)
    ADCPrescTable                            0x20000048   Data           4  stm32f10x_rcc.o(.data)
    APBAHBPrescTable                         0x2000004c   Data          16  stm32f10x_rcc.o(.data)
    .data                                    0x2000005c   Section       22  control.o(.data)
    i                                        0x2000005f   Data           1  control.o(.data)
    lednum                                   0x20000060   Data           1  control.o(.data)
    clibrasumNum                             0x20000061   Data           1  control.o(.data)
    .data                                    0x20000072   Section        1  commuav.o(.data)
    .data                                    0x20000074   Section       20  filt.o(.data)
    .bss                                     0x20000088   Section     1024  stmflash.o(.bss)
    .bss                                     0x20000488   Section       12  configtable.o(.bss)
    .bss                                     0x20000494   Section       32  commuav.o(.bss)
    .bss                                     0x200004b4   Section       48  filt.o(.bss)
    .bss                                     0x200004e4   Section       96  libspace.o(.bss)
    HEAP                                     0x20000548   Section      512  startup_stm32f10x_md.o(HEAP)
    Heap_Mem                                 0x20000548   Data         512  startup_stm32f10x_md.o(HEAP)
    STACK                                    0x20000748   Section     1024  startup_stm32f10x_md.o(STACK)
    Stack_Mem                                0x20000748   Data        1024  startup_stm32f10x_md.o(STACK)
    __initial_sp                             0x20000b48   Data           0  startup_stm32f10x_md.o(STACK)

    Global Symbols

    Symbol Name                              Value     Ov Type        Size  Object(Section)

    BuildAttributes$$THM_ISAv4$P$D$K$B$S$PE$A:L22UL41UL21$X:L11$S22US41US21$IEEE1$IW$USESV6$~STKCKD$USESV7$~SHL$OTIME$ROPI$IEEEJ$EBA8$UX$STANDARDLIB$REQ8$PRES8$EABIv2 0x00000000   Number         0  anon$$obj.o ABSOLUTE
    __ARM_use_no_argv                        0x00000000   Number         0  main.o ABSOLUTE
    __ARM_exceptions_init                     - Undefined Weak Reference
    __alloca_initialize                       - Undefined Weak Reference
    __arm_preinit_                            - Undefined Weak Reference
    __cpp_initialize__aeabi_                  - Undefined Weak Reference
    __cxa_finalize                            - Undefined Weak Reference
    __sigvec_lookup                           - Undefined Weak Reference
    _atexit_init                              - Undefined Weak Reference
    _call_atexit_fns                          - Undefined Weak Reference
    _clock_init                               - Undefined Weak Reference
    _fp_trap_init                             - Undefined Weak Reference
    _fp_trap_shutdown                         - Undefined Weak Reference
    _get_lc_collate                           - Undefined Weak Reference
    _get_lc_ctype                             - Undefined Weak Reference
    _get_lc_monetary                          - Undefined Weak Reference
    _get_lc_time                              - Undefined Weak Reference
    _getenv_init                              - Undefined Weak Reference
    _handle_redirection                       - Undefined Weak Reference
    _init_alloc                               - Undefined Weak Reference
    _init_user_alloc                          - Undefined Weak Reference
    _initio                                   - Undefined Weak Reference
    _mutex_acquire                            - Undefined Weak Reference
    _mutex_release                            - Undefined Weak Reference
    _printf_post_padding                      - Undefined Weak Reference
    _printf_pre_padding                       - Undefined Weak Reference
    _printf_truncate_signed                   - Undefined Weak Reference
    _printf_truncate_unsigned                 - Undefined Weak Reference
    _rand_init                                - Undefined Weak Reference
    _signal_finish                            - Undefined Weak Reference
    _signal_init                              - Undefined Weak Reference
    _terminate_alloc                          - Undefined Weak Reference
    _terminate_user_alloc                     - Undefined Weak Reference
    _terminateio                              - Undefined Weak Reference
    __Vectors_Size                           0x000000ec   Number         0  startup_stm32f10x_md.o ABSOLUTE
    __Vectors                                0x08000000   Data           4  startup_stm32f10x_md.o(RESET)
    __Vectors_End                            0x080000ec   Data           0  startup_stm32f10x_md.o(RESET)
    __main                                   0x080000ed   Thumb Code     8  __main.o(!!!main)
    __scatterload                            0x080000f5   Thumb Code     0  __scatter.o(!!!scatter)
    __scatterload_rt2                        0x080000f5   Thumb Code    44  __scatter.o(!!!scatter)
    __scatterload_rt2_thumb_only             0x080000f5   Thumb Code     0  __scatter.o(!!!scatter)
    __scatterload_null                       0x08000103   Thumb Code     0  __scatter.o(!!!scatter)
    __scatterload_copy                       0x08000129   Thumb Code    26  __scatter_copy.o(!!handler_copy)
    __scatterload_zeroinit                   0x08000145   Thumb Code    28  __scatter_zi.o(!!handler_zi)
    _printf_f                                0x08000161   Thumb Code     0  _printf_f.o(.ARM.Collect$$_printf_percent$$00000003)
    _printf_percent                          0x08000161   Thumb Code     0  _printf_percent.o(.ARM.Collect$$_printf_percent$$00000000)
    _printf_d                                0x08000167   Thumb Code     0  _printf_d.o(.ARM.Collect$$_printf_percent$$00000009)
    _printf_x                                0x0800016d   Thumb Code     0  _printf_x.o(.ARM.Collect$$_printf_percent$$0000000C)
    _printf_percent_end                      0x08000173   Thumb Code     0  _printf_percent_end.o(.ARM.Collect$$_printf_percent$$00000017)
    __rt_lib_init                            0x08000177   Thumb Code     0  libinit.o(.ARM.Collect$$libinit$$00000000)
    __rt_lib_init_fp_1                       0x08000179   Thumb Code     0  libinit2.o(.ARM.Collect$$libinit$$00000002)
    __rt_lib_init_heap_1                     0x08000179   Thumb Code     0  libinit2.o(.ARM.Collect$$libinit$$0000000A)
    __rt_lib_init_lc_common                  0x08000179   Thumb Code     0  libinit2.o(.ARM.Collect$$libinit$$0000000F)
    __rt_lib_init_preinit_1                  0x08000179   Thumb Code     0  libinit2.o(.ARM.Collect$$libinit$$00000004)
    __rt_lib_init_rand_1                     0x08000179   Thumb Code     0  libinit2.o(.ARM.Collect$$libinit$$0000000E)
    __rt_lib_init_user_alloc_1               0x08000179   Thumb Code     0  libinit2.o(.ARM.Collect$$libinit$$0000000C)
    __rt_lib_init_lc_collate_1               0x0800017f   Thumb Code     0  libinit2.o(.ARM.Collect$$libinit$$00000011)
    __rt_lib_init_lc_ctype_1                 0x0800017f   Thumb Code     0  libinit2.o(.ARM.Collect$$libinit$$00000013)
    __rt_lib_init_lc_monetary_1              0x0800017f   Thumb Code     0  libinit2.o(.ARM.Collect$$libinit$$00000015)
    __rt_lib_init_lc_numeric_2               0x0800017f   Thumb Code     0  libinit2.o(.ARM.Collect$$libinit$$00000016)
    __rt_lib_init_alloca_1                   0x08000189   Thumb Code     0  libinit2.o(.ARM.Collect$$libinit$$0000002E)
    __rt_lib_init_argv_1                     0x08000189   Thumb Code     0  libinit2.o(.ARM.Collect$$libinit$$0000002C)
    __rt_lib_init_atexit_1                   0x08000189   Thumb Code     0  libinit2.o(.ARM.Collect$$libinit$$0000001B)
    __rt_lib_init_clock_1                    0x08000189   Thumb Code     0  libinit2.o(.ARM.Collect$$libinit$$00000021)
    __rt_lib_init_cpp_1                      0x08000189   Thumb Code     0  libinit2.o(.ARM.Collect$$libinit$$00000032)
    __rt_lib_init_exceptions_1               0x08000189   Thumb Code     0  libinit2.o(.ARM.Collect$$libinit$$00000030)
    __rt_lib_init_fp_trap_1                  0x08000189   Thumb Code     0  libinit2.o(.ARM.Collect$$libinit$$0000001F)
    __rt_lib_init_getenv_1                   0x08000189   Thumb Code     0  libinit2.o(.ARM.Collect$$libinit$$00000023)
    __rt_lib_init_lc_numeric_1               0x08000189   Thumb Code     0  libinit2.o(.ARM.Collect$$libinit$$00000017)
    __rt_lib_init_lc_time_1                  0x08000189   Thumb Code     0  libinit2.o(.ARM.Collect$$libinit$$00000019)
    __rt_lib_init_return                     0x08000189   Thumb Code     0  libinit2.o(.ARM.Collect$$libinit$$00000033)
    __rt_lib_init_signal_1                   0x08000189   Thumb Code     0  libinit2.o(.ARM.Collect$$libinit$$0000001D)
    __rt_lib_init_stdio_1                    0x08000189   Thumb Code     0  libinit2.o(.ARM.Collect$$libinit$$00000025)
    __rt_lib_shutdown                        0x0800018b   Thumb Code     0  libshutdown.o(.ARM.Collect$$libshutdown$$00000000)
    __rt_lib_shutdown_cpp_1                  0x0800018d   Thumb Code     0  libshutdown2.o(.ARM.Collect$$libshutdown$$00000002)
    __rt_lib_shutdown_fp_trap_1              0x0800018d   Thumb Code     0  libshutdown2.o(.ARM.Collect$$libshutdown$$00000007)
    __rt_lib_shutdown_heap_1                 0x0800018d   Thumb Code     0  libshutdown2.o(.ARM.Collect$$libshutdown$$0000000F)
    __rt_lib_shutdown_return                 0x0800018d   Thumb Code     0  libshutdown2.o(.ARM.Collect$$libshutdown$$00000010)
    __rt_lib_shutdown_signal_1               0x0800018d   Thumb Code     0  libshutdown2.o(.ARM.Collect$$libshutdown$$0000000A)
    __rt_lib_shutdown_stdio_1                0x0800018d   Thumb Code     0  libshutdown2.o(.ARM.Collect$$libshutdown$$00000004)
    __rt_lib_shutdown_user_alloc_1           0x0800018d   Thumb Code     0  libshutdown2.o(.ARM.Collect$$libshutdown$$0000000C)
    __rt_entry                               0x0800018f   Thumb Code     0  __rtentry.o(.ARM.Collect$$rtentry$$00000000)
    __rt_entry_presh_1                       0x0800018f   Thumb Code     0  __rtentry2.o(.ARM.Collect$$rtentry$$00000002)
    __rt_entry_sh                            0x0800018f   Thumb Code     0  __rtentry4.o(.ARM.Collect$$rtentry$$00000004)
    __rt_entry_li                            0x08000195   Thumb Code     0  __rtentry2.o(.ARM.Collect$$rtentry$$0000000A)
    __rt_entry_postsh_1                      0x08000195   Thumb Code     0  __rtentry2.o(.ARM.Collect$$rtentry$$00000009)
    __rt_entry_main                          0x08000199   Thumb Code     0  __rtentry2.o(.ARM.Collect$$rtentry$$0000000D)
    __rt_entry_postli_1                      0x08000199   Thumb Code     0  __rtentry2.o(.ARM.Collect$$rtentry$$0000000C)
    __rt_exit                                0x080001a1   Thumb Code     0  rtexit.o(.ARM.Collect$$rtexit$$00000000)
    __rt_exit_ls                             0x080001a3   Thumb Code     0  rtexit2.o(.ARM.Collect$$rtexit$$00000003)
    __rt_exit_prels_1                        0x080001a3   Thumb Code     0  rtexit2.o(.ARM.Collect$$rtexit$$00000002)
    __rt_exit_exit                           0x080001a7   Thumb Code     0  rtexit2.o(.ARM.Collect$$rtexit$$00000004)
    SystemInit                               0x08000249   Thumb Code    64  system_stm32f10x.o(.text)
    SystemCoreClockUpdate                    0x08000289   Thumb Code    84  system_stm32f10x.o(.text)
    Reset_Handler                            0x080002fd   Thumb Code     8  startup_stm32f10x_md.o(.text)
    ADC1_2_IRQHandler                        0x08000317   Thumb Code     0  startup_stm32f10x_md.o(.text)
    CAN1_RX1_IRQHandler                      0x08000317   Thumb Code     0  startup_stm32f10x_md.o(.text)
    CAN1_SCE_IRQHandler                      0x08000317   Thumb Code     0  startup_stm32f10x_md.o(.text)
    DMA1_Channel1_IRQHandler                 0x08000317   Thumb Code     0  startup_stm32f10x_md.o(.text)
    DMA1_Channel2_IRQHandler                 0x08000317   Thumb Code     0  startup_stm32f10x_md.o(.text)
    DMA1_Channel3_IRQHandler                 0x08000317   Thumb Code     0  startup_stm32f10x_md.o(.text)
    DMA1_Channel4_IRQHandler                 0x08000317   Thumb Code     0  startup_stm32f10x_md.o(.text)
    DMA1_Channel5_IRQHandler                 0x08000317   Thumb Code     0  startup_stm32f10x_md.o(.text)
    DMA1_Channel6_IRQHandler                 0x08000317   Thumb Code     0  startup_stm32f10x_md.o(.text)
    DMA1_Channel7_IRQHandler                 0x08000317   Thumb Code     0  startup_stm32f10x_md.o(.text)
    EXTI0_IRQHandler                         0x08000317   Thumb Code     0  startup_stm32f10x_md.o(.text)
    EXTI15_10_IRQHandler                     0x08000317   Thumb Code     0  startup_stm32f10x_md.o(.text)
    EXTI2_IRQHandler                         0x08000317   Thumb Code     0  startup_stm32f10x_md.o(.text)
    EXTI4_IRQHandler                         0x08000317   Thumb Code     0  startup_stm32f10x_md.o(.text)
    FLASH_IRQHandler                         0x08000317   Thumb Code     0  startup_stm32f10x_md.o(.text)
    I2C1_ER_IRQHandler                       0x08000317   Thumb Code     0  startup_stm32f10x_md.o(.text)
    I2C1_EV_IRQHandler                       0x08000317   Thumb Code     0  startup_stm32f10x_md.o(.text)
    I2C2_ER_IRQHandler                       0x08000317   Thumb Code     0  startup_stm32f10x_md.o(.text)
    I2C2_EV_IRQHandler                       0x08000317   Thumb Code     0  startup_stm32f10x_md.o(.text)
    PVD_IRQHandler                           0x08000317   Thumb Code     0  startup_stm32f10x_md.o(.text)
    RCC_IRQHandler                           0x08000317   Thumb Code     0  startup_stm32f10x_md.o(.text)
    RTCAlarm_IRQHandler                      0x08000317   Thumb Code     0  startup_stm32f10x_md.o(.text)
    RTC_IRQHandler                           0x08000317   Thumb Code     0  startup_stm32f10x_md.o(.text)
    SPI1_IRQHandler                          0x08000317   Thumb Code     0  startup_stm32f10x_md.o(.text)
    SPI2_IRQHandler                          0x08000317   Thumb Code     0  startup_stm32f10x_md.o(.text)
    TAMPER_IRQHandler                        0x08000317   Thumb Code     0  startup_stm32f10x_md.o(.text)
    TIM1_BRK_IRQHandler                      0x08000317   Thumb Code     0  startup_stm32f10x_md.o(.text)
    TIM1_CC_IRQHandler                       0x08000317   Thumb Code     0  startup_stm32f10x_md.o(.text)
    TIM1_TRG_COM_IRQHandler                  0x08000317   Thumb Code     0  startup_stm32f10x_md.o(.text)
    TIM1_UP_IRQHandler                       0x08000317   Thumb Code     0  startup_stm32f10x_md.o(.text)
    TIM2_IRQHandler                          0x08000317   Thumb Code     0  startup_stm32f10x_md.o(.text)
    USART1_IRQHandler                        0x08000317   Thumb Code     0  startup_stm32f10x_md.o(.text)
    USART2_IRQHandler                        0x08000317   Thumb Code     0  startup_stm32f10x_md.o(.text)
    USART3_IRQHandler                        0x08000317   Thumb Code     0  startup_stm32f10x_md.o(.text)
    USBWakeUp_IRQHandler                     0x08000317   Thumb Code     0  startup_stm32f10x_md.o(.text)
    USB_HP_CAN1_TX_IRQHandler                0x08000317   Thumb Code     0  startup_stm32f10x_md.o(.text)
    USB_LP_CAN1_RX0_IRQHandler               0x08000317   Thumb Code     0  startup_stm32f10x_md.o(.text)
    WWDG_IRQHandler                          0x08000317   Thumb Code     0  startup_stm32f10x_md.o(.text)
    __user_initial_stackheap                 0x08000319   Thumb Code     0  startup_stm32f10x_md.o(.text)
    GPIO_Initialize                          0x0800033d   Thumb Code   306  init_config.o(.text)
    RCC_Initialize                           0x0800046f   Thumb Code   178  init_config.o(.text)
    ADC_Initialize                           0x08000521   Thumb Code   162  init_config.o(.text)
    TIM_Initialize                           0x080005c3   Thumb Code   154  init_config.o(.text)
    SPI_Initialize                           0x0800065d   Thumb Code    74  init_config.o(.text)
    EXTI_Initialize                          0x080006a7   Thumb Code    76  init_config.o(.text)
    USART_Initialize                         0x080006f3   Thumb Code    60  init_config.o(.text)
    NVIC_Initialize                          0x0800072f   Thumb Code   182  init_config.o(.text)
    HardwareInit                             0x080007e5   Thumb Code    90  init_config.o(.text)
    delay_ms                                 0x08000849   Thumb Code    34  delay.o(.text)
    delay_us                                 0x0800086b   Thumb Code    22  delay.o(.text)
    STMFLASH_Unlock                          0x08000881   Thumb Code    16  stmflash.o(.text)
    STMFLASH_Lock                            0x08000891   Thumb Code    12  stmflash.o(.text)
    STMFLASH_GetStatus                       0x0800089d   Thumb Code    32  stmflash.o(.text)
    STMFLASH_WaitDone                        0x080008bd   Thumb Code    36  stmflash.o(.text)
    STMFLASH_ErasePage                       0x080008e1   Thumb Code    58  stmflash.o(.text)
    STMFLASH_WriteHalfWord                   0x0800091b   Thumb Code    48  stmflash.o(.text)
    STMFLASH_ReadHalfWord                    0x0800094b   Thumb Code     4  stmflash.o(.text)
    STMFLASH_Write_NoCheck                   0x0800094f   Thumb Code    38  stmflash.o(.text)
    STMFLASH_Read                            0x08000975   Thumb Code    26  stmflash.o(.text)
    STMFLASH_Write                           0x0800098f   Thumb Code   190  stmflash.o(.text)
    Test_Write                               0x08000a4d   Thumb Code    12  stmflash.o(.text)
    fputc                                    0x08000a85   Thumb Code    20  uart1.o(.text)
    fgetc                                    0x08000a99   Thumb Code    20  uart1.o(.text)
    _ttywrch                                 0x08000aad   Thumb Code    20  uart1.o(.text)
    _sys_exit                                0x08000ac1   Thumb Code     2  uart1.o(.text)
    Get_Adc                                  0x08000ac9   Thumb Code    46  adc.o(.text)
    Get_Adc_Average                          0x08000af7   Thumb Code    40  adc.o(.text)
    Get_Temp                                 0x08000b1f   Thumb Code    74  adc.o(.text)
    GetBattVolt                              0x08000b69   Thumb Code    32  adc.o(.text)
    GetBattVal                               0x08000b89   Thumb Code    70  adc.o(.text)
    SPI_RW                                   0x08000c05   Thumb Code    48  nrf24.o(.text)
    NRF24_readRegister                       0x08000c35   Thumb Code    42  nrf24.o(.text)
    NRF24_readMultRegister                   0x08000c5f   Thumb Code    58  nrf24.o(.text)
    NRF24_writeRegister                      0x08000c99   Thumb Code    46  nrf24.o(.text)
    NRF24_writeMultRegister                  0x08000cc7   Thumb Code    56  nrf24.o(.text)
    NRF24_sendCMD                            0x08000cff   Thumb Code    34  nrf24.o(.text)
    NRF24_write_payload                      0x08000d21   Thumb Code    98  nrf24.o(.text)
    NRF24_read_payload                       0x08000d83   Thumb Code    94  nrf24.o(.text)
    NRF24_RandTXAddr                         0x08000de1   Thumb Code    20  nrf24.o(.text)
    NRF24_init                               0x08000df5   Thumb Code    40  nrf24.o(.text)
    NRF24_turnOnRadio                        0x08000e1d   Thumb Code    34  nrf24.o(.text)
    NRF24_flushTXBuffer                      0x08000e3f   Thumb Code     4  nrf24.o(.text)
    NRF24_flushRXBuffer                      0x08000e43   Thumb Code     4  nrf24.o(.text)
    NRF24_getDataRate                        0x08000e47   Thumb Code    32  nrf24.o(.text)
    NRF24_getChannel                         0x08000e67   Thumb Code     4  nrf24.o(.text)
    NRF24_setDataRate                        0x08000e6b   Thumb Code    76  nrf24.o(.text)
    NRF24_setPAPower                         0x08000eb7   Thumb Code    34  nrf24.o(.text)
    NRF24_setCRCLength                       0x08000ed9   Thumb Code    38  nrf24.o(.text)
    NRF24_config                             0x08000eff   Thumb Code   274  nrf24.o(.text)
    NRF24_setAutoAck                         0x08001011   Thumb Code    42  nrf24.o(.text)
    NRF24_available                          0x0800103b   Thumb Code    16  nrf24.o(.text)
    NRF24_pipeAvailable                      0x0800104b   Thumb Code    14  nrf24.o(.text)
    NRF24_turnOffRadio                       0x08001059   Thumb Code    30  nrf24.o(.text)
    NRF24_getStatus                          0x08001077   Thumb Code     4  nrf24.o(.text)
    NRF24_maskIRQ                            0x0800107b   Thumb Code    36  nrf24.o(.text)
    NRF24_getDynamicPayloadLength            0x0800109f   Thumb Code    28  nrf24.o(.text)
    NRF24_getCRCLength                       0x080010bb   Thumb Code    42  nrf24.o(.text)
    NRF24_checkRPD                           0x080010e5   Thumb Code    14  nrf24.o(.text)
    NRF24_reUseTX                            0x080010f3   Thumb Code    42  nrf24.o(.text)
    NRF24_getPAPower                         0x0800111d   Thumb Code    14  nrf24.o(.text)
    NRF24_enableAckPayload                   0x0800112b   Thumb Code    42  nrf24.o(.text)
    NRF24_enableDynamicAck                   0x08001155   Thumb Code    20  nrf24.o(.text)
    NRF24_whatHappened                       0x08001169   Thumb Code    40  nrf24.o(.text)
    NRF24_startTransmitter                   0x08001191   Thumb Code    96  nrf24.o(.text)
    NRF24_closeReadingPipe                   0x080011f1   Thumb Code    26  nrf24.o(.text)
    NRF24_startReceiver                      0x0800120b   Thumb Code   126  nrf24.o(.text)
    NRF24_openWritingPipe                    0x08001289   Thumb Code    28  nrf24.o(.text)
    NRF24_reopenWritingPipe                  0x080012a5   Thumb Code    12  nrf24.o(.text)
    NRF24_openReadingPipe                    0x080012b1   Thumb Code   114  nrf24.o(.text)
    NRF24_read                               0x08001323   Thumb Code    16  nrf24.o(.text)
    NRF24_writeAckPayload                    0x08001333   Thumb Code    64  nrf24.o(.text)
    NRF24_directWrite                        0x08001373   Thumb Code    36  nrf24.o(.text)
    NRF24_write                              0x08001397   Thumb Code   138  nrf24.o(.text)
    NRF24_safeWrite                          0x08001421   Thumb Code   208  nrf24.o(.text)
    NRF24_TXStandby                          0x080014f1   Thumb Code   120  nrf24.o(.text)
    NRF24_RXMatch                            0x08001569   Thumb Code   150  nrf24.o(.text)
    TIM4_IRQHandler                          0x08001605   Thumb Code   100  interrupt_config.o(.text)
    TIM3_IRQHandler                          0x08001669   Thumb Code   116  interrupt_config.o(.text)
    EXTI1_IRQHandler                         0x080016dd   Thumb Code    34  interrupt_config.o(.text)
    EXTI3_IRQHandler                         0x080016ff   Thumb Code    30  interrupt_config.o(.text)
    EXTI9_5_IRQHandler                       0x0800171d   Thumb Code    34  interrupt_config.o(.text)
    main                                     0x08001819   Thumb Code   198  main.o(.text)
    NMI_Handler                              0x080018f9   Thumb Code     2  stm32f10x_it.o(.text)
    HardFault_Handler                        0x080018fb   Thumb Code     2  stm32f10x_it.o(.text)
    MemManage_Handler                        0x080018fd   Thumb Code     2  stm32f10x_it.o(.text)
    BusFault_Handler                         0x080018ff   Thumb Code     2  stm32f10x_it.o(.text)
    UsageFault_Handler                       0x08001901   Thumb Code     2  stm32f10x_it.o(.text)
    SVC_Handler                              0x08001903   Thumb Code     2  stm32f10x_it.o(.text)
    DebugMon_Handler                         0x08001905   Thumb Code     2  stm32f10x_it.o(.text)
    PendSV_Handler                           0x08001907   Thumb Code     2  stm32f10x_it.o(.text)
    cycleCounterInit                         0x08001909   Thumb Code    26  stm32f10x_it.o(.text)
    SysTick_Handler                          0x08001923   Thumb Code    10  stm32f10x_it.o(.text)
    micros                                   0x0800192d   Thumb Code    52  stm32f10x_it.o(.text)
    DelayMs                                  0x08001961   Thumb Code    34  stm32f10x_it.o(.text)
    millis                                   0x08001983   Thumb Code     6  stm32f10x_it.o(.text)
    TableResetDefault                        0x08001991   Thumb Code    10  configtable.o(.text)
    TableReadEEPROM                          0x0800199b   Thumb Code    10  configtable.o(.text)
    TableWriteEEPROM                         0x080019a5   Thumb Code    10  configtable.o(.text)
    TableToParam                             0x080019af   Thumb Code    34  configtable.o(.text)
    ParamToTable                             0x080019d1   Thumb Code    38  configtable.o(.text)
    ParamSetDefault                          0x080019f7   Thumb Code    24  configtable.o(.text)
    LoadParamsFromEEPROM                     0x08001a0f   Thumb Code    48  configtable.o(.text)
    SaveParamsToEEPROM                       0x08001a3f   Thumb Code    12  configtable.o(.text)
    NVIC_PriorityGroupConfig                 0x08001a69   Thumb Code    10  misc.o(.text)
    NVIC_Init                                0x08001a73   Thumb Code    94  misc.o(.text)
    NVIC_SetVectorTable                      0x08001ad1   Thumb Code    14  misc.o(.text)
    NVIC_SystemLPConfig                      0x08001adf   Thumb Code    20  misc.o(.text)
    SysTick_CLKSourceConfig                  0x08001af3   Thumb Code    24  misc.o(.text)
    GPIO_DeInit                              0x08001b19   Thumb Code   152  stm32f10x_gpio.o(.text)
    GPIO_AFIODeInit                          0x08001bb1   Thumb Code    22  stm32f10x_gpio.o(.text)
    GPIO_Init                                0x08001bc7   Thumb Code   164  stm32f10x_gpio.o(.text)
    GPIO_StructInit                          0x08001c6b   Thumb Code    16  stm32f10x_gpio.o(.text)
    GPIO_ReadInputDataBit                    0x08001c7b   Thumb Code    14  stm32f10x_gpio.o(.text)
    GPIO_ReadInputData                       0x08001c89   Thumb Code     6  stm32f10x_gpio.o(.text)
    GPIO_ReadOutputDataBit                   0x08001c8f   Thumb Code    14  stm32f10x_gpio.o(.text)
    GPIO_ReadOutputData                      0x08001c9d   Thumb Code     6  stm32f10x_gpio.o(.text)
    GPIO_SetBits                             0x08001ca3   Thumb Code     4  stm32f10x_gpio.o(.text)
    GPIO_ResetBits                           0x08001ca7   Thumb Code     4  stm32f10x_gpio.o(.text)
    GPIO_WriteBit                            0x08001cab   Thumb Code    10  stm32f10x_gpio.o(.text)
    GPIO_Write                               0x08001cb5   Thumb Code     4  stm32f10x_gpio.o(.text)
    GPIO_PinLockConfig                       0x08001cb9   Thumb Code    16  stm32f10x_gpio.o(.text)
    GPIO_EventOutputConfig                   0x08001cc9   Thumb Code    22  stm32f10x_gpio.o(.text)
    GPIO_EventOutputCmd                      0x08001cdf   Thumb Code     6  stm32f10x_gpio.o(.text)
    GPIO_PinRemapConfig                      0x08001ce5   Thumb Code    82  stm32f10x_gpio.o(.text)
    GPIO_EXTILineConfig                      0x08001d37   Thumb Code    34  stm32f10x_gpio.o(.text)
    GPIO_ETH_MediaInterfaceConfig            0x08001d59   Thumb Code     8  stm32f10x_gpio.o(.text)
    RCC_DeInit                               0x08001d85   Thumb Code    50  stm32f10x_rcc.o(.text)
    RCC_HSEConfig                            0x08001db7   Thumb Code    48  stm32f10x_rcc.o(.text)
    RCC_GetFlagStatus                        0x08001de7   Thumb Code    42  stm32f10x_rcc.o(.text)
    RCC_WaitForHSEStartUp                    0x08001e11   Thumb Code    44  stm32f10x_rcc.o(.text)
    RCC_AdjustHSICalibrationValue            0x08001e3d   Thumb Code    16  stm32f10x_rcc.o(.text)
    RCC_HSICmd                               0x08001e4d   Thumb Code     6  stm32f10x_rcc.o(.text)
    RCC_PLLConfig                            0x08001e53   Thumb Code    16  stm32f10x_rcc.o(.text)
    RCC_PLLCmd                               0x08001e63   Thumb Code     6  stm32f10x_rcc.o(.text)
    RCC_SYSCLKConfig                         0x08001e69   Thumb Code    14  stm32f10x_rcc.o(.text)
    RCC_GetSYSCLKSource                      0x08001e77   Thumb Code    10  stm32f10x_rcc.o(.text)
    RCC_HCLKConfig                           0x08001e81   Thumb Code    14  stm32f10x_rcc.o(.text)
    RCC_PCLK1Config                          0x08001e8f   Thumb Code    14  stm32f10x_rcc.o(.text)
    RCC_PCLK2Config                          0x08001e9d   Thumb Code    16  stm32f10x_rcc.o(.text)
    RCC_ITConfig                             0x08001ead   Thumb Code    18  stm32f10x_rcc.o(.text)
    RCC_USBCLKConfig                         0x08001ebf   Thumb Code     8  stm32f10x_rcc.o(.text)
    RCC_ADCCLKConfig                         0x08001ec7   Thumb Code    14  stm32f10x_rcc.o(.text)
    RCC_LSEConfig                            0x08001ed5   Thumb Code    28  stm32f10x_rcc.o(.text)
    RCC_LSICmd                               0x08001ef1   Thumb Code     6  stm32f10x_rcc.o(.text)
    RCC_RTCCLKConfig                         0x08001ef7   Thumb Code    10  stm32f10x_rcc.o(.text)
    RCC_RTCCLKCmd                            0x08001f01   Thumb Code     8  stm32f10x_rcc.o(.text)
    RCC_GetClocksFreq                        0x08001f09   Thumb Code   128  stm32f10x_rcc.o(.text)
    RCC_AHBPeriphClockCmd                    0x08001f89   Thumb Code    18  stm32f10x_rcc.o(.text)
    RCC_APB2PeriphClockCmd                   0x08001f9b   Thumb Code    18  stm32f10x_rcc.o(.text)
    RCC_APB1PeriphClockCmd                   0x08001fad   Thumb Code    18  stm32f10x_rcc.o(.text)
    RCC_APB2PeriphResetCmd                   0x08001fbf   Thumb Code    18  stm32f10x_rcc.o(.text)
    RCC_APB1PeriphResetCmd                   0x08001fd1   Thumb Code    18  stm32f10x_rcc.o(.text)
    RCC_BackupResetCmd                       0x08001fe3   Thumb Code     8  stm32f10x_rcc.o(.text)
    RCC_ClockSecuritySystemCmd               0x08001feb   Thumb Code     6  stm32f10x_rcc.o(.text)
    RCC_MCOConfig                            0x08001ff1   Thumb Code     6  stm32f10x_rcc.o(.text)
    RCC_ClearFlag                            0x08001ff7   Thumb Code    12  stm32f10x_rcc.o(.text)
    RCC_GetITStatus                          0x08002003   Thumb Code    16  stm32f10x_rcc.o(.text)
    RCC_ClearITPendingBit                    0x08002013   Thumb Code     6  stm32f10x_rcc.o(.text)
    TIM_DeInit                               0x08002039   Thumb Code   304  stm32f10x_tim.o(.text)
    TIM_TimeBaseInit                         0x08002169   Thumb Code   114  stm32f10x_tim.o(.text)
    TIM_OC1Init                              0x080021db   Thumb Code   106  stm32f10x_tim.o(.text)
    TIM_OC2Init                              0x08002245   Thumb Code   120  stm32f10x_tim.o(.text)
    TIM_OC3Init                              0x080022bd   Thumb Code   116  stm32f10x_tim.o(.text)
    TIM_OC4Init                              0x08002331   Thumb Code    90  stm32f10x_tim.o(.text)
    TIM_SetIC4Prescaler                      0x0800238b   Thumb Code    24  stm32f10x_tim.o(.text)
    TIM_SetIC3Prescaler                      0x080023a3   Thumb Code    16  stm32f10x_tim.o(.text)
    TIM_SetIC2Prescaler                      0x080023b3   Thumb Code    24  stm32f10x_tim.o(.text)
    TIM_SetIC1Prescaler                      0x08002471   Thumb Code    16  stm32f10x_tim.o(.text)
    TIM_ICInit                               0x080024d9   Thumb Code   272  stm32f10x_tim.o(.text)
    TIM_PWMIConfig                           0x080025e9   Thumb Code   104  stm32f10x_tim.o(.text)
    TIM_BDTRConfig                           0x08002651   Thumb Code    34  stm32f10x_tim.o(.text)
    TIM_TimeBaseStructInit                   0x08002673   Thumb Code    18  stm32f10x_tim.o(.text)
    TIM_OCStructInit                         0x08002685   Thumb Code    20  stm32f10x_tim.o(.text)
    TIM_ICStructInit                         0x08002699   Thumb Code    16  stm32f10x_tim.o(.text)
    TIM_BDTRStructInit                       0x080026a9   Thumb Code    18  stm32f10x_tim.o(.text)
    TIM_Cmd                                  0x080026bb   Thumb Code    20  stm32f10x_tim.o(.text)
    TIM_CtrlPWMOutputs                       0x080026cf   Thumb Code    22  stm32f10x_tim.o(.text)
    TIM_ITConfig                             0x080026e5   Thumb Code    16  stm32f10x_tim.o(.text)
    TIM_GenerateEvent                        0x080026f5   Thumb Code     4  stm32f10x_tim.o(.text)
    TIM_DMAConfig                            0x080026f9   Thumb Code     8  stm32f10x_tim.o(.text)
    TIM_DMACmd                               0x08002701   Thumb Code    16  stm32f10x_tim.o(.text)
    TIM_InternalClockConfig                  0x08002711   Thumb Code    10  stm32f10x_tim.o(.text)
    TIM_SelectInputTrigger                   0x0800271b   Thumb Code    12  stm32f10x_tim.o(.text)
    TIM_ITRxExternalClockConfig              0x08002727   Thumb Code    18  stm32f10x_tim.o(.text)
    TIM_TIxExternalClockConfig               0x08002739   Thumb Code    46  stm32f10x_tim.o(.text)
    TIM_ETRConfig                            0x08002767   Thumb Code    24  stm32f10x_tim.o(.text)
    TIM_ETRClockMode1Config                  0x0800277f   Thumb Code    18  stm32f10x_tim.o(.text)
    TIM_ETRClockMode2Config                  0x08002791   Thumb Code    18  stm32f10x_tim.o(.text)
    TIM_PrescalerConfig                      0x080027a3   Thumb Code     6  stm32f10x_tim.o(.text)
    TIM_CounterModeConfig                    0x080027a9   Thumb Code    12  stm32f10x_tim.o(.text)
    TIM_EncoderInterfaceConfig               0x080027b5   Thumb Code    50  stm32f10x_tim.o(.text)
    TIM_ForcedOC1Config                      0x080027e7   Thumb Code    12  stm32f10x_tim.o(.text)
    TIM_ForcedOC2Config                      0x080027f3   Thumb Code    20  stm32f10x_tim.o(.text)
    TIM_ForcedOC3Config                      0x08002807   Thumb Code    12  stm32f10x_tim.o(.text)
    TIM_ForcedOC4Config                      0x08002813   Thumb Code    20  stm32f10x_tim.o(.text)
    TIM_ARRPreloadConfig                     0x08002827   Thumb Code    20  stm32f10x_tim.o(.text)
    TIM_SelectCOM                            0x0800283b   Thumb Code    20  stm32f10x_tim.o(.text)
    TIM_SelectCCDMA                          0x0800284f   Thumb Code    20  stm32f10x_tim.o(.text)
    TIM_CCPreloadControl                     0x08002863   Thumb Code    20  stm32f10x_tim.o(.text)
    TIM_OC1PreloadConfig                     0x08002877   Thumb Code    34  stm32f10x_tim.o(.text)
    TIM_OC2PreloadConfig                     0x08002899   Thumb Code    20  stm32f10x_tim.o(.text)
    TIM_OC3PreloadConfig                     0x080028ad   Thumb Code    12  stm32f10x_tim.o(.text)
    TIM_OC4PreloadConfig                     0x080028b9   Thumb Code    20  stm32f10x_tim.o(.text)
    TIM_OC1FastConfig                        0x080028cd   Thumb Code    12  stm32f10x_tim.o(.text)
    TIM_OC2FastConfig                        0x080028d9   Thumb Code    20  stm32f10x_tim.o(.text)
    TIM_OC3FastConfig                        0x080028ed   Thumb Code    12  stm32f10x_tim.o(.text)
    TIM_OC4FastConfig                        0x080028f9   Thumb Code    20  stm32f10x_tim.o(.text)
    TIM_ClearOC1Ref                          0x0800290d   Thumb Code    12  stm32f10x_tim.o(.text)
    TIM_ClearOC2Ref                          0x08002919   Thumb Code    20  stm32f10x_tim.o(.text)
    TIM_ClearOC3Ref                          0x0800292d   Thumb Code    12  stm32f10x_tim.o(.text)
    TIM_ClearOC4Ref                          0x08002939   Thumb Code    20  stm32f10x_tim.o(.text)
    TIM_OC1PolarityConfig                    0x0800294d   Thumb Code    12  stm32f10x_tim.o(.text)
    TIM_OC1NPolarityConfig                   0x08002959   Thumb Code    12  stm32f10x_tim.o(.text)
    TIM_OC2PolarityConfig                    0x08002965   Thumb Code    20  stm32f10x_tim.o(.text)
    TIM_OC2NPolarityConfig                   0x08002979   Thumb Code    20  stm32f10x_tim.o(.text)
    TIM_OC3PolarityConfig                    0x0800298d   Thumb Code    20  stm32f10x_tim.o(.text)
    TIM_OC3NPolarityConfig                   0x080029a1   Thumb Code    20  stm32f10x_tim.o(.text)
    TIM_OC4PolarityConfig                    0x080029b5   Thumb Code    20  stm32f10x_tim.o(.text)
    TIM_CCxCmd                               0x080029c9   Thumb Code    22  stm32f10x_tim.o(.text)
    TIM_CCxNCmd                              0x080029df   Thumb Code    22  stm32f10x_tim.o(.text)
    TIM_SelectOCxM                           0x080029f5   Thumb Code    70  stm32f10x_tim.o(.text)
    TIM_UpdateDisableConfig                  0x08002a3b   Thumb Code    20  stm32f10x_tim.o(.text)
    TIM_UpdateRequestConfig                  0x08002a4f   Thumb Code    20  stm32f10x_tim.o(.text)
    TIM_SelectHallSensor                     0x08002a63   Thumb Code    20  stm32f10x_tim.o(.text)
    TIM_SelectOnePulseMode                   0x08002a77   Thumb Code    16  stm32f10x_tim.o(.text)
    TIM_SelectOutputTrigger                  0x08002a87   Thumb Code    16  stm32f10x_tim.o(.text)
    TIM_SelectSlaveMode                      0x08002a97   Thumb Code    16  stm32f10x_tim.o(.text)
    TIM_SelectMasterSlaveMode                0x08002aa7   Thumb Code    16  stm32f10x_tim.o(.text)
    TIM_SetCounter                           0x08002ab7   Thumb Code     4  stm32f10x_tim.o(.text)
    TIM_SetAutoreload                        0x08002abb   Thumb Code     4  stm32f10x_tim.o(.text)
    TIM_SetCompare1                          0x08002abf   Thumb Code     4  stm32f10x_tim.o(.text)
    TIM_SetCompare2                          0x08002ac3   Thumb Code     4  stm32f10x_tim.o(.text)
    TIM_SetCompare3                          0x08002ac7   Thumb Code     4  stm32f10x_tim.o(.text)
    TIM_SetCompare4                          0x08002acb   Thumb Code     6  stm32f10x_tim.o(.text)
    TIM_SetClockDivision                     0x08002ad1   Thumb Code    16  stm32f10x_tim.o(.text)
    TIM_GetCapture1                          0x08002ae1   Thumb Code     4  stm32f10x_tim.o(.text)
    TIM_GetCapture2                          0x08002ae5   Thumb Code     4  stm32f10x_tim.o(.text)
    TIM_GetCapture3                          0x08002ae9   Thumb Code     4  stm32f10x_tim.o(.text)
    TIM_GetCapture4                          0x08002aed   Thumb Code     6  stm32f10x_tim.o(.text)
    TIM_GetCounter                           0x08002af3   Thumb Code     4  stm32f10x_tim.o(.text)
    TIM_GetPrescaler                         0x08002af7   Thumb Code     4  stm32f10x_tim.o(.text)
    TIM_GetFlagStatus                        0x08002afb   Thumb Code    14  stm32f10x_tim.o(.text)
    TIM_ClearFlag                            0x08002b09   Thumb Code     6  stm32f10x_tim.o(.text)
    TIM_GetITStatus                          0x08002b0f   Thumb Code    24  stm32f10x_tim.o(.text)
    TIM_ClearITPendingBit                    0x08002b27   Thumb Code     6  stm32f10x_tim.o(.text)
    USART_DeInit                             0x08002b2d   Thumb Code    96  stm32f10x_usart.o(.text)
    USART_Init                               0x08002b8d   Thumb Code   166  stm32f10x_usart.o(.text)
    USART_StructInit                         0x08002c33   Thumb Code    22  stm32f10x_usart.o(.text)
    USART_ClockInit                          0x08002c49   Thumb Code    30  stm32f10x_usart.o(.text)
    USART_ClockStructInit                    0x08002c67   Thumb Code    12  stm32f10x_usart.o(.text)
    USART_Cmd                                0x08002c73   Thumb Code    20  stm32f10x_usart.o(.text)
    USART_ITConfig                           0x08002c87   Thumb Code    48  stm32f10x_usart.o(.text)
    USART_DMACmd                             0x08002cb7   Thumb Code    16  stm32f10x_usart.o(.text)
    USART_SetAddress                         0x08002cc7   Thumb Code    16  stm32f10x_usart.o(.text)
    USART_WakeUpConfig                       0x08002cd7   Thumb Code    16  stm32f10x_usart.o(.text)
    USART_ReceiverWakeUpCmd                  0x08002ce7   Thumb Code    20  stm32f10x_usart.o(.text)
    USART_LINBreakDetectLengthConfig         0x08002cfb   Thumb Code    16  stm32f10x_usart.o(.text)
    USART_LINCmd                             0x08002d0b   Thumb Code    20  stm32f10x_usart.o(.text)
    USART_SendData                           0x08002d1f   Thumb Code     8  stm32f10x_usart.o(.text)
    USART_ReceiveData                        0x08002d27   Thumb Code     8  stm32f10x_usart.o(.text)
    USART_SendBreak                          0x08002d2f   Thumb Code    10  stm32f10x_usart.o(.text)
    USART_SetGuardTime                       0x08002d39   Thumb Code    16  stm32f10x_usart.o(.text)
    USART_SetPrescaler                       0x08002d49   Thumb Code    16  stm32f10x_usart.o(.text)
    USART_SmartCardCmd                       0x08002d59   Thumb Code    20  stm32f10x_usart.o(.text)
    USART_SmartCardNACKCmd                   0x08002d6d   Thumb Code    20  stm32f10x_usart.o(.text)
    USART_HalfDuplexCmd                      0x08002d81   Thumb Code    20  stm32f10x_usart.o(.text)
    USART_OverSampling8Cmd                   0x08002d95   Thumb Code    20  stm32f10x_usart.o(.text)
    USART_OneBitMethodCmd                    0x08002da9   Thumb Code    20  stm32f10x_usart.o(.text)
    USART_IrDAConfig                         0x08002dbd   Thumb Code    16  stm32f10x_usart.o(.text)
    USART_IrDACmd                            0x08002dcd   Thumb Code    20  stm32f10x_usart.o(.text)
    USART_GetFlagStatus                      0x08002de1   Thumb Code    14  stm32f10x_usart.o(.text)
    USART_ClearFlag                          0x08002def   Thumb Code     6  stm32f10x_usart.o(.text)
    USART_GetITStatus                        0x08002df5   Thumb Code    62  stm32f10x_usart.o(.text)
    USART_ClearITPendingBit                  0x08002e33   Thumb Code    12  stm32f10x_usart.o(.text)
    SPI_I2S_DeInit                           0x08002e55   Thumb Code    72  stm32f10x_spi.o(.text)
    SPI_Init                                 0x08002e9d   Thumb Code    56  stm32f10x_spi.o(.text)
    I2S_Init                                 0x08002ed5   Thumb Code   152  stm32f10x_spi.o(.text)
    SPI_StructInit                           0x08002f6d   Thumb Code    24  stm32f10x_spi.o(.text)
    I2S_StructInit                           0x08002f85   Thumb Code    18  stm32f10x_spi.o(.text)
    SPI_Cmd                                  0x08002f97   Thumb Code    20  stm32f10x_spi.o(.text)
    I2S_Cmd                                  0x08002fab   Thumb Code    20  stm32f10x_spi.o(.text)
    SPI_I2S_ITConfig                         0x08002fbf   Thumb Code    24  stm32f10x_spi.o(.text)
    SPI_I2S_DMACmd                           0x08002fd7   Thumb Code    16  stm32f10x_spi.o(.text)
    SPI_I2S_SendData                         0x08002fe7   Thumb Code     4  stm32f10x_spi.o(.text)
    SPI_I2S_ReceiveData                      0x08002feb   Thumb Code     4  stm32f10x_spi.o(.text)
    SPI_NSSInternalSoftwareConfig            0x08002fef   Thumb Code    24  stm32f10x_spi.o(.text)
    SPI_SSOutputCmd                          0x08003007   Thumb Code    20  stm32f10x_spi.o(.text)
    SPI_DataSizeConfig                       0x0800301b   Thumb Code    16  stm32f10x_spi.o(.text)
    SPI_TransmitCRC                          0x0800302b   Thumb Code    10  stm32f10x_spi.o(.text)
    SPI_CalculateCRC                         0x08003035   Thumb Code    20  stm32f10x_spi.o(.text)
    SPI_GetCRC                               0x08003049   Thumb Code    12  stm32f10x_spi.o(.text)
    SPI_GetCRCPolynomial                     0x08003055   Thumb Code     4  stm32f10x_spi.o(.text)
    SPI_BiDirectionalLineConfig              0x08003059   Thumb Code    22  stm32f10x_spi.o(.text)
    SPI_I2S_GetFlagStatus                    0x0800306f   Thumb Code    14  stm32f10x_spi.o(.text)
    SPI_I2S_ClearFlag                        0x0800307d   Thumb Code     6  stm32f10x_spi.o(.text)
    SPI_I2S_GetITStatus                      0x08003083   Thumb Code    42  stm32f10x_spi.o(.text)
    SPI_I2S_ClearITPendingBit                0x080030ad   Thumb Code    14  stm32f10x_spi.o(.text)
    EXTI_DeInit                              0x080030c9   Thumb Code    28  stm32f10x_exti.o(.text)
    EXTI_Init                                0x080030e5   Thumb Code   108  stm32f10x_exti.o(.text)
    EXTI_StructInit                          0x08003151   Thumb Code    14  stm32f10x_exti.o(.text)
    EXTI_GenerateSWInterrupt                 0x0800315f   Thumb Code    12  stm32f10x_exti.o(.text)
    EXTI_GetFlagStatus                       0x0800316b   Thumb Code    18  stm32f10x_exti.o(.text)
    EXTI_ClearFlag                           0x0800317d   Thumb Code     8  stm32f10x_exti.o(.text)
    EXTI_GetITStatus                         0x08003185   Thumb Code    28  stm32f10x_exti.o(.text)
    EXTI_ClearITPendingBit                   0x080031a1   Thumb Code     8  stm32f10x_exti.o(.text)
    ADC_DeInit                               0x080031b1   Thumb Code    56  stm32f10x_adc.o(.text)
    ADC_Init                                 0x080031e9   Thumb Code    62  stm32f10x_adc.o(.text)
    ADC_StructInit                           0x08003227   Thumb Code    18  stm32f10x_adc.o(.text)
    ADC_Cmd                                  0x08003239   Thumb Code    20  stm32f10x_adc.o(.text)
    ADC_DMACmd                               0x0800324d   Thumb Code    20  stm32f10x_adc.o(.text)
    ADC_ITConfig                             0x08003261   Thumb Code    18  stm32f10x_adc.o(.text)
    ADC_ResetCalibration                     0x08003273   Thumb Code    10  stm32f10x_adc.o(.text)
    ADC_GetResetCalibrationStatus            0x0800327d   Thumb Code    14  stm32f10x_adc.o(.text)
    ADC_StartCalibration                     0x0800328b   Thumb Code    10  stm32f10x_adc.o(.text)
    ADC_GetCalibrationStatus                 0x08003295   Thumb Code    14  stm32f10x_adc.o(.text)
    ADC_SoftwareStartConvCmd                 0x080032a3   Thumb Code    20  stm32f10x_adc.o(.text)
    ADC_GetSoftwareStartConvStatus           0x080032b7   Thumb Code    14  stm32f10x_adc.o(.text)
    ADC_DiscModeChannelCountConfig           0x080032c5   Thumb Code    16  stm32f10x_adc.o(.text)
    ADC_DiscModeCmd                          0x080032d5   Thumb Code    20  stm32f10x_adc.o(.text)
    ADC_RegularChannelConfig                 0x080032e9   Thumb Code   116  stm32f10x_adc.o(.text)
    ADC_ExternalTrigConvCmd                  0x0800335d   Thumb Code    20  stm32f10x_adc.o(.text)
    ADC_GetConversionValue                   0x08003371   Thumb Code     6  stm32f10x_adc.o(.text)
    ADC_GetDualModeConversionValue           0x08003377   Thumb Code     8  stm32f10x_adc.o(.text)
    ADC_AutoInjectedConvCmd                  0x0800337f   Thumb Code    20  stm32f10x_adc.o(.text)
    ADC_InjectedDiscModeCmd                  0x08003393   Thumb Code    20  stm32f10x_adc.o(.text)
    ADC_ExternalTrigInjectedConvConfig       0x080033a7   Thumb Code    12  stm32f10x_adc.o(.text)
    ADC_ExternalTrigInjectedConvCmd          0x080033b3   Thumb Code    20  stm32f10x_adc.o(.text)
    ADC_SoftwareStartInjectedConvCmd         0x080033c7   Thumb Code    20  stm32f10x_adc.o(.text)
    ADC_GetSoftwareStartInjectedConvCmdStatus 0x080033db   Thumb Code    14  stm32f10x_adc.o(.text)
    ADC_InjectedChannelConfig                0x080033e9   Thumb Code    74  stm32f10x_adc.o(.text)
    ADC_InjectedSequencerLengthConfig        0x08003433   Thumb Code    16  stm32f10x_adc.o(.text)
    ADC_SetInjectedOffset                    0x08003443   Thumb Code    10  stm32f10x_adc.o(.text)
    ADC_GetInjectedConversionValue           0x0800344d   Thumb Code    14  stm32f10x_adc.o(.text)
    ADC_AnalogWatchdogCmd                    0x0800345b   Thumb Code    12  stm32f10x_adc.o(.text)
    ADC_AnalogWatchdogThresholdsConfig       0x08003467   Thumb Code     6  stm32f10x_adc.o(.text)
    ADC_AnalogWatchdogSingleChannelConfig    0x0800346d   Thumb Code    12  stm32f10x_adc.o(.text)
    ADC_TempSensorVrefintCmd                 0x08003479   Thumb Code    24  stm32f10x_adc.o(.text)
    ADC_GetFlagStatus                        0x08003491   Thumb Code    14  stm32f10x_adc.o(.text)
    ADC_ClearFlag                            0x0800349f   Thumb Code     6  stm32f10x_adc.o(.text)
    ADC_GetITStatus                          0x080034a5   Thumb Code    28  stm32f10x_adc.o(.text)
    ADC_ClearITPendingBit                    0x080034c1   Thumb Code     8  stm32f10x_adc.o(.text)
    FLASH_SetLatency                         0x080034e1   Thumb Code    14  stm32f10x_flash.o(.text)
    FLASH_HalfCycleAccessCmd                 0x080034ef   Thumb Code    18  stm32f10x_flash.o(.text)
    FLASH_PrefetchBufferCmd                  0x08003501   Thumb Code    18  stm32f10x_flash.o(.text)
    FLASH_Unlock                             0x08003513   Thumb Code    12  stm32f10x_flash.o(.text)
    FLASH_UnlockBank1                        0x0800351f   Thumb Code    12  stm32f10x_flash.o(.text)
    FLASH_Lock                               0x0800352b   Thumb Code    12  stm32f10x_flash.o(.text)
    FLASH_LockBank1                          0x08003537   Thumb Code    12  stm32f10x_flash.o(.text)
    FLASH_GetBank1Status                     0x08003543   Thumb Code    34  stm32f10x_flash.o(.text)
    FLASH_WaitForLastOperation               0x08003565   Thumb Code    36  stm32f10x_flash.o(.text)
    FLASH_ErasePage                          0x08003589   Thumb Code    56  stm32f10x_flash.o(.text)
    FLASH_EraseAllPages                      0x080035c1   Thumb Code    52  stm32f10x_flash.o(.text)
    FLASH_WaitForLastBank1Operation          0x080035f5   Thumb Code    36  stm32f10x_flash.o(.text)
    FLASH_EraseAllBank1Pages                 0x08003619   Thumb Code    52  stm32f10x_flash.o(.text)
    FLASH_GetReadOutProtectionStatus         0x0800364d   Thumb Code    14  stm32f10x_flash.o(.text)
    FLASH_EraseOptionBytes                   0x0800365b   Thumb Code   108  stm32f10x_flash.o(.text)
    FLASH_ProgramWord                        0x080036c7   Thumb Code    72  stm32f10x_flash.o(.text)
    FLASH_ProgramHalfWord                    0x0800370f   Thumb Code    48  stm32f10x_flash.o(.text)
    FLASH_ProgramOptionByteData              0x0800373f   Thumb Code    62  stm32f10x_flash.o(.text)
    FLASH_EnableWriteProtection              0x0800377d   Thumb Code   150  stm32f10x_flash.o(.text)
    FLASH_ReadOutProtection                  0x08003813   Thumb Code   118  stm32f10x_flash.o(.text)
    FLASH_UserOptionByteConfig               0x08003889   Thumb Code    92  stm32f10x_flash.o(.text)
    FLASH_GetUserOptionByte                  0x080038e5   Thumb Code     8  stm32f10x_flash.o(.text)
    FLASH_GetWriteProtectionOptionByte       0x080038ed   Thumb Code     6  stm32f10x_flash.o(.text)
    FLASH_GetPrefetchBufferStatus            0x080038f3   Thumb Code    14  stm32f10x_flash.o(.text)
    FLASH_ITConfig                           0x08003901   Thumb Code    18  stm32f10x_flash.o(.text)
    FLASH_GetFlagStatus                      0x08003913   Thumb Code    28  stm32f10x_flash.o(.text)
    FLASH_ClearFlag                          0x0800392f   Thumb Code     6  stm32f10x_flash.o(.text)
    FLASH_GetStatus                          0x08003935   Thumb Code    34  stm32f10x_flash.o(.text)
    LoadRCdata                               0x0800395d   Thumb Code   280  control.o(.text)
    SetCenterVal                             0x08003a75   Thumb Code   452  control.o(.text)
    Disarm                                   0x08003c39   Thumb Code    68  control.o(.text)
    Arm                                      0x08003c7d   Thumb Code    68  control.o(.text)
    RCCal                                    0x08003cc1   Thumb Code   352  control.o(.text)
    IMUCal                                   0x08003e21   Thumb Code    28  control.o(.text)
    RockersCommands                          0x08003e3d   Thumb Code   188  control.o(.text)
    CommUAVUpload                            0x08003f1d   Thumb Code   114  commuav.o(.text)
    filtInit                                 0x08003fc9   Thumb Code    16  filt.o(.text)
    filtCompute                              0x08003fd9   Thumb Code   124  filt.o(.text)
    filtComputeAll                           0x08004055   Thumb Code    42  filt.o(.text)
    __use_no_semihosting                     0x0800409d   Thumb Code     2  use_no_semi_2.o(.text)
    __aeabi_llsl                             0x0800409f   Thumb Code     0  llshl.o(.text)
    _ll_shift_l                              0x0800409f   Thumb Code    38  llshl.o(.text)
    __2printf                                0x080040c5   Thumb Code    20  noretval__2printf.o(.text)
    __printf                                 0x080040dd   Thumb Code   104  __printf.o(.text)
    _printf_int_dec                          0x08004145   Thumb Code   104  _printf_dec.o(.text)
    _printf_int_hex                          0x080041bd   Thumb Code    84  _printf_hex_int.o(.text)
    _printf_longlong_hex                     0x080041bd   Thumb Code     0  _printf_hex_int.o(.text)
    __aeabi_memcpy                           0x08004215   Thumb Code     0  rt_memcpy_v6.o(.text)
    __rt_memcpy                              0x08004215   Thumb Code   138  rt_memcpy_v6.o(.text)
    _memcpy_lastbytes                        0x0800427b   Thumb Code     0  rt_memcpy_v6.o(.text)
    __aeabi_memcpy4                          0x0800429f   Thumb Code     0  rt_memcpy_w.o(.text)
    __aeabi_memcpy8                          0x0800429f   Thumb Code     0  rt_memcpy_w.o(.text)
    __rt_memcpy_w                            0x0800429f   Thumb Code   100  rt_memcpy_w.o(.text)
    _memcpy_lastbytes_aligned                0x080042e7   Thumb Code     0  rt_memcpy_w.o(.text)
    __use_two_region_memory                  0x08004303   Thumb Code     2  heapauxi.o(.text)
    __rt_heap_escrow$2region                 0x08004305   Thumb Code     2  heapauxi.o(.text)
    __rt_heap_expand$2region                 0x08004307   Thumb Code     2  heapauxi.o(.text)
    __I$use$semihosting                      0x08004309   Thumb Code     0  use_no_semi.o(.text)
    __use_no_semihosting_swi                 0x08004309   Thumb Code     2  use_no_semi.o(.text)
    _printf_int_common                       0x0800430b   Thumb Code   178  _printf_intcommon.o(.text)
    __lib_sel_fp_printf                      0x080043bd   Thumb Code     2  _printf_fp_dec.o(.text)
    _printf_fp_dec_real                      0x0800456b   Thumb Code   620  _printf_fp_dec.o(.text)
    _printf_char_file                        0x080047d9   Thumb Code    32  _printf_char_file.o(.text)
    __rt_locale                              0x080047fd   Thumb Code     8  rt_locale_intlibspace.o(.text)
    _ll_udiv10                               0x08004805   Thumb Code   138  lludiv10.o(.text)
    _printf_char_common                      0x0800489b   Thumb Code    32  _printf_char_common.o(.text)
    _printf_fp_infnan                        0x080048c1   Thumb Code   112  _printf_fp_infnan.o(.text)
    _btod_etento                             0x08004941   Thumb Code   216  bigflt0.o(.text)
    ferror                                   0x08004a1d   Thumb Code     8  ferror.o(.text)
    __user_libspace                          0x08004a25   Thumb Code     8  libspace.o(.text)
    __user_perproc_libspace                  0x08004a25   Thumb Code     0  libspace.o(.text)
    __user_perthread_libspace                0x08004a25   Thumb Code     0  libspace.o(.text)
    __user_setup_stackheap                   0x08004a2d   Thumb Code    74  sys_stackheap_outer.o(.text)
    exit                                     0x08004a77   Thumb Code    18  exit.o(.text)
    strcmp                                   0x08004a89   Thumb Code   128  strcmpv7m.o(.text)
    _btod_d2e                                0x08004b09   Thumb Code    62  btod.o(CL$$btod_d2e)
    _d2e_denorm_low                          0x08004b47   Thumb Code    70  btod.o(CL$$btod_d2e_denorm_low)
    _d2e_norm_op1                            0x08004b8d   Thumb Code    96  btod.o(CL$$btod_d2e_norm_op1)
    __btod_div_common                        0x08004bed   Thumb Code   696  btod.o(CL$$btod_div_common)
    _e2e                                     0x08004f25   Thumb Code   198  btod.o(CL$$btod_e2e)
    _btod_ediv                               0x08004feb   Thumb Code    40  btod.o(CL$$btod_ediv)
    _btod_emul                               0x08005013   Thumb Code    40  btod.o(CL$$btod_emul)
    __btod_mult_common                       0x0800503b   Thumb Code   580  btod.o(CL$$btod_mult_common)
    __ARM_fpclassify                         0x0800527f   Thumb Code    40  fpclassify.o(i.__ARM_fpclassify)
    _get_lc_numeric                          0x080052a9   Thumb Code    44  lc_numeric_c.o(locale$$code)
    __aeabi_d2f                              0x080052d5   Thumb Code     0  d2f.o(x$fpl$d2f)
    _d2f                                     0x080052d5   Thumb Code    98  d2f.o(x$fpl$d2f)
    __aeabi_dadd                             0x08005339   Thumb Code     0  daddsub_clz.o(x$fpl$dadd)
    _dadd                                    0x08005339   Thumb Code   332  daddsub_clz.o(x$fpl$dadd)
    __aeabi_ddiv                             0x08005489   Thumb Code     0  ddiv.o(x$fpl$ddiv)
    _ddiv                                    0x08005489   Thumb Code   552  ddiv.o(x$fpl$ddiv)
    __aeabi_ui2d                             0x08005739   Thumb Code     0  dflt_clz.o(x$fpl$dfltu)
    _dfltu                                   0x08005739   Thumb Code    38  dflt_clz.o(x$fpl$dfltu)
    __aeabi_dmul                             0x08005761   Thumb Code     0  dmul.o(x$fpl$dmul)
    _dmul                                    0x08005761   Thumb Code   332  dmul.o(x$fpl$dmul)
    __fpl_dnaninf                            0x080058b5   Thumb Code   156  dnaninf.o(x$fpl$dnaninf)
    __fpl_dretinf                            0x08005951   Thumb Code    12  dretinf.o(x$fpl$dretinf)
    __aeabi_drsub                            0x0800595d   Thumb Code     0  daddsub_clz.o(x$fpl$drsb)
    _drsb                                    0x0800595d   Thumb Code    22  daddsub_clz.o(x$fpl$drsb)
    __aeabi_dsub                             0x08005975   Thumb Code     0  daddsub_clz.o(x$fpl$dsub)
    _dsub                                    0x08005975   Thumb Code   464  daddsub_clz.o(x$fpl$dsub)
    __aeabi_f2d                              0x08005b49   Thumb Code     0  f2d.o(x$fpl$f2d)
    _f2d                                     0x08005b49   Thumb Code    86  f2d.o(x$fpl$f2d)
    __aeabi_fadd                             0x08005ba1   Thumb Code     0  faddsub_clz.o(x$fpl$fadd)
    _fadd                                    0x08005ba1   Thumb Code   196  faddsub_clz.o(x$fpl$fadd)
    __fpl_fcheck_NaN1                        0x08005c65   Thumb Code     6  fcheck1.o(x$fpl$fcheck1)
    __aeabi_f2iz                             0x08005c71   Thumb Code     0  ffix.o(x$fpl$ffix)
    _ffix                                    0x08005c71   Thumb Code    54  ffix.o(x$fpl$ffix)
    __aeabi_f2uiz                            0x08005ca9   Thumb Code     0  ffixu.o(x$fpl$ffixu)
    _ffixu                                   0x08005ca9   Thumb Code    62  ffixu.o(x$fpl$ffixu)
    __aeabi_i2f                              0x08005ce9   Thumb Code     0  fflt_clz.o(x$fpl$fflt)
    _fflt                                    0x08005ce9   Thumb Code    48  fflt_clz.o(x$fpl$fflt)
    __aeabi_ui2f                             0x08005d19   Thumb Code     0  fflt_clz.o(x$fpl$ffltu)
    _ffltu                                   0x08005d19   Thumb Code    38  fflt_clz.o(x$fpl$ffltu)
    __aeabi_fmul                             0x08005d41   Thumb Code     0  fmul.o(x$fpl$fmul)
    _fmul                                    0x08005d41   Thumb Code   258  fmul.o(x$fpl$fmul)
    __fpl_fnaninf                            0x08005e43   Thumb Code   140  fnaninf.o(x$fpl$fnaninf)
    __fpl_fretinf                            0x08005ecf   Thumb Code    10  fretinf.o(x$fpl$fretinf)
    __aeabi_fsub                             0x08005ed9   Thumb Code     0  faddsub_clz.o(x$fpl$fsub)
    _fsub                                    0x08005ed9   Thumb Code   234  faddsub_clz.o(x$fpl$fsub)
    _printf_fp_dec                           0x08005fc3   Thumb Code     4  printf1.o(x$fpl$printf1)
    __fpl_return_NaN                         0x08005fc7   Thumb Code   100  retnan.o(x$fpl$retnan)
    __ARM_scalbnf                            0x0800602b   Thumb Code    76  scalbnf.o(x$fpl$scalbnf)
    __fpl_cmpreturn                          0x08006077   Thumb Code    48  trapv.o(x$fpl$trapveneer)
    __I$use$fp                               0x080060a6   Number         0  usenofp.o(x$fpl$usenofp)
    Region$$Table$$Base                      0x08006164   Number         0  anon$$obj.o(Region$$Table)
    Region$$Table$$Limit                     0x08006184   Number         0  anon$$obj.o(Region$$Table)
    SystemCoreClock                          0x20000000   Data           4  system_stm32f10x.o(.data)
    AHBPrescTable                            0x20000004   Data          16  system_stm32f10x.o(.data)
    SysClock                                 0x20000014   Data           1  init_config.o(.data)
    __stdout                                 0x20000018   Data           4  uart1.o(.data)
    NRF24_dynamic_payloads_enabled           0x2000001c   Data           1  nrf24.o(.data)
    NRF24_payload_size                       0x2000001d   Data           1  nrf24.o(.data)
    NRF24_addr_width                         0x2000001e   Data           1  nrf24.o(.data)
    NRF24_txRxDelay                          0x20000020   Data           4  nrf24.o(.data)
    NRF24_tx_address                         0x20000024   Data           5  nrf24.o(.data)
    NRF24_rx_0_address                       0x20000029   Data           5  nrf24.o(.data)
    flag10Hzcnt                              0x2000002e   Data           2  interrupt_config.o(.data)
    flag50Hzcnt                              0x20000030   Data           2  interrupt_config.o(.data)
    flag80Hzcnt                              0x20000032   Data           2  interrupt_config.o(.data)
    flag100Hzcnt                             0x20000034   Data           2  interrupt_config.o(.data)
    flag10Hz                                 0x20000036   Data           2  interrupt_config.o(.data)
    flag50Hz                                 0x20000038   Data           2  interrupt_config.o(.data)
    flag80Hz                                 0x2000003a   Data           2  interrupt_config.o(.data)
    flag100Hz                                0x2000003c   Data           2  interrupt_config.o(.data)
    sysTickUptime                            0x20000044   Data           4  stm32f10x_it.o(.data)
    ArmStatus                                0x2000005c   Data           1  control.o(.data)
    Command                                  0x2000005d   Data           1  control.o(.data)
    rckCmdCount                              0x2000005e   Data           1  control.o(.data)
    Throttle_Calibra                         0x20000062   Data           2  control.o(.data)
    Pitch_Calibra                            0x20000064   Data           2  control.o(.data)
    Roll_Calibra                             0x20000066   Data           2  control.o(.data)
    Yaw_Calibra                              0x20000068   Data           2  control.o(.data)
    Throttle                                 0x2000006a   Data           2  control.o(.data)
    Roll                                     0x2000006c   Data           2  control.o(.data)
    Pitch                                    0x2000006e   Data           2  control.o(.data)
    Yaw                                      0x20000070   Data           2  control.o(.data)
    sendCnt                                  0x20000072   Data           1  commuav.o(.data)
    filt_n1                                  0x20000074   Data           4  filt.o(.data)
    filt_n2                                  0x20000078   Data           4  filt.o(.data)
    filt_n3                                  0x2000007c   Data           4  filt.o(.data)
    filt_d2                                  0x20000080   Data           4  filt.o(.data)
    filt_d3                                  0x20000084   Data           4  filt.o(.data)
    STMFLASH_BUF                             0x20000088   Data        1024  stmflash.o(.bss)
    table                                    0x20000488   Data          12  configtable.o(.bss)
    sendBuf                                  0x20000494   Data          32  commuav.o(.bss)
    filtThrottle                             0x200004b4   Data          12  filt.o(.bss)
    filtYaw                                  0x200004c0   Data          12  filt.o(.bss)
    filtPitch                                0x200004cc   Data          12  filt.o(.bss)
    filtRoll                                 0x200004d8   Data          12  filt.o(.bss)
    __libspace_start                         0x200004e4   Data          96  libspace.o(.bss)
    __temporary_stack_top$libspace           0x20000544   Data           0  libspace.o(.bss)



==============================================================================

Memory Map of the image

  Image Entry point : 0x080002fd

  Load Region LR_1 (Base: 0x08000000, Size: 0x00006228, Max: 0xffffffff, ABSOLUTE)

    Execution Region ER_RO (Base: 0x08000000, Size: 0x000061a0, Max: 0xffffffff, ABSOLUTE)

    Base Addr    Size         Type   Attr      Idx    E Section Name        Object

    0x08000000   0x000000ec   Data   RO           83    RESET               startup_stm32f10x_md.o
    0x080000ec   0x00000008   Code   RO          616  * !!!main             c_w.l(__main.o)
    0x080000f4   0x00000034   Code   RO          890    !!!scatter          c_w.l(__scatter.o)
    0x08000128   0x0000001a   Code   RO          892    !!handler_copy      c_w.l(__scatter_copy.o)
    0x08000142   0x00000002   PAD
    0x08000144   0x0000001c   Code   RO          894    !!handler_zi        c_w.l(__scatter_zi.o)
    0x08000160   0x00000000   Code   RO          609    .ARM.Collect$$_printf_percent$$00000000  c_w.l(_printf_percent.o)
    0x08000160   0x00000006   Code   RO          608    .ARM.Collect$$_printf_percent$$00000003  c_w.l(_printf_f.o)
    0x08000166   0x00000006   Code   RO          607    .ARM.Collect$$_printf_percent$$00000009  c_w.l(_printf_d.o)
    0x0800016c   0x00000006   Code   RO          606    .ARM.Collect$$_printf_percent$$0000000C  c_w.l(_printf_x.o)
    0x08000172   0x00000004   Code   RO          675    .ARM.Collect$$_printf_percent$$00000017  c_w.l(_printf_percent_end.o)
    0x08000176   0x00000002   Code   RO          767    .ARM.Collect$$libinit$$00000000  c_w.l(libinit.o)
    0x08000178   0x00000000   Code   RO          769    .ARM.Collect$$libinit$$00000002  c_w.l(libinit2.o)
    0x08000178   0x00000000   Code   RO          771    .ARM.Collect$$libinit$$00000004  c_w.l(libinit2.o)
    0x08000178   0x00000000   Code   RO          774    .ARM.Collect$$libinit$$0000000A  c_w.l(libinit2.o)
    0x08000178   0x00000000   Code   RO          776    .ARM.Collect$$libinit$$0000000C  c_w.l(libinit2.o)
    0x08000178   0x00000000   Code   RO          778    .ARM.Collect$$libinit$$0000000E  c_w.l(libinit2.o)
    0x08000178   0x00000006   Code   RO          779    .ARM.Collect$$libinit$$0000000F  c_w.l(libinit2.o)
    0x0800017e   0x00000000   Code   RO          781    .ARM.Collect$$libinit$$00000011  c_w.l(libinit2.o)
    0x0800017e   0x00000000   Code   RO          783    .ARM.Collect$$libinit$$00000013  c_w.l(libinit2.o)
    0x0800017e   0x00000000   Code   RO          785    .ARM.Collect$$libinit$$00000015  c_w.l(libinit2.o)
    0x0800017e   0x0000000a   Code   RO          786    .ARM.Collect$$libinit$$00000016  c_w.l(libinit2.o)
    0x08000188   0x00000000   Code   RO          787    .ARM.Collect$$libinit$$00000017  c_w.l(libinit2.o)
    0x08000188   0x00000000   Code   RO          789    .ARM.Collect$$libinit$$00000019  c_w.l(libinit2.o)
    0x08000188   0x00000000   Code   RO          791    .ARM.Collect$$libinit$$0000001B  c_w.l(libinit2.o)
    0x08000188   0x00000000   Code   RO          793    .ARM.Collect$$libinit$$0000001D  c_w.l(libinit2.o)
    0x08000188   0x00000000   Code   RO          795    .ARM.Collect$$libinit$$0000001F  c_w.l(libinit2.o)
    0x08000188   0x00000000   Code   RO          797    .ARM.Collect$$libinit$$00000021  c_w.l(libinit2.o)
    0x08000188   0x00000000   Code   RO          799    .ARM.Collect$$libinit$$00000023  c_w.l(libinit2.o)
    0x08000188   0x00000000   Code   RO          801    .ARM.Collect$$libinit$$00000025  c_w.l(libinit2.o)
    0x08000188   0x00000000   Code   RO          805    .ARM.Collect$$libinit$$0000002C  c_w.l(libinit2.o)
    0x08000188   0x00000000   Code   RO          807    .ARM.Collect$$libinit$$0000002E  c_w.l(libinit2.o)
    0x08000188   0x00000000   Code   RO          809    .ARM.Collect$$libinit$$00000030  c_w.l(libinit2.o)
    0x08000188   0x00000000   Code   RO          811    .ARM.Collect$$libinit$$00000032  c_w.l(libinit2.o)
    0x08000188   0x00000002   Code   RO          812    .ARM.Collect$$libinit$$00000033  c_w.l(libinit2.o)
    0x0800018a   0x00000002   Code   RO          842    .ARM.Collect$$libshutdown$$00000000  c_w.l(libshutdown.o)
    0x0800018c   0x00000000   Code   RO          851    .ARM.Collect$$libshutdown$$00000002  c_w.l(libshutdown2.o)
    0x0800018c   0x00000000   Code   RO          853    .ARM.Collect$$libshutdown$$00000004  c_w.l(libshutdown2.o)
    0x0800018c   0x00000000   Code   RO          856    .ARM.Collect$$libshutdown$$00000007  c_w.l(libshutdown2.o)
    0x0800018c   0x00000000   Code   RO          859    .ARM.Collect$$libshutdown$$0000000A  c_w.l(libshutdown2.o)
    0x0800018c   0x00000000   Code   RO          861    .ARM.Collect$$libshutdown$$0000000C  c_w.l(libshutdown2.o)
    0x0800018c   0x00000000   Code   RO          864    .ARM.Collect$$libshutdown$$0000000F  c_w.l(libshutdown2.o)
    0x0800018c   0x00000002   Code   RO          865    .ARM.Collect$$libshutdown$$00000010  c_w.l(libshutdown2.o)
    0x0800018e   0x00000000   Code   RO          668    .ARM.Collect$$rtentry$$00000000  c_w.l(__rtentry.o)
    0x0800018e   0x00000000   Code   RO          688    .ARM.Collect$$rtentry$$00000002  c_w.l(__rtentry2.o)
    0x0800018e   0x00000006   Code   RO          700    .ARM.Collect$$rtentry$$00000004  c_w.l(__rtentry4.o)
    0x08000194   0x00000000   Code   RO          690    .ARM.Collect$$rtentry$$00000009  c_w.l(__rtentry2.o)
    0x08000194   0x00000004   Code   RO          691    .ARM.Collect$$rtentry$$0000000A  c_w.l(__rtentry2.o)
    0x08000198   0x00000000   Code   RO          693    .ARM.Collect$$rtentry$$0000000C  c_w.l(__rtentry2.o)
    0x08000198   0x00000008   Code   RO          694    .ARM.Collect$$rtentry$$0000000D  c_w.l(__rtentry2.o)
    0x080001a0   0x00000002   Code   RO          815    .ARM.Collect$$rtexit$$00000000  c_w.l(rtexit.o)
    0x080001a2   0x00000000   Code   RO          822    .ARM.Collect$$rtexit$$00000002  c_w.l(rtexit2.o)
    0x080001a2   0x00000004   Code   RO          823    .ARM.Collect$$rtexit$$00000003  c_w.l(rtexit2.o)
    0x080001a6   0x00000006   Code   RO          824    .ARM.Collect$$rtexit$$00000004  c_w.l(rtexit2.o)
    0x080001ac   0x00000150   Code   RO           17    .text               system_stm32f10x.o
    0x080002fc   0x00000040   Code   RO           84  * .text               startup_stm32f10x_md.o
    0x0800033c   0x0000050c   Code   RO           88    .text               init_config.o
    0x08000848   0x00000038   Code   RO          134    .text               delay.o
    0x08000880   0x00000204   Code   RO          153    .text               stmflash.o
    0x08000a84   0x00000044   Code   RO          179    .text               uart1.o
    0x08000ac8   0x0000013c   Code   RO          199    .text               adc.o
    0x08000c04   0x00000a00   Code   RO          215    .text               nrf24.o
    0x08001604   0x00000214   Code   RO          245    .text               interrupt_config.o
    0x08001818   0x000000e0   Code   RO          264    .text               main.o
    0x080018f8   0x00000098   Code   RO          310    .text               stm32f10x_it.o
    0x08001990   0x000000d8   Code   RO          328    .text               configtable.o
    0x08001a68   0x000000b0   Code   RO          352    .text               misc.o
    0x08001b18   0x0000026c   Code   RO          364    .text               stm32f10x_gpio.o
    0x08001d84   0x000002b4   Code   RO          376    .text               stm32f10x_rcc.o
    0x08002038   0x00000af4   Code   RO          390    .text               stm32f10x_tim.o
    0x08002b2c   0x00000328   Code   RO          403    .text               stm32f10x_usart.o
    0x08002e54   0x00000274   Code   RO          415    .text               stm32f10x_spi.o
    0x080030c8   0x000000e8   Code   RO          442    .text               stm32f10x_exti.o
    0x080031b0   0x00000330   Code   RO          454    .text               stm32f10x_adc.o
    0x080034e0   0x0000047c   Code   RO          466    .text               stm32f10x_flash.o
    0x0800395c   0x000005c0   Code   RO          479    .text               control.o
    0x08003f1c   0x000000ac   Code   RO          512    .text               commuav.o
    0x08003fc8   0x000000d4   Code   RO          528    .text               filt.o
    0x0800409c   0x00000002   Code   RO          553    .text               c_w.l(use_no_semi_2.o)
    0x0800409e   0x00000026   Code   RO          555    .text               c_w.l(llshl.o)
    0x080040c4   0x00000018   Code   RO          559    .text               c_w.l(noretval__2printf.o)
    0x080040dc   0x00000068   Code   RO          561    .text               c_w.l(__printf.o)
    0x08004144   0x00000078   Code   RO          563    .text               c_w.l(_printf_dec.o)
    0x080041bc   0x00000058   Code   RO          568    .text               c_w.l(_printf_hex_int.o)
    0x08004214   0x0000008a   Code   RO          610    .text               c_w.l(rt_memcpy_v6.o)
    0x0800429e   0x00000064   Code   RO          612    .text               c_w.l(rt_memcpy_w.o)
    0x08004302   0x00000006   Code   RO          614    .text               c_w.l(heapauxi.o)
    0x08004308   0x00000002   Code   RO          666    .text               c_w.l(use_no_semi.o)
    0x0800430a   0x000000b2   Code   RO          669    .text               c_w.l(_printf_intcommon.o)
    0x080043bc   0x0000041a   Code   RO          671    .text               c_w.l(_printf_fp_dec.o)
    0x080047d6   0x00000002   PAD
    0x080047d8   0x00000024   Code   RO          673    .text               c_w.l(_printf_char_file.o)
    0x080047fc   0x00000008   Code   RO          705    .text               c_w.l(rt_locale_intlibspace.o)
    0x08004804   0x0000008a   Code   RO          707    .text               c_w.l(lludiv10.o)
    0x0800488e   0x00000002   PAD
    0x08004890   0x00000030   Code   RO          709    .text               c_w.l(_printf_char_common.o)
    0x080048c0   0x00000080   Code   RO          711    .text               c_w.l(_printf_fp_infnan.o)
    0x08004940   0x000000dc   Code   RO          713    .text               c_w.l(bigflt0.o)
    0x08004a1c   0x00000008   Code   RO          738    .text               c_w.l(ferror.o)
    0x08004a24   0x00000008   Code   RO          751    .text               c_w.l(libspace.o)
    0x08004a2c   0x0000004a   Code   RO          754    .text               c_w.l(sys_stackheap_outer.o)
    0x08004a76   0x00000012   Code   RO          758    .text               c_w.l(exit.o)
    0x08004a88   0x00000080   Code   RO          760    .text               c_w.l(strcmpv7m.o)
    0x08004b08   0x0000003e   Code   RO          716    CL$$btod_d2e        c_w.l(btod.o)
    0x08004b46   0x00000046   Code   RO          718    CL$$btod_d2e_denorm_low  c_w.l(btod.o)
    0x08004b8c   0x00000060   Code   RO          717    CL$$btod_d2e_norm_op1  c_w.l(btod.o)
    0x08004bec   0x00000338   Code   RO          726    CL$$btod_div_common  c_w.l(btod.o)
    0x08004f24   0x000000c6   Code   RO          723    CL$$btod_e2e        c_w.l(btod.o)
    0x08004fea   0x00000028   Code   RO          720    CL$$btod_ediv       c_w.l(btod.o)
    0x08005012   0x00000028   Code   RO          719    CL$$btod_emul       c_w.l(btod.o)
    0x0800503a   0x00000244   Code   RO          725    CL$$btod_mult_common  c_w.l(btod.o)
    0x0800527e   0x00000028   Code   RO          749    i.__ARM_fpclassify  m_ws.l(fpclassify.o)
    0x080052a6   0x00000002   PAD
    0x080052a8   0x0000002c   Code   RO          743    locale$$code        c_w.l(lc_numeric_c.o)
    0x080052d4   0x00000062   Code   RO          618    x$fpl$d2f           fz_ws.l(d2f.o)
    0x08005336   0x00000002   PAD
    0x08005338   0x00000150   Code   RO          620    x$fpl$dadd          fz_ws.l(daddsub_clz.o)
    0x08005488   0x000002b0   Code   RO          627    x$fpl$ddiv          fz_ws.l(ddiv.o)
    0x08005738   0x00000026   Code   RO          630    x$fpl$dfltu         fz_ws.l(dflt_clz.o)
    0x0800575e   0x00000002   PAD
    0x08005760   0x00000154   Code   RO          636    x$fpl$dmul          fz_ws.l(dmul.o)
    0x080058b4   0x0000009c   Code   RO          676    x$fpl$dnaninf       fz_ws.l(dnaninf.o)
    0x08005950   0x0000000c   Code   RO          678    x$fpl$dretinf       fz_ws.l(dretinf.o)
    0x0800595c   0x00000016   Code   RO          621    x$fpl$drsb          fz_ws.l(daddsub_clz.o)
    0x08005972   0x00000002   PAD
    0x08005974   0x000001d4   Code   RO          622    x$fpl$dsub          fz_ws.l(daddsub_clz.o)
    0x08005b48   0x00000056   Code   RO          638    x$fpl$f2d           fz_ws.l(f2d.o)
    0x08005b9e   0x00000002   PAD
    0x08005ba0   0x000000c4   Code   RO          640    x$fpl$fadd          fz_ws.l(faddsub_clz.o)
    0x08005c64   0x0000000c   Code   RO          680    x$fpl$fcheck1       fz_ws.l(fcheck1.o)
    0x08005c70   0x00000036   Code   RO          646    x$fpl$ffix          fz_ws.l(ffix.o)
    0x08005ca6   0x00000002   PAD
    0x08005ca8   0x0000003e   Code   RO          650    x$fpl$ffixu         fz_ws.l(ffixu.o)
    0x08005ce6   0x00000002   PAD
    0x08005ce8   0x00000030   Code   RO          655    x$fpl$fflt          fz_ws.l(fflt_clz.o)
    0x08005d18   0x00000026   Code   RO          654    x$fpl$ffltu         fz_ws.l(fflt_clz.o)
    0x08005d3e   0x00000002   PAD
    0x08005d40   0x00000102   Code   RO          660    x$fpl$fmul          fz_ws.l(fmul.o)
    0x08005e42   0x0000008c   Code   RO          682    x$fpl$fnaninf       fz_ws.l(fnaninf.o)
    0x08005ece   0x0000000a   Code   RO          684    x$fpl$fretinf       fz_ws.l(fretinf.o)
    0x08005ed8   0x000000ea   Code   RO          642    x$fpl$fsub          fz_ws.l(faddsub_clz.o)
    0x08005fc2   0x00000004   Code   RO          662    x$fpl$printf1       fz_ws.l(printf1.o)
    0x08005fc6   0x00000064   Code   RO          747    x$fpl$retnan        fz_ws.l(retnan.o)
    0x0800602a   0x0000004c   Code   RO          664    x$fpl$scalbnf       fz_ws.l(scalbnf.o)
    0x08006076   0x00000030   Code   RO          813    x$fpl$trapveneer    fz_ws.l(trapv.o)
    0x080060a6   0x00000000   Code   RO          686    x$fpl$usenofp       fz_ws.l(usenofp.o)
    0x080060a6   0x00000028   Data   RO          569    .constdata          c_w.l(_printf_hex_int.o)
    0x080060ce   0x00000002   PAD
    0x080060d0   0x00000094   Data   RO          714    .constdata          c_w.l(bigflt0.o)
    0x08006164   0x00000020   Data   RO          888    Region$$Table       anon$$obj.o
    0x08006184   0x0000001c   Data   RO          742    locale$$data        c_w.l(lc_numeric_c.o)


    Execution Region ER_RW (Base: 0x20000000, Size: 0x00000088, Max: 0xffffffff, ABSOLUTE)

    Base Addr    Size         Type   Attr      Idx    E Section Name        Object

    0x20000000   0x00000014   Data   RW           18    .data               system_stm32f10x.o
    0x20000014   0x00000001   Data   RW           89    .data               init_config.o
    0x20000015   0x00000003   PAD
    0x20000018   0x00000004   Data   RW          180    .data               uart1.o
    0x2000001c   0x00000012   Data   RW          216    .data               nrf24.o
    0x2000002e   0x00000010   Data   RW          246    .data               interrupt_config.o
    0x2000003e   0x00000001   Data   RW          265    .data               main.o
    0x2000003f   0x00000001   PAD
    0x20000040   0x00000008   Data   RW          311    .data               stm32f10x_it.o
    0x20000048   0x00000014   Data   RW          377    .data               stm32f10x_rcc.o
    0x2000005c   0x00000016   Data   RW          480    .data               control.o
    0x20000072   0x00000001   Data   RW          514    .data               commuav.o
    0x20000073   0x00000001   PAD
    0x20000074   0x00000014   Data   RW          530    .data               filt.o


    Execution Region ER_ZI (Base: 0x20000088, Size: 0x00000ac0, Max: 0xffffffff, ABSOLUTE)

    Base Addr    Size         Type   Attr      Idx    E Section Name        Object

    0x20000088   0x00000400   Zero   RW          154    .bss                stmflash.o
    0x20000488   0x0000000c   Zero   RW          329    .bss                configtable.o
    0x20000494   0x00000020   Zero   RW          513    .bss                commuav.o
    0x200004b4   0x00000030   Zero   RW          529    .bss                filt.o
    0x200004e4   0x00000060   Zero   RW          752    .bss                c_w.l(libspace.o)
    0x20000544   0x00000004   PAD
    0x20000548   0x00000200   Zero   RW           82    HEAP                startup_stm32f10x_md.o
    0x20000748   0x00000400   Zero   RW           81    STACK               startup_stm32f10x_md.o


==============================================================================

Image component sizes


      Code (inc. data)   RO Data    RW Data    ZI Data      Debug   Object Name

       316         54          0          0          0       1860   adc.o
       172         24          0          1         32       1518   commuav.o
       216         30          0          0         12       2934   configtable.o
      1472        204          0         22          0       3792   control.o
         0          0          0          0          0       4540   core_cm3.o
        56          0          0          0          0        664   delay.o
       212         30          0         20         48       2088   filt.o
      1292         46          0          1          0     232398   init_config.o
       532        218          0         16          0       1759   interrupt_config.o
       224         26          0          1          0        571   main.o
       176         14          0          0          0       1753   misc.o
      2560         30          0         18          0      15840   nrf24.o
        64         26        236          0       1536        784   startup_stm32f10x_md.o
       816         24          0          0          0      11141   stm32f10x_adc.o
       232          8          0          0          0       2251   stm32f10x_exti.o
      1148         22          0          0          0       9160   stm32f10x_flash.o
       620         36          0          0          0       5717   stm32f10x_gpio.o
       152          8          0          8          0       2589   stm32f10x_it.o
       692         32          0         20          0       8840   stm32f10x_rcc.o
       628         14          0          0          0       6858   stm32f10x_spi.o
      2804         86          0          0          0      22838   stm32f10x_tim.o
       808         22          0          0          0       8632   stm32f10x_usart.o
       516         44          0          0       1024       4309   stmflash.o
       336         32          0         20          0      58299   system_stm32f10x.o
        68          6          0          4          0       2715   uart1.o

    ----------------------------------------------------------------------
     16112       1036        268        136       2652     413850   Object Totals
         0          0         32          0          0          0   (incl. Generated)
         0          0          0          5          0          0   (incl. Padding)

    ----------------------------------------------------------------------

      Code (inc. data)   RO Data    RW Data    ZI Data      Debug   Library Member Name

         8          0          0          0          0         68   __main.o
       104          0          0          0          0         84   __printf.o
         0          0          0          0          0          0   __rtentry.o
        12          0          0          0          0          0   __rtentry2.o
         6          0          0          0          0          0   __rtentry4.o
        52          8          0          0          0          0   __scatter.o
        26          0          0          0          0          0   __scatter_copy.o
        28          0          0          0          0          0   __scatter_zi.o
        48          6          0          0          0         96   _printf_char_common.o
        36          4          0          0          0         80   _printf_char_file.o
         6          0          0          0          0          0   _printf_d.o
       120         16          0          0          0         92   _printf_dec.o
         6          0          0          0          0          0   _printf_f.o
      1050          0          0          0          0        216   _printf_fp_dec.o
       128         16          0          0          0         84   _printf_fp_infnan.o
        88          4         40          0          0         88   _printf_hex_int.o
       178          0          0          0          0         88   _printf_intcommon.o
         0          0          0          0          0          0   _printf_percent.o
         4          0          0          0          0          0   _printf_percent_end.o
         6          0          0          0          0          0   _printf_x.o
       220          4        148          0          0         96   bigflt0.o
      1910        128          0          0          0        672   btod.o
        18          0          0          0          0         80   exit.o
         8          0          0          0          0         68   ferror.o
         6          0          0          0          0        152   heapauxi.o
        44         10         28          0          0         76   lc_numeric_c.o
         2          0          0          0          0          0   libinit.o
        18          0          0          0          0          0   libinit2.o
         2          0          0          0          0          0   libshutdown.o
         2          0          0          0          0          0   libshutdown2.o
         8          4          0          0         96         68   libspace.o
        38          0          0          0          0         68   llshl.o
       138          0          0          0          0         80   lludiv10.o
        24          4          0          0          0         84   noretval__2printf.o
         8          4          0          0          0         68   rt_locale_intlibspace.o
       138          0          0          0          0         68   rt_memcpy_v6.o
       100          0          0          0          0         80   rt_memcpy_w.o
         2          0          0          0          0          0   rtexit.o
        10          0          0          0          0          0   rtexit2.o
       128          0          0          0          0         68   strcmpv7m.o
        74          0          0          0          0         80   sys_stackheap_outer.o
         2          0          0          0          0         68   use_no_semi.o
         2          0          0          0          0         68   use_no_semi_2.o
        98          4          0          0          0         92   d2f.o
       826         16          0          0          0        348   daddsub_clz.o
       688        140          0          0          0        208   ddiv.o
        38          0          0          0          0         68   dflt_clz.o
       340         12          0          0          0        104   dmul.o
       156          4          0          0          0         92   dnaninf.o
        12          0          0          0          0         68   dretinf.o
        86          4          0          0          0         84   f2d.o
       430          8          0          0          0        168   faddsub_clz.o
        12          4          0          0          0         68   fcheck1.o
        54          4          0          0          0         84   ffix.o
        62          4          0          0          0         84   ffixu.o
        86          0          0          0          0        136   fflt_clz.o
       258          4          0          0          0         84   fmul.o
       140          4          0          0          0         84   fnaninf.o
        10          0          0          0          0         68   fretinf.o
         4          0          0          0          0         68   printf1.o
       100          0          0          0          0         68   retnan.o
        76          0          0          0          0         68   scalbnf.o
        48          0          0          0          0         68   trapv.o
         0          0          0          0          0          0   usenofp.o
        40          0          0          0          0         68   fpclassify.o

    ----------------------------------------------------------------------
      8394        416        218          0        100       5020   Library Totals
        22          0          2          0          4          0   (incl. Padding)

    ----------------------------------------------------------------------

      Code (inc. data)   RO Data    RW Data    ZI Data      Debug   Library Name

      4808        208        216          0         96       2840   c_w.l
      3524        208          0          0          0       2112   fz_ws.l
        40          0          0          0          0         68   m_ws.l

    ----------------------------------------------------------------------
      8394        416        218          0        100       5020   Library Totals

    ----------------------------------------------------------------------

==============================================================================


      Code (inc. data)   RO Data    RW Data    ZI Data      Debug   

     24506       1452        486        136       2752     412782   Grand Totals
     24506       1452        486        136       2752     412782   ELF Image Totals
     24506       1452        486        136          0          0   ROM Totals

==============================================================================

    Total RO  Size (Code + RO Data)                24992 (  24.41kB)
    Total RW  Size (RW Data + ZI Data)              2888 (   2.82kB)
    Total ROM Size (Code + RO Data + RW Data)      25128 (  24.54kB)

==============================================================================

