Product: MDK-ARM Standard 5.10
Component: ARM Compiler 5.04 update 1 (build 49)
Tool: armlink [5040049]

==============================================================================

Section Cross References

    system_stm32f10x.o(.text) refers to system_stm32f10x.o(.data) for SystemCoreClock
    startup_stm32f10x_md.o(STACK) refers (Special) to heapauxi.o(.text) for __use_two_region_memory
    startup_stm32f10x_md.o(HEAP) refers (Special) to heapauxi.o(.text) for __use_two_region_memory
    startup_stm32f10x_md.o(RESET) refers (Special) to heapauxi.o(.text) for __use_two_region_memory
    startup_stm32f10x_md.o(RESET) refers to startup_stm32f10x_md.o(STACK) for __initial_sp
    startup_stm32f10x_md.o(RESET) refers to startup_stm32f10x_md.o(.text) for Reset_Handler
    startup_stm32f10x_md.o(RESET) refers to stm32f10x_it.o(.text) for NMI_Handler
    startup_stm32f10x_md.o(RESET) refers to key.o(.text) for EXTI1_IRQHandler
    startup_stm32f10x_md.o(RESET) refers to tim.o(.text) for TIM3_IRQHandler
    startup_stm32f10x_md.o(RESET) refers to uart1.o(.text) for USART1_IRQHandler
    startup_stm32f10x_md.o(.text) refers (Special) to heapauxi.o(.text) for __use_two_region_memory
    startup_stm32f10x_md.o(.text) refers to system_stm32f10x.o(.text) for SystemInit
    startup_stm32f10x_md.o(.text) refers to __main.o(!!!main) for __main
    startup_stm32f10x_md.o(.text) refers to startup_stm32f10x_md.o(HEAP) for Heap_Mem
    startup_stm32f10x_md.o(.text) refers to startup_stm32f10x_md.o(STACK) for Stack_Mem
    delay.o(.text) refers to stm32f10x_it.o(.text) for micros
    led.o(.text) refers to stm32f10x_gpio.o(.text) for GPIO_SetBits
    led.o(.text) refers to led.o(.data) for i
    tim.o(.text) refers to _printf_percent.o(.ARM.Collect$$_printf_percent$$00000000) for _printf_percent
    tim.o(.text) refers to _printf_d.o(.ARM.Collect$$_printf_percent$$00000009) for _printf_d
    tim.o(.text) refers to _printf_dec.o(.text) for _printf_int_dec
    tim.o(.text) refers to _printf_x.o(.ARM.Collect$$_printf_percent$$0000000C) for _printf_x
    tim.o(.text) refers to _printf_hex_int.o(.text) for _printf_longlong_hex
    tim.o(.text) refers to stm32f10x_tim.o(.text) for TIM_GetITStatus
    tim.o(.text) refers to noretval__2printf.o(.text) for __2printf
    tim.o(.text) refers to stm32f10x_rcc.o(.text) for RCC_APB1PeriphClockCmd
    tim.o(.text) refers to misc.o(.text) for NVIC_PriorityGroupConfig
    tim.o(.text) refers to tim.o(.data) for flag10Hzcnt
    tim.o(.text) refers to control.o(.data) for Throttle
    tim.o(.text) refers to nrf24.o(.data) for NRF24_tx_address
    stmflash.o(.text) refers to noretval__2printf.o(.text) for __2printf
    stmflash.o(.text) refers to delay.o(.text) for delay_us
    stmflash.o(.text) refers to stmflash.o(.bss) for STMFLASH_BUF
    uart1.o(.text) refers (Special) to use_no_semi_2.o(.text) for __use_no_semihosting
    uart1.o(.text) refers to _printf_percent.o(.ARM.Collect$$_printf_percent$$00000000) for _printf_percent
    uart1.o(.text) refers to _printf_d.o(.ARM.Collect$$_printf_percent$$00000009) for _printf_d
    uart1.o(.text) refers to _printf_dec.o(.text) for _printf_int_dec
    uart1.o(.text) refers to misc.o(.text) for NVIC_Init
    uart1.o(.text) refers to fflt_clz.o(x$fpl$ffltu) for __aeabi_ui2f
    uart1.o(.text) refers to fdiv.o(x$fpl$fdiv) for __aeabi_fdiv
    uart1.o(.text) refers to ffixu.o(x$fpl$ffixu) for __aeabi_f2uiz
    uart1.o(.text) refers to faddsub_clz.o(x$fpl$frsb) for __aeabi_frsub
    uart1.o(.text) refers to fmul.o(x$fpl$fmul) for __aeabi_fmul
    uart1.o(.text) refers to noretval__2printf.o(.text) for __2printf
    uart1.o(.text) refers to stm32f10x_usart.o(.text) for USART_ITConfig
    uart1.o(.text) refers to uart1.o(.bss) for UartTxbuf
    uart1.o(.text) refers to uart1.o(.data) for Udatatmp
    uart1.o(.bss) refers (Special) to use_no_semi_2.o(.text) for __use_no_semihosting
    uart1.o(.data) refers (Special) to use_no_semi_2.o(.text) for __use_no_semihosting
    adc.o(.text) refers to fflt_clz.o(x$fpl$ffltu) for __aeabi_ui2f
    adc.o(.text) refers to f2d.o(x$fpl$f2d) for __aeabi_f2d
    adc.o(.text) refers to dmul.o(x$fpl$dmul) for __aeabi_dmul
    adc.o(.text) refers to d2f.o(x$fpl$d2f) for __aeabi_d2f
    adc.o(.text) refers to daddsub_clz.o(x$fpl$drsb) for __aeabi_drsub
    adc.o(.text) refers to ddiv.o(x$fpl$ddiv) for __aeabi_ddiv
    adc.o(.text) refers to daddsub_clz.o(x$fpl$dadd) for __aeabi_dadd
    adc.o(.text) refers to fmul.o(x$fpl$fmul) for __aeabi_fmul
    adc.o(.text) refers to ffix.o(x$fpl$ffix) for __aeabi_f2iz
    key.o(.text) refers to stm32f10x_rcc.o(.text) for RCC_APB2PeriphClockCmd
    key.o(.text) refers to misc.o(.text) for NVIC_Init
    key.o(.text) refers to stm32f10x_gpio.o(.text) for GPIO_Init
    key.o(.text) refers to stm32f10x_exti.o(.text) for EXTI_Init
    key.o(.text) refers to noretval__2printf.o(.text) for __2printf
[...]
    .ARM.Collect$$libinit$$00000002          0x08000172   Section        0  libinit2.o(.ARM.Collect$$libinit$$00000002)
    .ARM.Collect$$libinit$$00000008          0x08000172   Section        0  libinit2.o(.ARM.Collect$$libinit$$00000008)
    .ARM.Collect$$libinit$$0000000A          0x08000172   Section        0  libinit2.o(.ARM.Collect$$libinit$$0000000A)
    .ARM.Collect$$libinit$$0000000C          0x08000172   Section        0  libinit2.o(.ARM.Collect$$libinit$$0000000C)
    .ARM.Collect$$libinit$$0000000F          0x08000172   Section        0  libinit2.o(.ARM.Collect$$libinit$$0000000F)
    .ARM.Collect$$libinit$$00000011          0x08000172   Section        0  libinit2.o(.ARM.Collect$$libinit$$00000011)
    .ARM.Collect$$libinit$$00000013          0x08000172   Section        0  libinit2.o(.ARM.Collect$$libinit$$00000013)
    .ARM.Collect$$libinit$$00000015          0x08000172   Section        0  libinit2.o(.ARM.Collect$$libinit$$00000015)
    .ARM.Collect$$libinit$$00000017          0x08000172   Section        0  libinit2.o(.ARM.Collect$$libinit$$00000017)
    .ARM.Collect$$libinit$$00000019          0x08000172   Section        0  libinit2.o(.ARM.Collect$$libinit$$00000019)
    .ARM.Collect$$libinit$$0000001B          0x08000172   Section        0  libinit2.o(.ARM.Collect$$libinit$$0000001B)
    .ARM.Collect$$libinit$$0000001D          0x08000172   Section        0  libinit2.o(.ARM.Collect$$libinit$$0000001D)
    .ARM.Collect$$libinit$$0000001F          0x08000172   Section        0  libinit2.o(.ARM.Collect$$libinit$$0000001F)
    .ARM.Collect$$libinit$$00000021          0x08000172   Section        0  libinit2.o(.ARM.Collect$$libinit$$00000021)
    .ARM.Collect$$libinit$$00000023          0x08000172   Section        0  libinit2.o(.ARM.Collect$$libinit$$00000023)
    .ARM.Collect$$libinit$$0000002A          0x08000172   Section        0  libinit2.o(.ARM.Collect$$libinit$$0000002A)
    .ARM.Collect$$libinit$$0000002C          0x08000172   Section        0  libinit2.o(.ARM.Collect$$libinit$$0000002C)
    .ARM.Collect$$libinit$$0000002E          0x08000172   Section        0  libinit2.o(.ARM.Collect$$libinit$$0000002E)
    .ARM.Collect$$libinit$$00000030          0x08000172   Section        0  libinit2.o(.ARM.Collect$$libinit$$00000030)
    .ARM.Collect$$libinit$$00000031          0x08000172   Section        2  libinit2.o(.ARM.Collect$$libinit$$00000031)
    .ARM.Collect$$libshutdown$$00000000      0x08000174   Section        2  libshutdown.o(.ARM.Collect$$libshutdown$$00000000)
    .ARM.Collect$$libshutdown$$00000003      0x08000176   Section        0  libshutdown2.o(.ARM.Collect$$libshutdown$$00000003)
    .ARM.Collect$$libshutdown$$00000006      0x08000176   Section        0  libshutdown2.o(.ARM.Collect$$libshutdown$$00000006)
    .ARM.Collect$$libshutdown$$00000009      0x08000176   Section        0  libshutdown2.o(.ARM.Collect$$libshutdown$$00000009)
    .ARM.Collect$$libshutdown$$0000000B      0x08000176   Section        0  libshutdown2.o(.ARM.Collect$$libshutdown$$0000000B)
    .ARM.Collect$$libshutdown$$0000000E      0x08000176   Section        0  libshutdown2.o(.ARM.Collect$$libshutdown$$0000000E)
    .ARM.Collect$$libshutdown$$0000000F      0x08000176   Section        2  libshutdown2.o(.ARM.Collect$$libshutdown$$0000000F)
    .ARM.Collect$$rtentry$$00000000          0x08000178   Section        0  rtentry.o(.ARM.Collect$$rtentry$$00000000)
    .ARM.Collect$$rtentry$$00000002          0x08000178   Section        0  rtentry2.o(.ARM.Collect$$rtentry$$00000002)
    .ARM.Collect$$rtentry$$00000004          0x08000178   Section        6  rtentry4.o(.ARM.Collect$$rtentry$$00000004)
    .ARM.Collect$$rtentry$$00000009          0x0800017e   Section        0  rtentry2.o(.ARM.Collect$$rtentry$$00000009)
    .ARM.Collect$$rtentry$$0000000A          0x0800017e   Section        4  rtentry2.o(.ARM.Collect$$rtentry$$0000000A)
    .ARM.Collect$$rtentry$$0000000C          0x08000182   Section        0  rtentry2.o(.ARM.Collect$$rtentry$$0000000C)
    .ARM.Collect$$rtentry$$0000000D          0x08000182   Section        8  rtentry2.o(.ARM.Collect$$rtentry$$0000000D)
    .ARM.Collect$$rtexit$$00000000           0x0800018a   Section        2  rtexit.o(.ARM.Collect$$rtexit$$00000000)
    .ARM.Collect$$rtexit$$00000002           0x0800018c   Section        0  rtexit2.o(.ARM.Collect$$rtexit$$00000002)
    .ARM.Collect$$rtexit$$00000003           0x0800018c   Section        4  rtexit2.o(.ARM.Collect$$rtexit$$00000003)
    .ARM.Collect$$rtexit$$00000004           0x08000190   Section        6  rtexit2.o(.ARM.Collect$$rtexit$$00000004)
    .text                                    0x08000198   Section        0  system_stm32f10x.o(.text)
    SetSysClockTo36                          0x08000199   Thumb Code   210  system_stm32f10x.o(.text)
    SetSysClock                              0x0800026b   Thumb Code     8  system_stm32f10x.o(.text)
    .text                                    0x08000374   Section       64  startup_stm32f10x_md.o(.text)
    .text                                    0x080003b4   Section        0  delay.o(.text)
    .text                                    0x080003f0   Section        0  led.o(.text)
    .text                                    0x08000538   Section        0  tim.o(.text)
    .text                                    0x080007e4   Section        0  stmflash.o(.text)
    .text                                    0x08000a44   Section        0  uart1.o(.text)
    .text                                    0x08000cc0   Section        0  adc.o(.text)
    .text                                    0x08000f30   Section        0  key.o(.text)
    .text                                    0x08001110   Section        0  spi.o(.text)
    .text                                    0x0800122c   Section        0  nrf24.o(.text)
    .text                                    0x08001d78   Section        0  main.o(.text)
    .text                                    0x08001f18   Section        0  stm32f10x_it.o(.text)
    .text                                    0x08001fc4   Section        0  sys_fun.o(.text)
    .text                                    0x08002138   Section        0  configtable.o(.text)
    isEEPROMValid                            0x08002139   Thumb Code    26  configtable.o(.text)
    .text                                    0x08002254   Section        0  misc.o(.text)
    .text                                    0x08002330   Section        0  stm32f10x_gpio.o(.text)
    .text                                    0x0800268c   Section        0  stm32f10x_rcc.o(.text)
    .text                                    0x08002a30   Section        0  stm32f10x_tim.o(.text)
    TI4_Config                               0x08002ed7   Thumb Code   130  stm32f10x_tim.o(.text)
    TI3_Config                               0x08002f6b   Thumb Code   122  stm32f10x_tim.o(.text)
    TI2_Config                               0x08002fff   Thumb Code   130  stm32f10x_tim.o(.text)
    TI1_Config                               0x08003093   Thumb Code   108  stm32f10x_tim.o(.text)
    .text                                    0x0800384c   Section        0  stm32f10x_usart.o(.text)
    .text                                    0x08003c54   Section        0  stm32f10x_spi.o(.text)
    .text                                    0x08003f60   Section        0  stm32f10x_exti.o(.text)
    .text                                    0x0800407c   Section        0  control.o(.text)
    .text                                    0x080047a8   Section        0  commuav.o(.text)
    uart8chk                                 0x080047a9   Thumb Code    28  commuav.o(.text)
    uart16chk                                0x080047c5   Thumb Code    20  commuav.o(.text)
    .text                                    0x08004878   Section        2  use_no_semi_2.o(.text)
    .text                                    0x0800487a   Section       38  llshl.o(.text)
    .text                                    0x080048a0   Section        0  noretval__2printf.o(.text)
    .text                                    0x080048b8   Section        0  __printf.o(.text)
    .text                                    0x08004920   Section        0  _printf_dec.o(.text)
    .text                                    0x08004994   Section        0  _printf_hex_int.o(.text)
    .text                                    0x080049ec   Section      138  rt_memcpy_v6.o(.text)
    .text                                    0x08004a76   Section        0  heapauxi.o(.text)
    .text                                    0x08004a7c   Section        2  use_no_semi.o(.text)
    .text                                    0x08004a7e   Section        0  _printf_intcommon.o(.text)
    .text                                    0x08004b30   Section        0  _printf_char_file.o(.text)
    .text                                    0x08004b54   Section      100  rt_memcpy_w.o(.text)
    .text                                    0x08004bb8   Section        0  _printf_char_common.o(.text)
    _printf_input_char                       0x08004bb9   Thumb Code    10  _printf_char_common.o(.text)
    .text                                    0x08004be8   Section        0  ferror.o(.text)
    .text                                    0x08004bf0   Section       74  sys_stackheap_outer.o(.text)
    .text                                    0x08004c3a   Section        0  exit.o(.text)
    .text                                    0x08004c48   Section        8  libspace.o(.text)
    x$fpl$d2f                                0x08004c50   Section       98  d2f.o(x$fpl$d2f)
    x$fpl$dadd                               0x08004cb4   Section      336  daddsub_clz.o(x$fpl$dadd)
    _dadd1                                   0x08004cc5   Thumb Code     0  daddsub_clz.o(x$fpl$dadd)
    x$fpl$ddiv                               0x08004e04   Section      688  ddiv.o(x$fpl$ddiv)
    ddiv_entry                               0x08004e0b   Thumb Code     0  ddiv.o(x$fpl$ddiv)
    x$fpl$dfixu                              0x080050b4   Section       90  dfixu.o(x$fpl$dfixu)
    x$fpl$dfltu                              0x0800510e   Section       38  dflt_clz.o(x$fpl$dfltu)
    x$fpl$dmul                               0x08005134   Section      340  dmul.o(x$fpl$dmul)
    x$fpl$dnaninf                            0x08005288   Section      156  dnaninf.o(x$fpl$dnaninf)
    x$fpl$dretinf                            0x08005324   Section       12  dretinf.o(x$fpl$dretinf)
    x$fpl$drsb                               0x08005330   Section       22  daddsub_clz.o(x$fpl$drsb)
    x$fpl$dsub                               0x08005348   Section      468  daddsub_clz.o(x$fpl$dsub)
    _dsub1                                   0x08005359   Thumb Code     0  daddsub_clz.o(x$fpl$dsub)
    x$fpl$f2d                                0x0800551c   Section       86  f2d.o(x$fpl$f2d)
    x$fpl$fadd                               0x08005574   Section      196  faddsub_clz.o(x$fpl$fadd)
    _fadd1                                   0x08005583   Thumb Code     0  faddsub_clz.o(x$fpl$fadd)
    x$fpl$fdiv                               0x08005638   Section      388  fdiv.o(x$fpl$fdiv)
    _fdiv1                                   0x08005639   Thumb Code     0  fdiv.o(x$fpl$fdiv)
    x$fpl$ffix                               0x080057bc   Section       54  ffix.o(x$fpl$ffix)
    x$fpl$ffixu                              0x080057f4   Section       62  ffixu.o(x$fpl$ffixu)
    x$fpl$ffltu                              0x08005834   Section       38  fflt_clz.o(x$fpl$ffltu)
    x$fpl$fmul                               0x0800585c   Section      258  fmul.o(x$fpl$fmul)
    x$fpl$fnaninf                            0x0800595e   Section      140  fnaninf.o(x$fpl$fnaninf)
    x$fpl$fretinf                            0x080059ea   Section       10  fretinf.o(x$fpl$fretinf)
    x$fpl$frsb                               0x080059f4   Section       20  faddsub_clz.o(x$fpl$frsb)
    x$fpl$fsub                               0x08005a08   Section      234  faddsub_clz.o(x$fpl$fsub)
    _fsub1                                   0x08005a17   Thumb Code     0  faddsub_clz.o(x$fpl$fsub)
    .constdata                               0x08005af2   Section       40  _printf_hex_int.o(.constdata)
    x$fpl$usenofp                            0x08005af2   Section        0  usenofp.o(x$fpl$usenofp)
    uc_hextab                                0x08005af2   Data          20  _printf_hex_int.o(.constdata)
    lc_hextab                                0x08005b06   Data          20  _printf_hex_int.o(.constdata)
    .data                                    0x20000000   Section       20  system_stm32f10x.o(.data)
    .data                                    0x20000014   Section        1  led.o(.data)
    i                                        0x20000014   Data           1  led.o(.data)
    .data                                    0x20000016   Section       16  tim.o(.data)
    .data                                    0x20000028   Section        5  uart1.o(.data)
    .data                                    0x20000030   Section       20  nrf24.o(.data)
    .data                                    0x20000044   Section        2  main.o(.data)
    ledsta                                   0x20000044   Data           1  main.o(.data)
    datasent                                 0x20000045   Data           1  main.o(.data)
    .data                                    0x20000048   Section        8  stm32f10x_it.o(.data)
    usTicks                                  0x20000048   Data           4  stm32f10x_it.o(.data)
    .data                                    0x20000050   Section        1  sys_fun.o(.data)
    .data                                    0x20000051   Section       20  stm32f10x_rcc.o(.data)
    APBAHBPrescTable                         0x20000051   Data          16  stm32f10x_rcc.o(.data)
    ADCPrescTable                            0x20000061   Data           4  stm32f10x_rcc.o(.data)
    .data                                    0x20000066   Section       27  control.o(.data)
    Locksta                                  0x20000079   Data           1  control.o(.data)
    cnt                                      0x2000007a   Data           1  control.o(.data)
    i                                        0x2000007e   Data           1  control.o(.data)
    lednum                                   0x2000007f   Data           1  control.o(.data)
    clibrasumNum                             0x20000080   Data           1  control.o(.data)
    .data                                    0x20000082   Section       10  commuav.o(.data)
    .bss                                     0x2000008c   Section     1024  stmflash.o(.bss)
    .bss                                     0x2000048c   Section      280  uart1.o(.bss)
    .bss                                     0x200005a4   Section       14  configtable.o(.bss)
    .bss                                     0x200005b2   Section       32  commuav.o(.bss)
    .bss                                     0x200005d4   Section       96  libspace.o(.bss)
    HEAP                                     0x20000638   Section      512  startup_stm32f10x_md.o(HEAP)
    Heap_Mem                                 0x20000638   Data         512  startup_stm32f10x_md.o(HEAP)
    STACK                                    0x20000838   Section     1024  startup_stm32f10x_md.o(STACK)
    Stack_Mem                                0x20000838   Data        1024  startup_stm32f10x_md.o(STACK)
    __initial_sp                             0x20000c38   Data           0  startup_stm32f10x_md.o(STACK)

    Global Symbols

    Symbol Name                              Value     Ov Type        Size  Object(Section)

    BuildAttributes$$THM_ISAv4$P$D$K$B$S$PE$A:L22UL41UL21$X:L11$S22US41US21$IEEE1$IW$USESV6$~STKCKD$USESV7$~SHL$OSPACE$ROPI$EBA8$UX$STANDARDLIB$REQ8$PRES8$EABIv2 0x00000000   Number         0  anon$$obj.o ABSOLUTE
    __ARM_use_no_argv                        0x00000000   Number         0  main.o ABSOLUTE
    __ARM_exceptions_init                     - Undefined Weak Reference
    __alloca_initialize                       - Undefined Weak Reference
    __cpp_initialize__aeabi_                  - Undefined Weak Reference
    __cxa_finalize                            - Undefined Weak Reference
    __rt_locale                               - Undefined Weak Reference
    __sigvec_lookup                           - Undefined Weak Reference
    _atexit_init                              - Undefined Weak Reference
    _call_atexit_fns                          - Undefined Weak Reference
    _clock_init                               - Undefined Weak Reference
    _fp_trap_init                             - Undefined Weak Reference
    _fp_trap_shutdown                         - Undefined Weak Reference
    _get_lc_collate                           - Undefined Weak Reference
    _get_lc_ctype                             - Undefined Weak Reference
    _get_lc_monetary                          - Undefined Weak Reference
    _get_lc_numeric                           - Undefined Weak Reference
    _get_lc_time                              - Undefined Weak Reference
    _getenv_init                              - Undefined Weak Reference
    _handle_redirection                       - Undefined Weak Reference
    _init_alloc                               - Undefined Weak Reference
    _init_user_alloc                          - Undefined Weak Reference
    _initio                                   - Undefined Weak Reference
    _mutex_acquire                            - Undefined Weak Reference
    _mutex_release                            - Undefined Weak Reference
    _printf_post_padding                      - Undefined Weak Reference
    _printf_pre_padding                       - Undefined Weak Reference
    _printf_truncate_signed                   - Undefined Weak Reference
    _printf_truncate_unsigned                 - Undefined Weak Reference
    _rand_init                                - Undefined Weak Reference
    _signal_finish                            - Undefined Weak Reference
    _signal_init                              - Undefined Weak Reference
    _terminate_alloc                          - Undefined Weak Reference
    _terminate_user_alloc                     - Undefined Weak Reference
    _terminateio                              - Undefined Weak Reference
    __Vectors_Size                           0x000000ec   Number         0  startup_stm32f10x_md.o ABSOLUTE
    __Vectors                                0x08000000   Data           4  startup_stm32f10x_md.o(RESET)
    __Vectors_End                            0x080000ec   Data           0  startup_stm32f10x_md.o(RESET)
    __main                                   0x080000ed   Thumb Code     8  __main.o(!!!main)
    __scatterload                            0x080000f5   Thumb Code     0  __scatter.o(!!!scatter)
    __scatterload_rt2                        0x080000f5   Thumb Code    44  __scatter.o(!!!scatter)
    __scatterload_rt2_thumb_only             0x080000f5   Thumb Code     0  __scatter.o(!!!scatter)
    __scatterload_null                       0x08000103   Thumb Code     0  __scatter.o(!!!scatter)
    __scatterload_copy                       0x08000129   Thumb Code    26  __scatter_copy.o(!!handler_copy)
    __scatterload_zeroinit                   0x08000145   Thumb Code    28  __scatter_zi.o(!!handler_zi)
    _printf_d                                0x08000161   Thumb Code     0  _printf_d.o(.ARM.Collect$$_printf_percent$$00000009)
    _printf_percent                          0x08000161   Thumb Code     0  _printf_percent.o(.ARM.Collect$$_printf_percent$$00000000)
    _printf_x                                0x08000167   Thumb Code     0  _printf_x.o(.ARM.Collect$$_printf_percent$$0000000C)
    _printf_percent_end                      0x0800016d   Thumb Code     0  _printf_percent_end.o(.ARM.Collect$$_printf_percent$$00000017)
    __rt_lib_init                            0x08000171   Thumb Code     0  libinit.o(.ARM.Collect$$libinit$$00000000)
    __rt_lib_init_alloca_1                   0x08000173   Thumb Code     0  libinit2.o(.ARM.Collect$$libinit$$0000002C)
    __rt_lib_init_argv_1                     0x08000173   Thumb Code     0  libinit2.o(.ARM.Collect$$libinit$$0000002A)
    __rt_lib_init_atexit_1                   0x08000173   Thumb Code     0  libinit2.o(.ARM.Collect$$libinit$$00000019)
    __rt_lib_init_clock_1                    0x08000173   Thumb Code     0  libinit2.o(.ARM.Collect$$libinit$$0000001F)
    __rt_lib_init_cpp_1                      0x08000173   Thumb Code     0  libinit2.o(.ARM.Collect$$libinit$$00000030)
    __rt_lib_init_exceptions_1               0x08000173   Thumb Code     0  libinit2.o(.ARM.Collect$$libinit$$0000002E)
    __rt_lib_init_fp_1                       0x08000173   Thumb Code     0  libinit2.o(.ARM.Collect$$libinit$$00000002)
    __rt_lib_init_fp_trap_1                  0x08000173   Thumb Code     0  libinit2.o(.ARM.Collect$$libinit$$0000001D)
    __rt_lib_init_getenv_1                   0x08000173   Thumb Code     0  libinit2.o(.ARM.Collect$$libinit$$00000021)
    __rt_lib_init_heap_1                     0x08000173   Thumb Code     0  libinit2.o(.ARM.Collect$$libinit$$00000008)
    __rt_lib_init_lc_collate_1               0x08000173   Thumb Code     0  libinit2.o(.ARM.Collect$$libinit$$0000000F)
    __rt_lib_init_lc_ctype_1                 0x08000173   Thumb Code     0  libinit2.o(.ARM.Collect$$libinit$$00000011)
    __rt_lib_init_lc_monetary_1              0x08000173   Thumb Code     0  libinit2.o(.ARM.Collect$$libinit$$00000013)
    __rt_lib_init_lc_numeric_1               0x08000173   Thumb Code     0  libinit2.o(.ARM.Collect$$libinit$$00000015)
    __rt_lib_init_lc_time_1                  0x08000173   Thumb Code     0  libinit2.o(.ARM.Collect$$libinit$$00000017)
    __rt_lib_init_rand_1                     0x08000173   Thumb Code     0  libinit2.o(.ARM.Collect$$libinit$$0000000C)
    __rt_lib_init_return                     0x08000173   Thumb Code     0  libinit2.o(.ARM.Collect$$libinit$$00000031)
    __rt_lib_init_signal_1                   0x08000173   Thumb Code     0  libinit2.o(.ARM.Collect$$libinit$$0000001B)
    __rt_lib_init_stdio_1                    0x08000173   Thumb Code     0  libinit2.o(.ARM.Collect$$libinit$$00000023)
    __rt_lib_init_user_alloc_1               0x08000173   Thumb Code     0  libinit2.o(.ARM.Collect$$libinit$$0000000A)
    __rt_lib_shutdown                        0x08000175   Thumb Code     0  libshutdown.o(.ARM.Collect$$libshutdown$$00000000)
    __rt_lib_shutdown_fp_trap_1              0x08000177   Thumb Code     0  libshutdown2.o(.ARM.Collect$$libshutdown$$00000006)
    __rt_lib_shutdown_heap_1                 0x08000177   Thumb Code     0  libshutdown2.o(.ARM.Collect$$libshutdown$$0000000E)
    __rt_lib_shutdown_return                 0x08000177   Thumb Code     0  libshutdown2.o(.ARM.Collect$$libshutdown$$0000000F)
    __rt_lib_shutdown_signal_1               0x08000177   Thumb Code     0  libshutdown2.o(.ARM.Collect$$libshutdown$$00000009)
    __rt_lib_shutdown_stdio_1                0x08000177   Thumb Code     0  libshutdown2.o(.ARM.Collect$$libshutdown$$00000003)
    __rt_lib_shutdown_user_alloc_1           0x08000177   Thumb Code     0  libshutdown2.o(.ARM.Collect$$libshutdown$$0000000B)
    __rt_entry                               0x08000179   Thumb Code     0  rtentry.o(.ARM.Collect$$rtentry$$00000000)
    __rt_entry_presh_1                       0x08000179   Thumb Code     0  rtentry2.o(.ARM.Collect$$rtentry$$00000002)
    __rt_entry_sh                            0x08000179   Thumb Code     0  rtentry4.o(.ARM.Collect$$rtentry$$00000004)
    __rt_entry_li                            0x0800017f   Thumb Code     0  rtentry2.o(.ARM.Collect$$rtentry$$0000000A)
    __rt_entry_postsh_1                      0x0800017f   Thumb Code     0  rtentry2.o(.ARM.Collect$$rtentry$$00000009)
    __rt_entry_main                          0x08000183   Thumb Code     0  rtentry2.o(.ARM.Collect$$rtentry$$0000000D)
    __rt_entry_postli_1                      0x08000183   Thumb Code     0  rtentry2.o(.ARM.Collect$$rtentry$$0000000C)
    __rt_exit                                0x0800018b   Thumb Code     0  rtexit.o(.ARM.Collect$$rtexit$$00000000)
    __rt_exit_ls                             0x0800018d   Thumb Code     0  rtexit2.o(.ARM.Collect$$rtexit$$00000003)
    __rt_exit_prels_1                        0x0800018d   Thumb Code     0  rtexit2.o(.ARM.Collect$$rtexit$$00000002)
    __rt_exit_exit                           0x08000191   Thumb Code     0  rtexit2.o(.ARM.Collect$$rtexit$$00000004)
    SystemInit                               0x08000273   Thumb Code    78  system_stm32f10x.o(.text)
    SystemCoreClockUpdate                    0x080002c1   Thumb Code   142  system_stm32f10x.o(.text)
    Reset_Handler                            0x08000375   Thumb Code     8  startup_stm32f10x_md.o(.text)
    ADC1_2_IRQHandler                        0x0800038f   Thumb Code     0  startup_stm32f10x_md.o(.text)
    CAN1_RX1_IRQHandler                      0x0800038f   Thumb Code     0  startup_stm32f10x_md.o(.text)
    CAN1_SCE_IRQHandler                      0x0800038f   Thumb Code     0  startup_stm32f10x_md.o(.text)
    DMA1_Channel1_IRQHandler                 0x0800038f   Thumb Code     0  startup_stm32f10x_md.o(.text)
    DMA1_Channel2_IRQHandler                 0x0800038f   Thumb Code     0  startup_stm32f10x_md.o(.text)
    DMA1_Channel3_IRQHandler                 0x0800038f   Thumb Code     0  startup_stm32f10x_md.o(.text)
    DMA1_Channel4_IRQHandler                 0x0800038f   Thumb Code     0  startup_stm32f10x_md.o(.text)
    DMA1_Channel5_IRQHandler                 0x0800038f   Thumb Code     0  startup_stm32f10x_md.o(.text)
    DMA1_Channel6_IRQHandler                 0x0800038f   Thumb Code     0  startup_stm32f10x_md.o(.text)
    DMA1_Channel7_IRQHandler                 0x0800038f   Thumb Code     0  startup_stm32f10x_md.o(.text)
    EXTI0_IRQHandler                         0x0800038f   Thumb Code     0  startup_stm32f10x_md.o(.text)
    EXTI15_10_IRQHandler                     0x0800038f   Thumb Code     0  startup_stm32f10x_md.o(.text)
    EXTI2_IRQHandler                         0x0800038f   Thumb Code     0  startup_stm32f10x_md.o(.text)
    EXTI4_IRQHandler                         0x0800038f   Thumb Code     0  startup_stm32f10x_md.o(.text)
    FLASH_IRQHandler                         0x0800038f   Thumb Code     0  startup_stm32f10x_md.o(.text)
    I2C1_ER_IRQHandler                       0x0800038f   Thumb Code     0  startup_stm32f10x_md.o(.text)
    I2C1_EV_IRQHandler                       0x0800038f   Thumb Code     0  startup_stm32f10x_md.o(.text)
    I2C2_ER_IRQHandler                       0x0800038f   Thumb Code     0  startup_stm32f10x_md.o(.text)
    I2C2_EV_IRQHandler                       0x0800038f   Thumb Code     0  startup_stm32f10x_md.o(.text)
    PVD_IRQHandler                           0x0800038f   Thumb Code     0  startup_stm32f10x_md.o(.text)
    RCC_IRQHandler                           0x0800038f   Thumb Code     0  startup_stm32f10x_md.o(.text)
    RTCAlarm_IRQHandler                      0x0800038f   Thumb Code     0  startup_stm32f10x_md.o(.text)
    RTC_IRQHandler                           0x0800038f   Thumb Code     0  startup_stm32f10x_md.o(.text)
    SPI1_IRQHandler                          0x0800038f   Thumb Code     0  startup_stm32f10x_md.o(.text)
    SPI2_IRQHandler                          0x0800038f   Thumb Code     0  startup_stm32f10x_md.o(.text)
    TAMPER_IRQHandler                        0x0800038f   Thumb Code     0  startup_stm32f10x_md.o(.text)
    TIM1_BRK_IRQHandler                      0x0800038f   Thumb Code     0  startup_stm32f10x_md.o(.text)
    TIM1_CC_IRQHandler                       0x0800038f   Thumb Code     0  startup_stm32f10x_md.o(.text)
    TIM1_TRG_COM_IRQHandler                  0x0800038f   Thumb Code     0  startup_stm32f10x_md.o(.text)
    TIM1_UP_IRQHandler                       0x0800038f   Thumb Code     0  startup_stm32f10x_md.o(.text)
    TIM2_IRQHandler                          0x0800038f   Thumb Code     0  startup_stm32f10x_md.o(.text)
    USART2_IRQHandler                        0x0800038f   Thumb Code     0  startup_stm32f10x_md.o(.text)
    USART3_IRQHandler                        0x0800038f   Thumb Code     0  startup_stm32f10x_md.o(.text)
    USBWakeUp_IRQHandler                     0x0800038f   Thumb Code     0  startup_stm32f10x_md.o(.text)
    USB_HP_CAN1_TX_IRQHandler                0x0800038f   Thumb Code     0  startup_stm32f10x_md.o(.text)
    USB_LP_CAN1_RX0_IRQHandler               0x0800038f   Thumb Code     0  startup_stm32f10x_md.o(.text)
    WWDG_IRQHandler                          0x0800038f   Thumb Code     0  startup_stm32f10x_md.o(.text)
    __user_initial_stackheap                 0x08000391   Thumb Code     0  startup_stm32f10x_md.o(.text)
    delay_ms                                 0x080003b5   Thumb Code    34  delay.o(.text)
    delay_us                                 0x080003d7   Thumb Code    24  delay.o(.text)
    LedSet                                   0x080003f1   Thumb Code   138  led.o(.text)
    LedInit                                  0x0800047b   Thumb Code   164  led.o(.text)
    TIM4_IRQHandler                          0x08000539   Thumb Code   128  tim.o(.text)
    TIM3_IRQHandler                          0x080005b9   Thumb Code    96  tim.o(.text)
    TIM4_Init                                0x08000619   Thumb Code    86  tim.o(.text)
    TIM3_Init                                0x0800066f   Thumb Code    86  tim.o(.text)
    TimerNVIC_Configuration                  0x080006c5   Thumb Code    68  tim.o(.text)
    STMFLASH_Unlock                          0x080007e5   Thumb Code    20  stmflash.o(.text)
    STMFLASH_Lock                            0x080007f9   Thumb Code    14  stmflash.o(.text)
    STMFLASH_GetStatus                       0x08000807   Thumb Code    38  stmflash.o(.text)
    STMFLASH_WaitDone                        0x0800082d   Thumb Code    42  stmflash.o(.text)
    STMFLASH_ErasePage                       0x08000857   Thumb Code    72  stmflash.o(.text)
    STMFLASH_WriteHalfWord                   0x0800089f   Thumb Code    58  stmflash.o(.text)
    STMFLASH_ReadHalfWord                    0x080008d9   Thumb Code     6  stmflash.o(.text)
    STMFLASH_Write_NoCheck                   0x080008df   Thumb Code    38  stmflash.o(.text)
    STMFLASH_Read                            0x08000905   Thumb Code    34  stmflash.o(.text)
    STMFLASH_Write                           0x08000927   Thumb Code   222  stmflash.o(.text)
    Test_Write                               0x08000a05   Thumb Code    16  stmflash.o(.text)
    _sys_exit                                0x08000a45   Thumb Code     6  uart1.o(.text)
    fputc                                    0x08000a4b   Thumb Code    24  uart1.o(.text)
    UART1NVIC_Configuration                  0x08000a63   Thumb Code    34  uart1.o(.text)
    UART1_init                               0x08000a85   Thumb Code   254  uart1.o(.text)
    UartBuf_WD                               0x08000b83   Thumb Code    18  uart1.o(.text)
    UART1_Put_Char                           0x08000b95   Thumb Code    26  uart1.o(.text)
    UartBuf_RD                               0x08000baf   Thumb Code    20  uart1.o(.text)
    UartBuf_Cnt                              0x08000bc3   Thumb Code    14  uart1.o(.text)
    UartBufClear                             0x08000bd1   Thumb Code     6  uart1.o(.text)
    UartSendBuffer                           0x08000bd7   Thumb Code    42  uart1.o(.text)
    USART1_IRQHandler                        0x08000c01   Thumb Code    96  uart1.o(.text)
    Adc_Init                                 0x08000cc1   Thumb Code   332  adc.o(.text)
    Get_Adc                                  0x08000e0d   Thumb Code    68  adc.o(.text)
    Get_Adc_Average                          0x08000e51   Thumb Code    36  adc.o(.text)
    Get_Temp                                 0x08000e75   Thumb Code   140  adc.o(.text)
    KeyInit                                  0x08000f31   Thumb Code   292  key.o(.text)
    EXTI1_IRQHandler                         0x08001055   Thumb Code    34  key.o(.text)
    EXTI3_IRQHandler                         0x08001077   Thumb Code    30  key.o(.text)
    EXTI9_5_IRQHandler                       0x08001095   Thumb Code    44  key.o(.text)
    SPI1_INIT                                0x08001111   Thumb Code   196  spi.o(.text)
    SPI_RW                                   0x080011d5   Thumb Code    50  spi.o(.text)
    NRF24_readRegister                       0x0800122d   Thumb Code    44  nrf24.o(.text)
    NRF24_readMultRegister                   0x08001259   Thumb Code    58  nrf24.o(.text)
    NRF24_writeRegister                      0x08001293   Thumb Code    44  nrf24.o(.text)
    NRF24_writeMultRegister                  0x080012bf   Thumb Code    66  nrf24.o(.text)
    NRF24_sendCMD                            0x08001301   Thumb Code    32  nrf24.o(.text)
    NRF24_write_payload                      0x08001321   Thumb Code   122  nrf24.o(.text)
    NRF24_read_payload                       0x0800139b   Thumb Code   122  nrf24.o(.text)
    NRF24_RandTXAddr                         0x08001415   Thumb Code    18  nrf24.o(.text)
    NRF24_init                               0x08001427   Thumb Code    46  nrf24.o(.text)
    NRF24_turnOnRadio                        0x08001455   Thumb Code    34  nrf24.o(.text)
    NRF24_flushTXBuffer                      0x08001477   Thumb Code    10  nrf24.o(.text)
    NRF24_flushRXBuffer                      0x08001481   Thumb Code    10  nrf24.o(.text)
    NRF24_getDataRate                        0x0800148b   Thumb Code    32  nrf24.o(.text)
    NRF24_getChannel                         0x080014ab   Thumb Code    10  nrf24.o(.text)
    NRF24_setDataRate                        0x080014b5   Thumb Code    86  nrf24.o(.text)
    NRF24_setPAPower                         0x0800150b   Thumb Code    44  nrf24.o(.text)
    NRF24_setCRCLength                       0x08001537   Thumb Code    40  nrf24.o(.text)
    NRF24_config                             0x0800155f   Thumb Code   316  nrf24.o(.text)
    NRF24_setAutoAck                         0x0800169b   Thumb Code    48  nrf24.o(.text)
    NRF24_available                          0x080016cb   Thumb Code    18  nrf24.o(.text)
    NRF24_getStatus                          0x080016dd   Thumb Code    10  nrf24.o(.text)
    NRF24_pipeAvailable                      0x080016e7   Thumb Code    12  nrf24.o(.text)
    NRF24_turnOffRadio                       0x080016f3   Thumb Code    32  nrf24.o(.text)
    NRF24_maskIRQ                            0x08001713   Thumb Code    42  nrf24.o(.text)
    NRF24_getDynamicPayloadLength            0x0800173d   Thumb Code    34  nrf24.o(.text)
    NRF24_getCRCLength                       0x0800175f   Thumb Code    46  nrf24.o(.text)
    NRF24_checkRPD                           0x0800178d   Thumb Code    14  nrf24.o(.text)
    NRF24_reUseTX                            0x0800179b   Thumb Code    38  nrf24.o(.text)
    NRF24_getPAPower                         0x080017c1   Thumb Code    14  nrf24.o(.text)
    NRF24_enableAckPayload                   0x080017cf   Thumb Code    46  nrf24.o(.text)
    NRF24_enableDynamicAck                   0x080017fd   Thumb Code    22  nrf24.o(.text)
    NRF24_whatHappened                       0x08001813   Thumb Code    76  nrf24.o(.text)
    NRF24_startTransmitter                   0x0800185f   Thumb Code   104  nrf24.o(.text)
    NRF24_closeReadingPipe                   0x080018c7   Thumb Code    28  nrf24.o(.text)
    NRF24_startReceiver                      0x080018e3   Thumb Code   134  nrf24.o(.text)
    NRF24_openWritingPipe                    0x08001969   Thumb Code    28  nrf24.o(.text)
    NRF24_reopenWritingPipe                  0x08001985   Thumb Code    16  nrf24.o(.text)
    NRF24_openReadingPipe                    0x08001995   Thumb Code   130  nrf24.o(.text)
    NRF24_read                               0x08001a17   Thumb Code    24  nrf24.o(.text)
    NRF24_writeAckPayload                    0x08001a2f   Thumb Code    76  nrf24.o(.text)
    NRF24_directWrite                        0x08001a7b   Thumb Code    46  nrf24.o(.text)
    NRF24_write                              0x08001aa9   Thumb Code   178  nrf24.o(.text)
    NRF24_safeWrite                          0x08001b5b   Thumb Code   234  nrf24.o(.text)
    NRF24_TXStandby                          0x08001c45   Thumb Code   122  nrf24.o(.text)
    NRF24_RXMatch                            0x08001cbf   Thumb Code   182  nrf24.o(.text)
    main                                     0x08001d79   Thumb Code   376  main.o(.text)
    NMI_Handler                              0x08001f19   Thumb Code     2  stm32f10x_it.o(.text)
    HardFault_Handler                        0x08001f1b   Thumb Code     4  stm32f10x_it.o(.text)
    MemManage_Handler                        0x08001f1f   Thumb Code     4  stm32f10x_it.o(.text)
    BusFault_Handler                         0x08001f23   Thumb Code     4  stm32f10x_it.o(.text)
    UsageFault_Handler                       0x08001f27   Thumb Code     4  stm32f10x_it.o(.text)
    SVC_Handler                              0x08001f2b   Thumb Code     2  stm32f10x_it.o(.text)
    DebugMon_Handler                         0x08001f2d   Thumb Code     2  stm32f10x_it.o(.text)
    PendSV_Handler                           0x08001f2f   Thumb Code     2  stm32f10x_it.o(.text)
    cycleCounterInit                         0x08001f31   Thumb Code    26  stm32f10x_it.o(.text)
    SysTick_Handler                          0x08001f4b   Thumb Code    12  stm32f10x_it.o(.text)
    micros                                   0x08001f57   Thumb Code    58  stm32f10x_it.o(.text)
    DelayMs                                  0x08001f91   Thumb Code    34  stm32f10x_it.o(.text)
    millis                                   0x08001fb3   Thumb Code     6  stm32f10x_it.o(.text)
    NVIC_INIT                                0x08001fc5   Thumb Code    12  sys_fun.o(.text)
    MYRCC_DeInit                             0x08001fd1   Thumb Code    78  sys_fun.o(.text)
    SystemClock_HSI                          0x0800201f   Thumb Code   114  sys_fun.o(.text)
    SystemClock_HSE                          0x08002091   Thumb Code   148  sys_fun.o(.text)
    TableResetDefault                        0x08002153   Thumb Code    14  configtable.o(.text)
    TableReadEEPROM                          0x08002161   Thumb Code    16  configtable.o(.text)
    TableWriteEEPROM                         0x08002171   Thumb Code    16  configtable.o(.text)
    TableToParam                             0x08002181   Thumb Code    52  configtable.o(.text)
    ParamToTable                             0x080021b5   Thumb Code    46  configtable.o(.text)
    ParamSetDefault                          0x080021e3   Thumb Code    32  configtable.o(.text)
    LoadParamsFromEEPROM                     0x08002203   Thumb Code    38  configtable.o(.text)
    SaveParamsToEEPROM                       0x08002229   Thumb Code    12  configtable.o(.text)
    NVIC_PriorityGroupConfig                 0x08002255   Thumb Code    10  misc.o(.text)
    NVIC_Init                                0x0800225f   Thumb Code   100  misc.o(.text)
    NVIC_SetVectorTable                      0x080022c3   Thumb Code    14  misc.o(.text)
    NVIC_SystemLPConfig                      0x080022d1   Thumb Code    34  misc.o(.text)
    SysTick_CLKSourceConfig                  0x080022f3   Thumb Code    40  misc.o(.text)
    GPIO_DeInit                              0x08002331   Thumb Code   172  stm32f10x_gpio.o(.text)
    GPIO_AFIODeInit                          0x080023dd   Thumb Code    20  stm32f10x_gpio.o(.text)
    GPIO_Init                                0x080023f1   Thumb Code   278  stm32f10x_gpio.o(.text)
    GPIO_StructInit                          0x08002507   Thumb Code    16  stm32f10x_gpio.o(.text)
    GPIO_ReadInputDataBit                    0x08002517   Thumb Code    18  stm32f10x_gpio.o(.text)
    GPIO_ReadInputData                       0x08002529   Thumb Code     8  stm32f10x_gpio.o(.text)
    GPIO_ReadOutputDataBit                   0x08002531   Thumb Code    18  stm32f10x_gpio.o(.text)
    GPIO_ReadOutputData                      0x08002543   Thumb Code     8  stm32f10x_gpio.o(.text)
    GPIO_SetBits                             0x0800254b   Thumb Code     4  stm32f10x_gpio.o(.text)
    GPIO_ResetBits                           0x0800254f   Thumb Code     4  stm32f10x_gpio.o(.text)
    GPIO_WriteBit                            0x08002553   Thumb Code    10  stm32f10x_gpio.o(.text)
    GPIO_Write                               0x0800255d   Thumb Code     4  stm32f10x_gpio.o(.text)
    GPIO_PinLockConfig                       0x08002561   Thumb Code    18  stm32f10x_gpio.o(.text)
    GPIO_EventOutputConfig                   0x08002573   Thumb Code    26  stm32f10x_gpio.o(.text)
    GPIO_EventOutputCmd                      0x0800258d   Thumb Code     6  stm32f10x_gpio.o(.text)
    GPIO_PinRemapConfig                      0x08002593   Thumb Code   138  stm32f10x_gpio.o(.text)
    GPIO_EXTILineConfig                      0x0800261d   Thumb Code    66  stm32f10x_gpio.o(.text)
    GPIO_ETH_MediaInterfaceConfig            0x0800265f   Thumb Code     8  stm32f10x_gpio.o(.text)
    RCC_DeInit                               0x0800268d   Thumb Code    64  stm32f10x_rcc.o(.text)
    RCC_HSEConfig                            0x080026cd   Thumb Code    70  stm32f10x_rcc.o(.text)
    RCC_GetFlagStatus                        0x08002713   Thumb Code    56  stm32f10x_rcc.o(.text)
    RCC_WaitForHSEStartUp                    0x0800274b   Thumb Code    56  stm32f10x_rcc.o(.text)
    RCC_AdjustHSICalibrationValue            0x08002783   Thumb Code    20  stm32f10x_rcc.o(.text)
    RCC_HSICmd                               0x08002797   Thumb Code     6  stm32f10x_rcc.o(.text)
    RCC_PLLConfig                            0x0800279d   Thumb Code    24  stm32f10x_rcc.o(.text)
    RCC_PLLCmd                               0x080027b5   Thumb Code     6  stm32f10x_rcc.o(.text)
    RCC_SYSCLKConfig                         0x080027bb   Thumb Code    18  stm32f10x_rcc.o(.text)
    RCC_GetSYSCLKSource                      0x080027cd   Thumb Code    10  stm32f10x_rcc.o(.text)
    RCC_HCLKConfig                           0x080027d7   Thumb Code    18  stm32f10x_rcc.o(.text)
    RCC_PCLK1Config                          0x080027e9   Thumb Code    18  stm32f10x_rcc.o(.text)
    RCC_PCLK2Config                          0x080027fb   Thumb Code    20  stm32f10x_rcc.o(.text)
    RCC_ITConfig                             0x0800280f   Thumb Code    26  stm32f10x_rcc.o(.text)
    RCC_USBCLKConfig                         0x08002829   Thumb Code     8  stm32f10x_rcc.o(.text)
    RCC_ADCCLKConfig                         0x08002831   Thumb Code    18  stm32f10x_rcc.o(.text)
    RCC_LSEConfig                            0x08002843   Thumb Code    50  stm32f10x_rcc.o(.text)
    RCC_LSICmd                               0x08002875   Thumb Code     6  stm32f10x_rcc.o(.text)
    RCC_RTCCLKConfig                         0x0800287b   Thumb Code    12  stm32f10x_rcc.o(.text)
    RCC_RTCCLKCmd                            0x08002887   Thumb Code     8  stm32f10x_rcc.o(.text)
    RCC_GetClocksFreq                        0x0800288f   Thumb Code   192  stm32f10x_rcc.o(.text)
    RCC_AHBPeriphClockCmd                    0x0800294f   Thumb Code    26  stm32f10x_rcc.o(.text)
    RCC_APB2PeriphClockCmd                   0x08002969   Thumb Code    26  stm32f10x_rcc.o(.text)
    RCC_APB1PeriphClockCmd                   0x08002983   Thumb Code    26  stm32f10x_rcc.o(.text)
    RCC_APB2PeriphResetCmd                   0x0800299d   Thumb Code    26  stm32f10x_rcc.o(.text)
    RCC_APB1PeriphResetCmd                   0x080029b7   Thumb Code    26  stm32f10x_rcc.o(.text)
    RCC_BackupResetCmd                       0x080029d1   Thumb Code     8  stm32f10x_rcc.o(.text)
    RCC_ClockSecuritySystemCmd               0x080029d9   Thumb Code     6  stm32f10x_rcc.o(.text)
    RCC_MCOConfig                            0x080029df   Thumb Code     6  stm32f10x_rcc.o(.text)
    RCC_ClearFlag                            0x080029e5   Thumb Code    14  stm32f10x_rcc.o(.text)
    RCC_GetITStatus                          0x080029f3   Thumb Code    20  stm32f10x_rcc.o(.text)
    RCC_ClearITPendingBit                    0x08002a07   Thumb Code     6  stm32f10x_rcc.o(.text)
    TIM_DeInit                               0x08002a31   Thumb Code   424  stm32f10x_tim.o(.text)
    TIM_TimeBaseInit                         0x08002bd9   Thumb Code   122  stm32f10x_tim.o(.text)
    TIM_OC1Init                              0x08002c53   Thumb Code   132  stm32f10x_tim.o(.text)
    TIM_OC2Init                              0x08002cd7   Thumb Code   154  stm32f10x_tim.o(.text)
    TIM_OC3Init                              0x08002d71   Thumb Code   150  stm32f10x_tim.o(.text)
    TIM_OC4Init                              0x08002e07   Thumb Code   182  stm32f10x_tim.o(.text)
    TIM_SetIC4Prescaler                      0x08002ebd   Thumb Code    26  stm32f10x_tim.o(.text)
    TIM_SetIC3Prescaler                      0x08002f59   Thumb Code    18  stm32f10x_tim.o(.text)
    TIM_SetIC2Prescaler                      0x08002fe5   Thumb Code    26  stm32f10x_tim.o(.text)
    TIM_SetIC1Prescaler                      0x08003081   Thumb Code    18  stm32f10x_tim.o(.text)
    TIM_ICInit                               0x080030ff   Thumb Code   150  stm32f10x_tim.o(.text)
    TIM_PWMIConfig                           0x08003195   Thumb Code   124  stm32f10x_tim.o(.text)
    TIM_BDTRConfig                           0x08003211   Thumb Code    32  stm32f10x_tim.o(.text)
    TIM_TimeBaseStructInit                   0x08003231   Thumb Code    18  stm32f10x_tim.o(.text)
    TIM_OCStructInit                         0x08003243   Thumb Code    20  stm32f10x_tim.o(.text)
    TIM_ICStructInit                         0x08003257   Thumb Code    18  stm32f10x_tim.o(.text)
    TIM_BDTRStructInit                       0x08003269   Thumb Code    40  stm32f10x_tim.o(.text)
    TIM_Cmd                                  0x08003291   Thumb Code    24  stm32f10x_tim.o(.text)
    TIM_CtrlPWMOutputs                       0x080032a9   Thumb Code    30  stm32f10x_tim.o(.text)
    TIM_ITConfig                             0x080032c7   Thumb Code    18  stm32f10x_tim.o(.text)
    TIM_GenerateEvent                        0x080032d9   Thumb Code     4  stm32f10x_tim.o(.text)
    TIM_DMAConfig                            0x080032dd   Thumb Code    10  stm32f10x_tim.o(.text)
    TIM_DMACmd                               0x080032e7   Thumb Code    18  stm32f10x_tim.o(.text)
    TIM_InternalClockConfig                  0x080032f9   Thumb Code    12  stm32f10x_tim.o(.text)
    TIM_SelectInputTrigger                   0x08003305   Thumb Code    18  stm32f10x_tim.o(.text)
    TIM_ITRxExternalClockConfig              0x08003317   Thumb Code    24  stm32f10x_tim.o(.text)
    TIM_TIxExternalClockConfig               0x0800332f   Thumb Code    62  stm32f10x_tim.o(.text)
    TIM_ETRConfig                            0x0800336d   Thumb Code    28  stm32f10x_tim.o(.text)
    TIM_ETRClockMode1Config                  0x08003389   Thumb Code    54  stm32f10x_tim.o(.text)
    TIM_ETRClockMode2Config                  0x080033bf   Thumb Code    32  stm32f10x_tim.o(.text)
    TIM_PrescalerConfig                      0x080033df   Thumb Code     6  stm32f10x_tim.o(.text)
    TIM_CounterModeConfig                    0x080033e5   Thumb Code    18  stm32f10x_tim.o(.text)
    TIM_EncoderInterfaceConfig               0x080033f7   Thumb Code    66  stm32f10x_tim.o(.text)
    TIM_ForcedOC1Config                      0x08003439   Thumb Code    18  stm32f10x_tim.o(.text)
    TIM_ForcedOC2Config                      0x0800344b   Thumb Code    26  stm32f10x_tim.o(.text)
    TIM_ForcedOC3Config                      0x08003465   Thumb Code    18  stm32f10x_tim.o(.text)
    TIM_ForcedOC4Config                      0x08003477   Thumb Code    26  stm32f10x_tim.o(.text)
    TIM_ARRPreloadConfig                     0x08003491   Thumb Code    24  stm32f10x_tim.o(.text)
    TIM_SelectCOM                            0x080034a9   Thumb Code    24  stm32f10x_tim.o(.text)
    TIM_SelectCCDMA                          0x080034c1   Thumb Code    24  stm32f10x_tim.o(.text)
    TIM_CCPreloadControl                     0x080034d9   Thumb Code    24  stm32f10x_tim.o(.text)
    TIM_OC1PreloadConfig                     0x080034f1   Thumb Code    18  stm32f10x_tim.o(.text)
    TIM_OC2PreloadConfig                     0x08003503   Thumb Code    26  stm32f10x_tim.o(.text)
    TIM_OC3PreloadConfig                     0x0800351d   Thumb Code    18  stm32f10x_tim.o(.text)
    TIM_OC4PreloadConfig                     0x0800352f   Thumb Code    26  stm32f10x_tim.o(.text)
    TIM_OC1FastConfig                        0x08003549   Thumb Code    18  stm32f10x_tim.o(.text)
    TIM_OC2FastConfig                        0x0800355b   Thumb Code    26  stm32f10x_tim.o(.text)
    TIM_OC3FastConfig                        0x08003575   Thumb Code    18  stm32f10x_tim.o(.text)
    TIM_OC4FastConfig                        0x08003587   Thumb Code    26  stm32f10x_tim.o(.text)
    TIM_ClearOC1Ref                          0x080035a1   Thumb Code    18  stm32f10x_tim.o(.text)
    TIM_ClearOC2Ref                          0x080035b3   Thumb Code    24  stm32f10x_tim.o(.text)
    TIM_ClearOC3Ref                          0x080035cb   Thumb Code    18  stm32f10x_tim.o(.text)
    TIM_ClearOC4Ref                          0x080035dd   Thumb Code    24  stm32f10x_tim.o(.text)
    TIM_OC1PolarityConfig                    0x080035f5   Thumb Code    18  stm32f10x_tim.o(.text)
    TIM_OC1NPolarityConfig                   0x08003607   Thumb Code    18  stm32f10x_tim.o(.text)
    TIM_OC2PolarityConfig                    0x08003619   Thumb Code    26  stm32f10x_tim.o(.text)
    TIM_OC2NPolarityConfig                   0x08003633   Thumb Code    26  stm32f10x_tim.o(.text)
    TIM_OC3PolarityConfig                    0x0800364d   Thumb Code    26  stm32f10x_tim.o(.text)
    TIM_OC3NPolarityConfig                   0x08003667   Thumb Code    26  stm32f10x_tim.o(.text)
    TIM_OC4PolarityConfig                    0x08003681   Thumb Code    26  stm32f10x_tim.o(.text)
    TIM_CCxCmd                               0x0800369b   Thumb Code    30  stm32f10x_tim.o(.text)
    TIM_CCxNCmd                              0x080036b9   Thumb Code    30  stm32f10x_tim.o(.text)
    TIM_SelectOCxM                           0x080036d7   Thumb Code    82  stm32f10x_tim.o(.text)
    TIM_UpdateDisableConfig                  0x08003729   Thumb Code    24  stm32f10x_tim.o(.text)
    TIM_UpdateRequestConfig                  0x08003741   Thumb Code    24  stm32f10x_tim.o(.text)
    TIM_SelectHallSensor                     0x08003759   Thumb Code    24  stm32f10x_tim.o(.text)
    TIM_SelectOnePulseMode                   0x08003771   Thumb Code    18  stm32f10x_tim.o(.text)
    TIM_SelectOutputTrigger                  0x08003783   Thumb Code    18  stm32f10x_tim.o(.text)
    TIM_SelectSlaveMode                      0x08003795   Thumb Code    18  stm32f10x_tim.o(.text)
    TIM_SelectMasterSlaveMode                0x080037a7   Thumb Code    18  stm32f10x_tim.o(.text)
    TIM_SetCounter                           0x080037b9   Thumb Code     4  stm32f10x_tim.o(.text)
    TIM_SetAutoreload                        0x080037bd   Thumb Code     4  stm32f10x_tim.o(.text)
    TIM_SetCompare1                          0x080037c1   Thumb Code     4  stm32f10x_tim.o(.text)
    TIM_SetCompare2                          0x080037c5   Thumb Code     4  stm32f10x_tim.o(.text)
    TIM_SetCompare3                          0x080037c9   Thumb Code     4  stm32f10x_tim.o(.text)
    TIM_SetCompare4                          0x080037cd   Thumb Code     6  stm32f10x_tim.o(.text)
    TIM_SetClockDivision                     0x080037d3   Thumb Code    18  stm32f10x_tim.o(.text)
    TIM_GetCapture1                          0x080037e5   Thumb Code     6  stm32f10x_tim.o(.text)
    TIM_GetCapture2                          0x080037eb   Thumb Code     6  stm32f10x_tim.o(.text)
    TIM_GetCapture3                          0x080037f1   Thumb Code     6  stm32f10x_tim.o(.text)
    TIM_GetCapture4                          0x080037f7   Thumb Code     8  stm32f10x_tim.o(.text)
    TIM_GetCounter                           0x080037ff   Thumb Code     6  stm32f10x_tim.o(.text)
    TIM_GetPrescaler                         0x08003805   Thumb Code     6  stm32f10x_tim.o(.text)
    TIM_GetFlagStatus                        0x0800380b   Thumb Code    18  stm32f10x_tim.o(.text)
    TIM_ClearFlag                            0x0800381d   Thumb Code     6  stm32f10x_tim.o(.text)
    TIM_GetITStatus                          0x08003823   Thumb Code    34  stm32f10x_tim.o(.text)
    TIM_ClearITPendingBit                    0x08003845   Thumb Code     6  stm32f10x_tim.o(.text)
    USART_DeInit                             0x0800384d   Thumb Code   134  stm32f10x_usart.o(.text)
    USART_Init                               0x080038d3   Thumb Code   210  stm32f10x_usart.o(.text)
    USART_StructInit                         0x080039a5   Thumb Code    24  stm32f10x_usart.o(.text)
    USART_ClockInit                          0x080039bd   Thumb Code    34  stm32f10x_usart.o(.text)
    USART_ClockStructInit                    0x080039df   Thumb Code    12  stm32f10x_usart.o(.text)
    USART_Cmd                                0x080039eb   Thumb Code    24  stm32f10x_usart.o(.text)
    USART_ITConfig                           0x08003a03   Thumb Code    74  stm32f10x_usart.o(.text)
    USART_DMACmd                             0x08003a4d   Thumb Code    18  stm32f10x_usart.o(.text)
    USART_SetAddress                         0x08003a5f   Thumb Code    18  stm32f10x_usart.o(.text)
    USART_WakeUpConfig                       0x08003a71   Thumb Code    18  stm32f10x_usart.o(.text)
    USART_ReceiverWakeUpCmd                  0x08003a83   Thumb Code    24  stm32f10x_usart.o(.text)
    USART_LINBreakDetectLengthConfig         0x08003a9b   Thumb Code    18  stm32f10x_usart.o(.text)
    USART_LINCmd                             0x08003aad   Thumb Code    24  stm32f10x_usart.o(.text)
    USART_SendData                           0x08003ac5   Thumb Code     8  stm32f10x_usart.o(.text)
    USART_ReceiveData                        0x08003acd   Thumb Code    10  stm32f10x_usart.o(.text)
    USART_SendBreak                          0x08003ad7   Thumb Code    10  stm32f10x_usart.o(.text)
    USART_SetGuardTime                       0x08003ae1   Thumb Code    16  stm32f10x_usart.o(.text)
    USART_SetPrescaler                       0x08003af1   Thumb Code    16  stm32f10x_usart.o(.text)
    USART_SmartCardCmd                       0x08003b01   Thumb Code    24  stm32f10x_usart.o(.text)
    USART_SmartCardNACKCmd                   0x08003b19   Thumb Code    24  stm32f10x_usart.o(.text)
    USART_HalfDuplexCmd                      0x08003b31   Thumb Code    24  stm32f10x_usart.o(.text)
    USART_OverSampling8Cmd                   0x08003b49   Thumb Code    22  stm32f10x_usart.o(.text)
    USART_OneBitMethodCmd                    0x08003b5f   Thumb Code    24  stm32f10x_usart.o(.text)
    USART_IrDAConfig                         0x08003b77   Thumb Code    18  stm32f10x_usart.o(.text)
    USART_IrDACmd                            0x08003b89   Thumb Code    24  stm32f10x_usart.o(.text)
    USART_GetFlagStatus                      0x08003ba1   Thumb Code    26  stm32f10x_usart.o(.text)
    USART_ClearFlag                          0x08003bbb   Thumb Code    18  stm32f10x_usart.o(.text)
    USART_GetITStatus                        0x08003bcd   Thumb Code    84  stm32f10x_usart.o(.text)
    USART_ClearITPendingBit                  0x08003c21   Thumb Code    52  stm32f10x_usart.o(.text)
    SPI_I2S_DeInit                           0x08003c55   Thumb Code    76  stm32f10x_spi.o(.text)
    SPI_Init                                 0x08003ca1   Thumb Code    60  stm32f10x_spi.o(.text)
    I2S_Init                                 0x08003cdd   Thumb Code   226  stm32f10x_spi.o(.text)
    SPI_StructInit                           0x08003dbf   Thumb Code    24  stm32f10x_spi.o(.text)
    I2S_StructInit                           0x08003dd7   Thumb Code    20  stm32f10x_spi.o(.text)
    SPI_Cmd                                  0x08003deb   Thumb Code    24  stm32f10x_spi.o(.text)
    I2S_Cmd                                  0x08003e03   Thumb Code    24  stm32f10x_spi.o(.text)
    SPI_I2S_ITConfig                         0x08003e1b   Thumb Code    32  stm32f10x_spi.o(.text)
    SPI_I2S_DMACmd                           0x08003e3b   Thumb Code    18  stm32f10x_spi.o(.text)
    SPI_I2S_SendData                         0x08003e4d   Thumb Code     4  stm32f10x_spi.o(.text)
    SPI_I2S_ReceiveData                      0x08003e51   Thumb Code     6  stm32f10x_spi.o(.text)
    SPI_NSSInternalSoftwareConfig            0x08003e57   Thumb Code    30  stm32f10x_spi.o(.text)
    SPI_SSOutputCmd                          0x08003e75   Thumb Code    24  stm32f10x_spi.o(.text)
    SPI_DataSizeConfig                       0x08003e8d   Thumb Code    18  stm32f10x_spi.o(.text)
    SPI_TransmitCRC                          0x08003e9f   Thumb Code    10  stm32f10x_spi.o(.text)
    SPI_CalculateCRC                         0x08003ea9   Thumb Code    24  stm32f10x_spi.o(.text)
    SPI_GetCRC                               0x08003ec1   Thumb Code    16  stm32f10x_spi.o(.text)
    SPI_GetCRCPolynomial                     0x08003ed1   Thumb Code     6  stm32f10x_spi.o(.text)
    SPI_BiDirectionalLineConfig              0x08003ed7   Thumb Code    28  stm32f10x_spi.o(.text)
    SPI_I2S_GetFlagStatus                    0x08003ef3   Thumb Code    18  stm32f10x_spi.o(.text)
    SPI_I2S_ClearFlag                        0x08003f05   Thumb Code     6  stm32f10x_spi.o(.text)
    SPI_I2S_GetITStatus                      0x08003f0b   Thumb Code    52  stm32f10x_spi.o(.text)
    SPI_I2S_ClearITPendingBit                0x08003f3f   Thumb Code    20  stm32f10x_spi.o(.text)
    EXTI_DeInit                              0x08003f61   Thumb Code    28  stm32f10x_exti.o(.text)
    EXTI_Init                                0x08003f7d   Thumb Code   142  stm32f10x_exti.o(.text)
    EXTI_StructInit                          0x0800400b   Thumb Code    16  stm32f10x_exti.o(.text)
    EXTI_GenerateSWInterrupt                 0x0800401b   Thumb Code    16  stm32f10x_exti.o(.text)
    EXTI_GetFlagStatus                       0x0800402b   Thumb Code    22  stm32f10x_exti.o(.text)
    EXTI_ClearFlag                           0x08004041   Thumb Code     8  stm32f10x_exti.o(.text)
    EXTI_GetITStatus                         0x08004049   Thumb Code    34  stm32f10x_exti.o(.text)
    EXTI_ClearITPendingBit                   0x0800406b   Thumb Code     8  stm32f10x_exti.o(.text)
    LoadRCdata                               0x0800407d   Thumb Code   418  control.o(.text)
    controlClibra                            0x0800421f   Thumb Code   456  control.o(.text)
    KeyLockcrazepony                         0x080043e7   Thumb Code   278  control.o(.text)
    RockerArmDisarmCrazepony                 0x080044fd   Thumb Code   208  control.o(.text)
    IMUcalibrate                             0x080045cd   Thumb Code    32  control.o(.text)
    Remotecalibrate                          0x080045ed   Thumb Code   256  control.o(.text)
    CommUAVUpload                            0x080047d9   Thumb Code   130  commuav.o(.text)
    __use_no_semihosting                     0x08004879   Thumb Code     2  use_no_semi_2.o(.text)
    __aeabi_llsl                             0x0800487b   Thumb Code     0  llshl.o(.text)
    _ll_shift_l                              0x0800487b   Thumb Code    38  llshl.o(.text)
    __2printf                                0x080048a1   Thumb Code    20  noretval__2printf.o(.text)
    __printf                                 0x080048b9   Thumb Code   104  __printf.o(.text)
    _printf_int_dec                          0x08004921   Thumb Code   100  _printf_dec.o(.text)
    _printf_int_hex                          0x08004995   Thumb Code    84  _printf_hex_int.o(.text)
    _printf_longlong_hex                     0x08004995   Thumb Code     0  _printf_hex_int.o(.text)
    __aeabi_memcpy                           0x080049ed   Thumb Code     0  rt_memcpy_v6.o(.text)
    __rt_memcpy                              0x080049ed   Thumb Code   138  rt_memcpy_v6.o(.text)
    _memcpy_lastbytes                        0x08004a53   Thumb Code     0  rt_memcpy_v6.o(.text)
    __use_two_region_memory                  0x08004a77   Thumb Code     2  heapauxi.o(.text)
    __rt_heap_escrow$2region                 0x08004a79   Thumb Code     2  heapauxi.o(.text)
    __rt_heap_expand$2region                 0x08004a7b   Thumb Code     2  heapauxi.o(.text)
    __I$use$semihosting                      0x08004a7d   Thumb Code     0  use_no_semi.o(.text)
    __use_no_semihosting_swi                 0x08004a7d   Thumb Code     2  use_no_semi.o(.text)
    _printf_int_common                       0x08004a7f   Thumb Code   178  _printf_intcommon.o(.text)
    _printf_char_file                        0x08004b31   Thumb Code    32  _printf_char_file.o(.text)
    __aeabi_memcpy4                          0x08004b55   Thumb Code     0  rt_memcpy_w.o(.text)
    __aeabi_memcpy8                          0x08004b55   Thumb Code     0  rt_memcpy_w.o(.text)
    __rt_memcpy_w                            0x08004b55   Thumb Code   100  rt_memcpy_w.o(.text)
    _memcpy_lastbytes_aligned                0x08004b9d   Thumb Code     0  rt_memcpy_w.o(.text)
    _printf_char_common                      0x08004bc3   Thumb Code    32  _printf_char_common.o(.text)
    ferror                                   0x08004be9   Thumb Code     8  ferror.o(.text)
    __user_setup_stackheap                   0x08004bf1   Thumb Code    74  sys_stackheap_outer.o(.text)
    exit                                     0x08004c3b   Thumb Code    12  exit.o(.text)
    __user_libspace                          0x08004c49   Thumb Code     8  libspace.o(.text)
    __user_perproc_libspace                  0x08004c49   Thumb Code     0  libspace.o(.text)
    __user_perthread_libspace                0x08004c49   Thumb Code     0  libspace.o(.text)
    __aeabi_d2f                              0x08004c51   Thumb Code     0  d2f.o(x$fpl$d2f)
    _d2f                                     0x08004c51   Thumb Code    98  d2f.o(x$fpl$d2f)
    __aeabi_dadd                             0x08004cb5   Thumb Code     0  daddsub_clz.o(x$fpl$dadd)
    _dadd                                    0x08004cb5   Thumb Code   332  daddsub_clz.o(x$fpl$dadd)
    __aeabi_ddiv                             0x08004e05   Thumb Code     0  ddiv.o(x$fpl$ddiv)
    _ddiv                                    0x08004e05   Thumb Code   552  ddiv.o(x$fpl$ddiv)
    __aeabi_d2uiz                            0x080050b5   Thumb Code     0  dfixu.o(x$fpl$dfixu)
    _dfixu                                   0x080050b5   Thumb Code    90  dfixu.o(x$fpl$dfixu)
    __aeabi_ui2d                             0x0800510f   Thumb Code     0  dflt_clz.o(x$fpl$dfltu)
    _dfltu                                   0x0800510f   Thumb Code    38  dflt_clz.o(x$fpl$dfltu)
    __aeabi_dmul                             0x08005135   Thumb Code     0  dmul.o(x$fpl$dmul)
    _dmul                                    0x08005135   Thumb Code   332  dmul.o(x$fpl$dmul)
    __fpl_dnaninf                            0x08005289   Thumb Code   156  dnaninf.o(x$fpl$dnaninf)
    __fpl_dretinf                            0x08005325   Thumb Code    12  dretinf.o(x$fpl$dretinf)
    __aeabi_drsub                            0x08005331   Thumb Code     0  daddsub_clz.o(x$fpl$drsb)
    _drsb                                    0x08005331   Thumb Code    22  daddsub_clz.o(x$fpl$drsb)
    __aeabi_dsub                             0x08005349   Thumb Code     0  daddsub_clz.o(x$fpl$dsub)
    _dsub                                    0x08005349   Thumb Code   464  daddsub_clz.o(x$fpl$dsub)
    __aeabi_f2d                              0x0800551d   Thumb Code     0  f2d.o(x$fpl$f2d)
    _f2d                                     0x0800551d   Thumb Code    86  f2d.o(x$fpl$f2d)
    __aeabi_fadd                             0x08005575   Thumb Code     0  faddsub_clz.o(x$fpl$fadd)
    _fadd                                    0x08005575   Thumb Code   196  faddsub_clz.o(x$fpl$fadd)
    __aeabi_fdiv                             0x08005639   Thumb Code     0  fdiv.o(x$fpl$fdiv)
    _fdiv                                    0x08005639   Thumb Code   384  fdiv.o(x$fpl$fdiv)
    __aeabi_f2iz                             0x080057bd   Thumb Code     0  ffix.o(x$fpl$ffix)
    _ffix                                    0x080057bd   Thumb Code    54  ffix.o(x$fpl$ffix)
    __aeabi_f2uiz                            0x080057f5   Thumb Code     0  ffixu.o(x$fpl$ffixu)
    _ffixu                                   0x080057f5   Thumb Code    62  ffixu.o(x$fpl$ffixu)
    __aeabi_ui2f                             0x08005835   Thumb Code     0  fflt_clz.o(x$fpl$ffltu)
    _ffltu                                   0x08005835   Thumb Code    38  fflt_clz.o(x$fpl$ffltu)
    __aeabi_fmul                             0x0800585d   Thumb Code     0  fmul.o(x$fpl$fmul)
    _fmul                                    0x0800585d   Thumb Code   258  fmul.o(x$fpl$fmul)
    __fpl_fnaninf                            0x0800595f   Thumb Code   140  fnaninf.o(x$fpl$fnaninf)
    __fpl_fretinf                            0x080059eb   Thumb Code    10  fretinf.o(x$fpl$fretinf)
    __aeabi_frsub                            0x080059f5   Thumb Code     0  faddsub_clz.o(x$fpl$frsb)
    _frsb                                    0x080059f5   Thumb Code    20  faddsub_clz.o(x$fpl$frsb)
    __aeabi_fsub                             0x08005a09   Thumb Code     0  faddsub_clz.o(x$fpl$fsub)
    _fsub                                    0x08005a09   Thumb Code   234  faddsub_clz.o(x$fpl$fsub)
    __I$use$fp                               0x08005af2   Number         0  usenofp.o(x$fpl$usenofp)
    Region$$Table$$Base                      0x08005b1c   Number         0  anon$$obj.o(Region$$Table)
    Region$$Table$$Limit                     0x08005b3c   Number         0  anon$$obj.o(Region$$Table)
    SystemCoreClock                          0x20000000   Data           4  system_stm32f10x.o(.data)
    AHBPrescTable                            0x20000004   Data          16  system_stm32f10x.o(.data)
    flag10Hzcnt                              0x20000016   Data           2  tim.o(.data)
    flag50Hzcnt                              0x20000018   Data           2  tim.o(.data)
    flag80Hzcnt                              0x2000001a   Data           2  tim.o(.data)
    flag100Hzcnt                             0x2000001c   Data           2  tim.o(.data)
    flag10Hz                                 0x2000001e   Data           2  tim.o(.data)
    flag50Hz                                 0x20000020   Data           2  tim.o(.data)
    flag80Hz                                 0x20000022   Data           2  tim.o(.data)
    flag100Hz                                0x20000024   Data           2  tim.o(.data)
    __stdout                                 0x20000028   Data           4  uart1.o(.data)
    Udatatmp                                 0x2000002c   Data           1  uart1.o(.data)
    NRF24_payload_size                       0x20000030   Data           1  nrf24.o(.data)
    NRF24_dynamic_payloads_enabled           0x20000031   Data           1  nrf24.o(.data)
    NRF24_tx_address                         0x20000032   Data           5  nrf24.o(.data)
    NRF24_rx_0_address                       0x20000037   Data           5  nrf24.o(.data)
    NRF24_addr_width                         0x2000003c   Data           1  nrf24.o(.data)
    NRF24_txRxDelay                          0x20000040   Data           4  nrf24.o(.data)
    sysTickUptime                            0x2000004c   Data           4  stm32f10x_it.o(.data)
    SysClock                                 0x20000050   Data           1  sys_fun.o(.data)
    Throttle                                 0x20000066   Data           2  control.o(.data)
    Roll                                     0x20000068   Data           2  control.o(.data)
    Pitch                                    0x2000006a   Data           2  control.o(.data)
    Yaw                                      0x2000006c   Data           2  control.o(.data)
    Throttle_Calibra                         0x2000006e   Data           2  control.o(.data)
    Pitch_Calibra                            0x20000070   Data           2  control.o(.data)
    Roll_Calibra                             0x20000072   Data           2  control.o(.data)
    Yaw_Calibra                              0x20000074   Data           2  control.o(.data)
    Lockflag                                 0x20000076   Data           1  control.o(.data)
    IMUcalibratflag                          0x20000077   Data           1  control.o(.data)
    ClibraFlag                               0x20000078   Data           1  control.o(.data)
    cnt_arm                                  0x2000007b   Data           1  control.o(.data)
    cnt_disarm                               0x2000007c   Data           1  control.o(.data)
    cnt_rcal                                 0x2000007d   Data           1  control.o(.data)
    sendCnt                                  0x20000082   Data           1  commuav.o(.data)
    checksum                                 0x20000083   Data           1  commuav.o(.data)
    rcData                                   0x20000084   Data           8  commuav.o(.data)
    STMFLASH_BUF                             0x2000008c   Data        1024  stmflash.o(.bss)
    UartTxbuf                                0x2000048c   Data          12  uart1.o(.bss)
    UartRxbuf                                0x20000498   Data          12  uart1.o(.bss)
    rx_buffer                                0x200004a4   Data         128  uart1.o(.bss)
    tx_buffer                                0x20000524   Data         128  uart1.o(.bss)
    table                                    0x200005a4   Data          14  configtable.o(.bss)
    sendBuf                                  0x200005b2   Data          32  commuav.o(.bss)
    __libspace_start                         0x200005d4   Data          96  libspace.o(.bss)
    __temporary_stack_top$libspace           0x20000634   Data           0  libspace.o(.bss)



==============================================================================

Memory Map of the image

  Image Entry point : 0x08000375

  Load Region LR_1 (Base: 0x08000000, Size: 0x00005bc8, Max: 0xffffffff, ABSOLUTE)

    Execution Region ER_RO (Base: 0x08000000, Size: 0x00005b3c, Max: 0xffffffff, ABSOLUTE)

    Base Addr    Size         Type   Attr      Idx    E Section Name        Object

    0x08000000   0x000000ec   Data   RO           89    RESET               startup_stm32f10x_md.o
    0x080000ec   0x00000008   Code   RO          628  * !!!main             c_w.l(__main.o)
    0x080000f4   0x00000034   Code   RO          856    !!!scatter          c_w.l(__scatter.o)
    0x08000128   0x0000001a   Code   RO          858    !!handler_copy      c_w.l(__scatter_copy.o)
    0x08000142   0x00000002   PAD
    0x08000144   0x0000001c   Code   RO          860    !!handler_zi        c_w.l(__scatter_zi.o)
    0x08000160   0x00000000   Code   RO          623    .ARM.Collect$$_printf_percent$$00000000  c_w.l(_printf_percent.o)
    0x08000160   0x00000006   Code   RO          622    .ARM.Collect$$_printf_percent$$00000009  c_w.l(_printf_d.o)
    0x08000166   0x00000006   Code   RO          621    .ARM.Collect$$_printf_percent$$0000000C  c_w.l(_printf_x.o)
    0x0800016c   0x00000004   Code   RO          689    .ARM.Collect$$_printf_percent$$00000017  c_w.l(_printf_percent_end.o)
    0x08000170   0x00000002   Code   RO          733    .ARM.Collect$$libinit$$00000000  c_w.l(libinit.o)
    0x08000172   0x00000000   Code   RO          740    .ARM.Collect$$libinit$$00000002  c_w.l(libinit2.o)
    0x08000172   0x00000000   Code   RO          743    .ARM.Collect$$libinit$$00000008  c_w.l(libinit2.o)
    0x08000172   0x00000000   Code   RO          745    .ARM.Collect$$libinit$$0000000A  c_w.l(libinit2.o)
    0x08000172   0x00000000   Code   RO          747    .ARM.Collect$$libinit$$0000000C  c_w.l(libinit2.o)
    0x08000172   0x00000000   Code   RO          750    .ARM.Collect$$libinit$$0000000F  c_w.l(libinit2.o)
    0x08000172   0x00000000   Code   RO          752    .ARM.Collect$$libinit$$00000011  c_w.l(libinit2.o)
    0x08000172   0x00000000   Code   RO          754    .ARM.Collect$$libinit$$00000013  c_w.l(libinit2.o)
    0x08000172   0x00000000   Code   RO          756    .ARM.Collect$$libinit$$00000015  c_w.l(libinit2.o)
    0x08000172   0x00000000   Code   RO          758    .ARM.Collect$$libinit$$00000017  c_w.l(libinit2.o)
    0x08000172   0x00000000   Code   RO          760    .ARM.Collect$$libinit$$00000019  c_w.l(libinit2.o)
    0x08000172   0x00000000   Code   RO          762    .ARM.Collect$$libinit$$0000001B  c_w.l(libinit2.o)
    0x08000172   0x00000000   Code   RO          764    .ARM.Collect$$libinit$$0000001D  c_w.l(libinit2.o)
    0x08000172   0x00000000   Code   RO          766    .ARM.Collect$$libinit$$0000001F  c_w.l(libinit2.o)
    0x08000172   0x00000000   Code   RO          768    .ARM.Collect$$libinit$$00000021  c_w.l(libinit2.o)
    0x08000172   0x00000000   Code   RO          770    .ARM.Collect$$libinit$$00000023  c_w.l(libinit2.o)
    0x08000172   0x00000000   Code   RO          774    .ARM.Collect$$libinit$$0000002A  c_w.l(libinit2.o)
    0x08000172   0x00000000   Code   RO          776    .ARM.Collect$$libinit$$0000002C  c_w.l(libinit2.o)
    0x08000172   0x00000000   Code   RO          778    .ARM.Collect$$libinit$$0000002E  c_w.l(libinit2.o)
    0x08000172   0x00000000   Code   RO          780    .ARM.Collect$$libinit$$00000030  c_w.l(libinit2.o)
    0x08000172   0x00000002   Code   RO          781    .ARM.Collect$$libinit$$00000031  c_w.l(libinit2.o)
    0x08000174   0x00000002   Code   RO          799    .ARM.Collect$$libshutdown$$00000000  c_w.l(libshutdown.o)
    0x08000176   0x00000000   Code   RO          810    .ARM.Collect$$libshutdown$$00000003  c_w.l(libshutdown2.o)
    0x08000176   0x00000000   Code   RO          813    .ARM.Collect$$libshutdown$$00000006  c_w.l(libshutdown2.o)
    0x08000176   0x00000000   Code   RO          816    .ARM.Collect$$libshutdown$$00000009  c_w.l(libshutdown2.o)
    0x08000176   0x00000000   Code   RO          818    .ARM.Collect$$libshutdown$$0000000B  c_w.l(libshutdown2.o)
    0x08000176   0x00000000   Code   RO          821    .ARM.Collect$$libshutdown$$0000000E  c_w.l(libshutdown2.o)
    0x08000176   0x00000002   Code   RO          822    .ARM.Collect$$libshutdown$$0000000F  c_w.l(libshutdown2.o)
    0x08000178   0x00000000   Code   RO          684    .ARM.Collect$$rtentry$$00000000  c_w.l(rtentry.o)
    0x08000178   0x00000000   Code   RO          702    .ARM.Collect$$rtentry$$00000002  c_w.l(rtentry2.o)
    0x08000178   0x00000006   Code   RO          714    .ARM.Collect$$rtentry$$00000004  c_w.l(rtentry4.o)
    0x0800017e   0x00000000   Code   RO          704    .ARM.Collect$$rtentry$$00000009  c_w.l(rtentry2.o)
    0x0800017e   0x00000004   Code   RO          705    .ARM.Collect$$rtentry$$0000000A  c_w.l(rtentry2.o)
    0x08000182   0x00000000   Code   RO          707    .ARM.Collect$$rtentry$$0000000C  c_w.l(rtentry2.o)
    0x08000182   0x00000008   Code   RO          708    .ARM.Collect$$rtentry$$0000000D  c_w.l(rtentry2.o)
    0x0800018a   0x00000002   Code   RO          737    .ARM.Collect$$rtexit$$00000000  c_w.l(rtexit.o)
    0x0800018c   0x00000000   Code   RO          783    .ARM.Collect$$rtexit$$00000002  c_w.l(rtexit2.o)
    0x0800018c   0x00000004   Code   RO          784    .ARM.Collect$$rtexit$$00000003  c_w.l(rtexit2.o)
    0x08000190   0x00000006   Code   RO          785    .ARM.Collect$$rtexit$$00000004  c_w.l(rtexit2.o)
    0x08000196   0x00000002   PAD
    0x08000198   0x000001dc   Code   RO           17    .text               system_stm32f10x.o
    0x08000374   0x00000040   Code   RO           90  * .text               startup_stm32f10x_md.o
    0x080003b4   0x0000003a   Code   RO           94    .text               delay.o
    0x080003ee   0x00000002   PAD
    0x080003f0   0x00000148   Code   RO          189    .text               led.o
    0x08000538   0x000002ac   Code   RO          202    .text               tim.o
    0x080007e4   0x00000260   Code   RO          220    .text               stmflash.o
    0x08000a44   0x0000027c   Code   RO          235    .text               uart1.o
    0x08000cc0   0x00000270   Code   RO          263    .text               adc.o
    0x08000f30   0x000001e0   Code   RO          275    .text               key.o
    0x08001110   0x0000011c   Code   RO          291    .text               spi.o
    0x0800122c   0x00000b4c   Code   RO          306    .text               nrf24.o
    0x08001d78   0x000001a0   Code   RO          327    .text               main.o
    0x08001f18   0x000000ac   Code   RO          345    .text               stm32f10x_it.o
    0x08001fc4   0x00000174   Code   RO          363    .text               sys_fun.o
    0x08002138   0x0000011c   Code   RO          381    .text               configtable.o
    0x08002254   0x000000dc   Code   RO          401    .text               misc.o
    0x08002330   0x0000035c   Code   RO          413    .text               stm32f10x_gpio.o
    0x0800268c   0x000003a4   Code   RO          425    .text               stm32f10x_rcc.o
    0x08002a30   0x00000e1a   Code   RO          439    .text               stm32f10x_tim.o
    0x0800384a   0x00000002   PAD
    0x0800384c   0x00000408   Code   RO          451    .text               stm32f10x_usart.o
    0x08003c54   0x0000030c   Code   RO          475    .text               stm32f10x_spi.o
    0x08003f60   0x0000011c   Code   RO          502    .text               stm32f10x_exti.o
    0x0800407c   0x0000072c   Code   RO          514    .text               control.o
    0x080047a8   0x000000d0   Code   RO          532    .text               commuav.o
    0x08004878   0x00000002   Code   RO          568    .text               c_w.l(use_no_semi_2.o)
    0x0800487a   0x00000026   Code   RO          570    .text               c_w.l(llshl.o)
    0x080048a0   0x00000018   Code   RO          574    .text               c_w.l(noretval__2printf.o)
    0x080048b8   0x00000068   Code   RO          576    .text               c_w.l(__printf.o)
    0x08004920   0x00000074   Code   RO          578    .text               c_w.l(_printf_dec.o)
    0x08004994   0x00000058   Code   RO          583    .text               c_w.l(_printf_hex_int.o)
    0x080049ec   0x0000008a   Code   RO          624    .text               c_w.l(rt_memcpy_v6.o)
    0x08004a76   0x00000006   Code   RO          626    .text               c_w.l(heapauxi.o)
    0x08004a7c   0x00000002   Code   RO          682    .text               c_w.l(use_no_semi.o)
    0x08004a7e   0x000000b2   Code   RO          685    .text               c_w.l(_printf_intcommon.o)
    0x08004b30   0x00000024   Code   RO          687    .text               c_w.l(_printf_char_file.o)
    0x08004b54   0x00000064   Code   RO          690    .text               c_w.l(rt_memcpy_w.o)
    0x08004bb8   0x00000030   Code   RO          716    .text               c_w.l(_printf_char_common.o)
    0x08004be8   0x00000008   Code   RO          718    .text               c_w.l(ferror.o)
    0x08004bf0   0x0000004a   Code   RO          722    .text               c_w.l(sys_stackheap_outer.o)
    0x08004c3a   0x0000000c   Code   RO          726    .text               c_w.l(exit.o)
    0x08004c46   0x00000002   PAD
    0x08004c48   0x00000008   Code   RO          734    .text               c_w.l(libspace.o)
    0x08004c50   0x00000062   Code   RO          630    x$fpl$d2f           fz_ws.l(d2f.o)
    0x08004cb2   0x00000002   PAD
    0x08004cb4   0x00000150   Code   RO          632    x$fpl$dadd          fz_ws.l(daddsub_clz.o)
    0x08004e04   0x000002b0   Code   RO          639    x$fpl$ddiv          fz_ws.l(ddiv.o)
    0x080050b4   0x0000005a   Code   RO          642    x$fpl$dfixu         fz_ws.l(dfixu.o)
    0x0800510e   0x00000026   Code   RO          646    x$fpl$dfltu         fz_ws.l(dflt_clz.o)
    0x08005134   0x00000154   Code   RO          652    x$fpl$dmul          fz_ws.l(dmul.o)
    0x08005288   0x0000009c   Code   RO          692    x$fpl$dnaninf       fz_ws.l(dnaninf.o)
    0x08005324   0x0000000c   Code   RO          694    x$fpl$dretinf       fz_ws.l(dretinf.o)
    0x08005330   0x00000016   Code   RO          633    x$fpl$drsb          fz_ws.l(daddsub_clz.o)
    0x08005346   0x00000002   PAD
    0x08005348   0x000001d4   Code   RO          634    x$fpl$dsub          fz_ws.l(daddsub_clz.o)
    0x0800551c   0x00000056   Code   RO          654    x$fpl$f2d           fz_ws.l(f2d.o)
    0x08005572   0x00000002   PAD
    0x08005574   0x000000c4   Code   RO          656    x$fpl$fadd          fz_ws.l(faddsub_clz.o)
    0x08005638   0x00000184   Code   RO          663    x$fpl$fdiv          fz_ws.l(fdiv.o)
    0x080057bc   0x00000036   Code   RO          666    x$fpl$ffix          fz_ws.l(ffix.o)
    0x080057f2   0x00000002   PAD
    0x080057f4   0x0000003e   Code   RO          670    x$fpl$ffixu         fz_ws.l(ffixu.o)
    0x08005832   0x00000002   PAD
    0x08005834   0x00000026   Code   RO          674    x$fpl$ffltu         fz_ws.l(fflt_clz.o)
    0x0800585a   0x00000002   PAD
    0x0800585c   0x00000102   Code   RO          680    x$fpl$fmul          fz_ws.l(fmul.o)
    0x0800595e   0x0000008c   Code   RO          696    x$fpl$fnaninf       fz_ws.l(fnaninf.o)
    0x080059ea   0x0000000a   Code   RO          698    x$fpl$fretinf       fz_ws.l(fretinf.o)
    0x080059f4   0x00000014   Code   RO          657    x$fpl$frsb          fz_ws.l(faddsub_clz.o)
    0x08005a08   0x000000ea   Code   RO          658    x$fpl$fsub          fz_ws.l(faddsub_clz.o)
    0x08005af2   0x00000000   Code   RO          700    x$fpl$usenofp       fz_ws.l(usenofp.o)
    0x08005af2   0x00000028   Data   RO          584    .constdata          c_w.l(_printf_hex_int.o)
    0x08005b1a   0x00000002   PAD
    0x08005b1c   0x00000020   Data   RO          854    Region$$Table       anon$$obj.o


    Execution Region ER_RW (Base: 0x20000000, Size: 0x0000008c, Max: 0xffffffff, ABSOLUTE)

    Base Addr    Size         Type   Attr      Idx    E Section Name        Object

    0x20000000   0x00000014   Data   RW           18    .data               system_stm32f10x.o
    0x20000014   0x00000001   Data   RW          190    .data               led.o
    0x20000015   0x00000001   PAD
    0x20000016   0x00000010   Data   RW          203    .data               tim.o
    0x20000026   0x00000002   PAD
    0x20000028   0x00000005   Data   RW          237    .data               uart1.o
    0x2000002d   0x00000003   PAD
    0x20000030   0x00000014   Data   RW          307    .data               nrf24.o
    0x20000044   0x00000002   Data   RW          328    .data               main.o
    0x20000046   0x00000002   PAD
    0x20000048   0x00000008   Data   RW          346    .data               stm32f10x_it.o
    0x20000050   0x00000001   Data   RW          364    .data               sys_fun.o
    0x20000051   0x00000014   Data   RW          426    .data               stm32f10x_rcc.o
    0x20000065   0x00000001   PAD
    0x20000066   0x0000001b   Data   RW          515    .data               control.o
    0x20000081   0x00000001   PAD
    0x20000082   0x0000000a   Data   RW          534    .data               commuav.o


    Execution Region ER_ZI (Base: 0x2000008c, Size: 0x00000bac, Max: 0xffffffff, ABSOLUTE)

    Base Addr    Size         Type   Attr      Idx    E Section Name        Object

    0x2000008c   0x00000400   Zero   RW          221    .bss                stmflash.o
    0x2000048c   0x00000118   Zero   RW          236    .bss                uart1.o
    0x200005a4   0x0000000e   Zero   RW          382    .bss                configtable.o
    0x200005b2   0x00000020   Zero   RW          533    .bss                commuav.o
    0x200005d2   0x00000002   PAD
    0x200005d4   0x00000060   Zero   RW          735    .bss                c_w.l(libspace.o)
    0x20000634   0x00000004   PAD
    0x20000638   0x00000200   Zero   RW           88    HEAP                startup_stm32f10x_md.o
    0x20000838   0x00000400   Zero   RW           87    STACK               startup_stm32f10x_md.o


==============================================================================

Image component sizes


      Code (inc. data)   RO Data    RW Data    ZI Data      Debug   Object Name

       624         48          0          0          0       1344   adc.o
       208         30          0         10         32       1578   commuav.o
       284         32          0          0         14       2404   configtable.o
      1836        276          0         27          0       2704   control.o
         0          0          0          0          0       4304   core_cm3.o
        58          0          0          0          0     206148   delay.o
       480         80          0          0          0       1139   key.o
       328         26          0          1          0        793   led.o
       416         40          0          2          0      15954   main.o
       220         22          0          0          0       1709   misc.o
      2892         64          0         20          0      14199   nrf24.o
       284         38          0          0          0        811   spi.o
        64         26        236          0       1536        792   startup_stm32f10x_md.o
       284         10          0          0          0       2143   stm32f10x_exti.o
       860         38          0          0          0       5557   stm32f10x_gpio.o
       172         12          0          8          0       2509   stm32f10x_it.o
       932         36          0         20          0       8704   stm32f10x_rcc.o
       780         14          0          0          0       6434   stm32f10x_spi.o
      3610         88          0          0          0      22040   stm32f10x_tim.o
      1032         22          0          0          0       8280   stm32f10x_usart.o
       608         48          0          0       1024       3803   stmflash.o
       372         20          0          1          0       1400   sys_fun.o
       476         38          0         20          0      52023   system_stm32f10x.o
       684        220          0         16          0       1894   tim.o
       636         96          0          5        280       5133   uart1.o

    ----------------------------------------------------------------------
     18144       1324        268        140       2888     373799   Object Totals
         0          0         32          0          0          0   (incl. Generated)
         4          0          0         10          2          0   (incl. Padding)

    ----------------------------------------------------------------------

      Code (inc. data)   RO Data    RW Data    ZI Data      Debug   Library Member Name

         8          0          0          0          0         68   __main.o
       104          0          0          0          0         84   __printf.o
        52          8          0          0          0          0   __scatter.o
        26          0          0          0          0          0   __scatter_copy.o
        28          0          0          0          0          0   __scatter_zi.o
        48          6          0          0          0         96   _printf_char_common.o
        36          4          0          0          0         80   _printf_char_file.o
         6          0          0          0          0          0   _printf_d.o
       116         16          0          0          0         92   _printf_dec.o
        88          4         40          0          0         88   _printf_hex_int.o
       178          0          0          0          0         88   _printf_intcommon.o
         0          0          0          0          0          0   _printf_percent.o
         4          0          0          0          0          0   _printf_percent_end.o
         6          0          0          0          0          0   _printf_x.o
        12          0          0          0          0         72   exit.o
         8          0          0          0          0         68   ferror.o
         6          0          0          0          0        152   heapauxi.o
         2          0          0          0          0          0   libinit.o
         2          0          0          0          0          0   libinit2.o
         2          0          0          0          0          0   libshutdown.o
         2          0          0          0          0          0   libshutdown2.o
         8          4          0          0         96         68   libspace.o
        38          0          0          0          0         68   llshl.o
        24          4          0          0          0         84   noretval__2printf.o
       138          0          0          0          0         68   rt_memcpy_v6.o
       100          0          0          0          0         80   rt_memcpy_w.o
         0          0          0          0          0          0   rtentry.o
        12          0          0          0          0          0   rtentry2.o
         6          0          0          0          0          0   rtentry4.o
         2          0          0          0          0          0   rtexit.o
        10          0          0          0          0          0   rtexit2.o
        74          0          0          0          0         80   sys_stackheap_outer.o
         2          0          0          0          0         68   use_no_semi.o
         2          0          0          0          0         68   use_no_semi_2.o
        98          4          0          0          0         92   d2f.o
       826         16          0          0          0        348   daddsub_clz.o
       688        140          0          0          0        208   ddiv.o
        90          4          0          0          0         92   dfixu.o
        38          0          0          0          0         68   dflt_clz.o
       340         12          0          0          0        104   dmul.o
       156          4          0          0          0         92   dnaninf.o
        12          0          0          0          0         68   dretinf.o
        86          4          0          0          0         84   f2d.o
       450          8          0          0          0        236   faddsub_clz.o
       388         76          0          0          0         96   fdiv.o
        54          4          0          0          0         84   ffix.o
        62          4          0          0          0         84   ffixu.o
        38          0          0          0          0         68   fflt_clz.o
       258          4          0          0          0         84   fmul.o
       140          4          0          0          0         84   fnaninf.o
        10          0          0          0          0         68   fretinf.o
         0          0          0          0          0          0   usenofp.o

    ----------------------------------------------------------------------
      4902        330         42          0        100       3432   Library Totals
        18          0          2          0          4          0   (incl. Padding)

    ----------------------------------------------------------------------

      Code (inc. data)   RO Data    RW Data    ZI Data      Debug   Library Name

      1150         46         40          0         96       1472   c_w.l
      3734        284          0          0          0       1960   fz_ws.l

    ----------------------------------------------------------------------
      4902        330         42          0        100       3432   Library Totals

    ----------------------------------------------------------------------

==============================================================================


      Code (inc. data)   RO Data    RW Data    ZI Data      Debug   

     23046       1654        310        140       2988     373171   Grand Totals
     23046       1654        310        140       2988     373171   ELF Image Totals
     23046       1654        310        140          0          0   ROM Totals

==============================================================================

    Total RO  Size (Code + RO Data)                23356 (  22.81kB)
    Total RW  Size (RW Data + ZI Data)              3128 (   3.05kB)
    Total ROM Size (Code + RO Data + RW Data)      23496 (  22.95kB)

==============================================================================

